Archive member included to satisfy reference by file (symbol)

c:/st/stm32cubeide_1.1.0/stm32cubeide/plugins/com.st.stm32cube.ide.mcu.externaltools.gnu-tools-for-stm32.7-2018-q2-update.win32_1.0.0.201904181610/tools/bin/../lib/gcc/arm-none-eabi/7.3.1/../../../../arm-none-eabi/lib/thumb/v7e-m/fpv4-sp/hard\libc_nano.a(lib_a-errno.o)
                              Core/Src/syscalls.o (__errno)
c:/st/stm32cubeide_1.1.0/stm32cubeide/plugins/com.st.stm32cube.ide.mcu.externaltools.gnu-tools-for-stm32.7-2018-q2-update.win32_1.0.0.201904181610/tools/bin/../lib/gcc/arm-none-eabi/7.3.1/../../../../arm-none-eabi/lib/thumb/v7e-m/fpv4-sp/hard\libc_nano.a(lib_a-exit.o)
                              c:/st/stm32cubeide_1.1.0/stm32cubeide/plugins/com.st.stm32cube.ide.mcu.externaltools.gnu-tools-for-stm32.7-2018-q2-update.win32_1.0.0.201904181610/tools/bin/../lib/gcc/arm-none-eabi/7.3.1/../../../../arm-none-eabi/lib/thumb/v7e-m/fpv4-sp/hard/crt0.o (exit)
c:/st/stm32cubeide_1.1.0/stm32cubeide/plugins/com.st.stm32cube.ide.mcu.externaltools.gnu-tools-for-stm32.7-2018-q2-update.win32_1.0.0.201904181610/tools/bin/../lib/gcc/arm-none-eabi/7.3.1/../../../../arm-none-eabi/lib/thumb/v7e-m/fpv4-sp/hard\libc_nano.a(lib_a-impure.o)
                              c:/st/stm32cubeide_1.1.0/stm32cubeide/plugins/com.st.stm32cube.ide.mcu.externaltools.gnu-tools-for-stm32.7-2018-q2-update.win32_1.0.0.201904181610/tools/bin/../lib/gcc/arm-none-eabi/7.3.1/../../../../arm-none-eabi/lib/thumb/v7e-m/fpv4-sp/hard\libc_nano.a(lib_a-exit.o) (_global_impure_ptr)
c:/st/stm32cubeide_1.1.0/stm32cubeide/plugins/com.st.stm32cube.ide.mcu.externaltools.gnu-tools-for-stm32.7-2018-q2-update.win32_1.0.0.201904181610/tools/bin/../lib/gcc/arm-none-eabi/7.3.1/../../../../arm-none-eabi/lib/thumb/v7e-m/fpv4-sp/hard\libc_nano.a(lib_a-init.o)
                              c:/st/stm32cubeide_1.1.0/stm32cubeide/plugins/com.st.stm32cube.ide.mcu.externaltools.gnu-tools-for-stm32.7-2018-q2-update.win32_1.0.0.201904181610/tools/bin/../lib/gcc/arm-none-eabi/7.3.1/../../../../arm-none-eabi/lib/thumb/v7e-m/fpv4-sp/hard/crt0.o (__libc_init_array)
c:/st/stm32cubeide_1.1.0/stm32cubeide/plugins/com.st.stm32cube.ide.mcu.externaltools.gnu-tools-for-stm32.7-2018-q2-update.win32_1.0.0.201904181610/tools/bin/../lib/gcc/arm-none-eabi/7.3.1/../../../../arm-none-eabi/lib/thumb/v7e-m/fpv4-sp/hard\libc_nano.a(lib_a-malloc.o)
                              Middlewares/ST/STM32_USB_Device_Library/Class/CDC/Src/usbd_cdc.o (malloc)
c:/st/stm32cubeide_1.1.0/stm32cubeide/plugins/com.st.stm32cube.ide.mcu.externaltools.gnu-tools-for-stm32.7-2018-q2-update.win32_1.0.0.201904181610/tools/bin/../lib/gcc/arm-none-eabi/7.3.1/../../../../arm-none-eabi/lib/thumb/v7e-m/fpv4-sp/hard\libc_nano.a(lib_a-memset.o)
                              c:/st/stm32cubeide_1.1.0/stm32cubeide/plugins/com.st.stm32cube.ide.mcu.externaltools.gnu-tools-for-stm32.7-2018-q2-update.win32_1.0.0.201904181610/tools/bin/../lib/gcc/arm-none-eabi/7.3.1/../../../../arm-none-eabi/lib/thumb/v7e-m/fpv4-sp/hard/crt0.o (memset)
c:/st/stm32cubeide_1.1.0/stm32cubeide/plugins/com.st.stm32cube.ide.mcu.externaltools.gnu-tools-for-stm32.7-2018-q2-update.win32_1.0.0.201904181610/tools/bin/../lib/gcc/arm-none-eabi/7.3.1/../../../../arm-none-eabi/lib/thumb/v7e-m/fpv4-sp/hard\libc_nano.a(lib_a-nano-freer.o)
                              c:/st/stm32cubeide_1.1.0/stm32cubeide/plugins/com.st.stm32cube.ide.mcu.externaltools.gnu-tools-for-stm32.7-2018-q2-update.win32_1.0.0.201904181610/tools/bin/../lib/gcc/arm-none-eabi/7.3.1/../../../../arm-none-eabi/lib/thumb/v7e-m/fpv4-sp/hard\libc_nano.a(lib_a-malloc.o) (_free_r)
c:/st/stm32cubeide_1.1.0/stm32cubeide/plugins/com.st.stm32cube.ide.mcu.externaltools.gnu-tools-for-stm32.7-2018-q2-update.win32_1.0.0.201904181610/tools/bin/../lib/gcc/arm-none-eabi/7.3.1/../../../../arm-none-eabi/lib/thumb/v7e-m/fpv4-sp/hard\libc_nano.a(lib_a-nano-mallocr.o)
                              c:/st/stm32cubeide_1.1.0/stm32cubeide/plugins/com.st.stm32cube.ide.mcu.externaltools.gnu-tools-for-stm32.7-2018-q2-update.win32_1.0.0.201904181610/tools/bin/../lib/gcc/arm-none-eabi/7.3.1/../../../../arm-none-eabi/lib/thumb/v7e-m/fpv4-sp/hard\libc_nano.a(lib_a-malloc.o) (_malloc_r)
c:/st/stm32cubeide_1.1.0/stm32cubeide/plugins/com.st.stm32cube.ide.mcu.externaltools.gnu-tools-for-stm32.7-2018-q2-update.win32_1.0.0.201904181610/tools/bin/../lib/gcc/arm-none-eabi/7.3.1/../../../../arm-none-eabi/lib/thumb/v7e-m/fpv4-sp/hard\libc_nano.a(lib_a-sbrkr.o)
                              c:/st/stm32cubeide_1.1.0/stm32cubeide/plugins/com.st.stm32cube.ide.mcu.externaltools.gnu-tools-for-stm32.7-2018-q2-update.win32_1.0.0.201904181610/tools/bin/../lib/gcc/arm-none-eabi/7.3.1/../../../../arm-none-eabi/lib/thumb/v7e-m/fpv4-sp/hard\libc_nano.a(lib_a-nano-mallocr.o) (_sbrk_r)
[...]
Memory Configuration

Name             Origin             Length             Attributes
RAM              0x0000000020000000 0x0000000000020000 xrw
FLASH            0x0000000008000000 0x0000000000080000 xr
*default*        0x0000000000000000 0xffffffffffffffff

Linker script and memory map

LOAD c:/st/stm32cubeide_1.1.0/stm32cubeide/plugins/com.st.stm32cube.ide.mcu.externaltools.gnu-tools-for-stm32.7-2018-q2-update.win32_1.0.0.201904181610/tools/bin/../lib/gcc/arm-none-eabi/7.3.1/thumb/v7e-m/fpv4-sp/hard/crti.o
LOAD c:/st/stm32cubeide_1.1.0/stm32cubeide/plugins/com.st.stm32cube.ide.mcu.externaltools.gnu-tools-for-stm32.7-2018-q2-update.win32_1.0.0.201904181610/tools/bin/../lib/gcc/arm-none-eabi/7.3.1/thumb/v7e-m/fpv4-sp/hard/crtbegin.o
LOAD c:/st/stm32cubeide_1.1.0/stm32cubeide/plugins/com.st.stm32cube.ide.mcu.externaltools.gnu-tools-for-stm32.7-2018-q2-update.win32_1.0.0.201904181610/tools/bin/../lib/gcc/arm-none-eabi/7.3.1/../../../../arm-none-eabi/lib/thumb/v7e-m/fpv4-sp/hard/crt0.o
LOAD Core/Src/main.o
LOAD Core/Src/stm32f4xx_hal_msp.o
LOAD Core/Src/stm32f4xx_it.o
LOAD Core/Src/syscalls.o
LOAD Core/Src/sysmem.o
LOAD Core/Src/system_stm32f4xx.o
LOAD Core/Startup/startup_stm32f411vetx.o
LOAD Drivers/STM32F4xx_HAL_Driver/Src/stm32f4xx_hal.o
LOAD Drivers/STM32F4xx_HAL_Driver/Src/stm32f4xx_hal_cortex.o
LOAD Drivers/STM32F4xx_HAL_Driver/Src/stm32f4xx_hal_dma.o
LOAD Drivers/STM32F4xx_HAL_Driver/Src/stm32f4xx_hal_dma_ex.o
LOAD Drivers/STM32F4xx_HAL_Driver/Src/stm32f4xx_hal_exti.o
LOAD Drivers/STM32F4xx_HAL_Driver/Src/stm32f4xx_hal_flash.o
LOAD Drivers/STM32F4xx_HAL_Driver/Src/stm32f4xx_hal_flash_ex.o
LOAD Drivers/STM32F4xx_HAL_Driver/Src/stm32f4xx_hal_flash_ramfunc.o
LOAD Drivers/STM32F4xx_HAL_Driver/Src/stm32f4xx_hal_gpio.o
LOAD Drivers/STM32F4xx_HAL_Driver/Src/stm32f4xx_hal_i2c.o
LOAD Drivers/STM32F4xx_HAL_Driver/Src/stm32f4xx_hal_i2c_ex.o
LOAD Drivers/STM32F4xx_HAL_Driver/Src/stm32f4xx_hal_i2s.o
LOAD Drivers/STM32F4xx_HAL_Driver/Src/stm32f4xx_hal_i2s_ex.o
LOAD Drivers/STM32F4xx_HAL_Driver/Src/stm32f4xx_hal_pcd.o
LOAD Drivers/STM32F4xx_HAL_Driver/Src/stm32f4xx_hal_pcd_ex.o
LOAD Drivers/STM32F4xx_HAL_Driver/Src/stm32f4xx_hal_pwr.o
LOAD Drivers/STM32F4xx_HAL_Driver/Src/stm32f4xx_hal_pwr_ex.o
LOAD Drivers/STM32F4xx_HAL_Driver/Src/stm32f4xx_hal_rcc.o
LOAD Drivers/STM32F4xx_HAL_Driver/Src/stm32f4xx_hal_rcc_ex.o
LOAD Drivers/STM32F4xx_HAL_Driver/Src/stm32f4xx_hal_spi.o
LOAD Drivers/STM32F4xx_HAL_Driver/Src/stm32f4xx_hal_tim.o
LOAD Drivers/STM32F4xx_HAL_Driver/Src/stm32f4xx_hal_tim_ex.o
LOAD Drivers/STM32F4xx_HAL_Driver/Src/stm32f4xx_hal_uart.o
LOAD Drivers/STM32F4xx_HAL_Driver/Src/stm32f4xx_ll_usb.o
LOAD Middlewares/ST/STM32_USB_Device_Library/Class/CDC/Src/usbd_cdc.o
LOAD Middlewares/ST/STM32_USB_Device_Library/Core/Src/usbd_core.o
LOAD Middlewares/ST/STM32_USB_Device_Library/Core/Src/usbd_ctlreq.o
LOAD Middlewares/ST/STM32_USB_Device_Library/Core/Src/usbd_ioreq.o
LOAD USB_DEVICE/App/usb_device.o
LOAD USB_DEVICE/App/usbd_cdc_if.o
LOAD USB_DEVICE/App/usbd_desc.o
LOAD USB_DEVICE/Target/usbd_conf.o
START GROUP
LOAD c:/st/stm32cubeide_1.1.0/stm32cubeide/plugins/com.st.stm32cube.ide.mcu.externaltools.gnu-tools-for-stm32.7-2018-q2-update.win32_1.0.0.201904181610/tools/bin/../lib/gcc/arm-none-eabi/7.3.1/../../../../arm-none-eabi/lib/thumb/v7e-m/fpv4-sp/hard\libc_nano.a
LOAD c:/st/stm32cubeide_1.1.0/stm32cubeide/plugins/com.st.stm32cube.ide.mcu.externaltools.gnu-tools-for-stm32.7-2018-q2-update.win32_1.0.0.201904181610/tools/bin/../lib/gcc/arm-none-eabi/7.3.1/../../../../arm-none-eabi/lib/thumb/v7e-m/fpv4-sp/hard\libm.a
END GROUP
START GROUP
LOAD c:/st/stm32cubeide_1.1.0/stm32cubeide/plugins/com.st.stm32cube.ide.mcu.externaltools.gnu-tools-for-stm32.7-2018-q2-update.win32_1.0.0.201904181610/tools/bin/../lib/gcc/arm-none-eabi/7.3.1/thumb/v7e-m/fpv4-sp/hard\libgcc.a
LOAD c:/st/stm32cubeide_1.1.0/stm32cubeide/plugins/com.st.stm32cube.ide.mcu.externaltools.gnu-tools-for-stm32.7-2018-q2-update.win32_1.0.0.201904181610/tools/bin/../lib/gcc/arm-none-eabi/7.3.1/../../../../arm-none-eabi/lib/thumb/v7e-m/fpv4-sp/hard\libc_nano.a
END GROUP
START GROUP
LOAD c:/st/stm32cubeide_1.1.0/stm32cubeide/plugins/com.st.stm32cube.ide.mcu.externaltools.gnu-tools-for-stm32.7-2018-q2-update.win32_1.0.0.201904181610/tools/bin/../lib/gcc/arm-none-eabi/7.3.1/thumb/v7e-m/fpv4-sp/hard\libgcc.a
LOAD c:/st/stm32cubeide_1.1.0/stm32cubeide/plugins/com.st.stm32cube.ide.mcu.externaltools.gnu-tools-for-stm32.7-2018-q2-update.win32_1.0.0.201904181610/tools/bin/../lib/gcc/arm-none-eabi/7.3.1/../../../../arm-none-eabi/lib/thumb/v7e-m/fpv4-sp/hard\libc_nano.a
LOAD c:/st/stm32cubeide_1.1.0/stm32cubeide/plugins/com.st.stm32cube.ide.mcu.externaltools.gnu-tools-for-stm32.7-2018-q2-update.win32_1.0.0.201904181610/tools/bin/../lib/gcc/arm-none-eabi/7.3.1/../../../../arm-none-eabi/lib/thumb/v7e-m/fpv4-sp/hard\libnosys.a
END GROUP
START GROUP
LOAD c:/st/stm32cubeide_1.1.0/stm32cubeide/plugins/com.st.stm32cube.ide.mcu.externaltools.gnu-tools-for-stm32.7-2018-q2-update.win32_1.0.0.201904181610/tools/bin/../lib/gcc/arm-none-eabi/7.3.1/thumb/v7e-m/fpv4-sp/hard\libgcc.a
LOAD c:/st/stm32cubeide_1.1.0/stm32cubeide/plugins/com.st.stm32cube.ide.mcu.externaltools.gnu-tools-for-stm32.7-2018-q2-update.win32_1.0.0.201904181610/tools/bin/../lib/gcc/arm-none-eabi/7.3.1/../../../../arm-none-eabi/lib/thumb/v7e-m/fpv4-sp/hard\libc_nano.a
LOAD c:/st/stm32cubeide_1.1.0/stm32cubeide/plugins/com.st.stm32cube.ide.mcu.externaltools.gnu-tools-for-stm32.7-2018-q2-update.win32_1.0.0.201904181610/tools/bin/../lib/gcc/arm-none-eabi/7.3.1/../../../../arm-none-eabi/lib/thumb/v7e-m/fpv4-sp/hard\libnosys.a
END GROUP
LOAD c:/st/stm32cubeide_1.1.0/stm32cubeide/plugins/com.st.stm32cube.ide.mcu.externaltools.gnu-tools-for-stm32.7-2018-q2-update.win32_1.0.0.201904181610/tools/bin/../lib/gcc/arm-none-eabi/7.3.1/thumb/v7e-m/fpv4-sp/hard/crtend.o
LOAD c:/st/stm32cubeide_1.1.0/stm32cubeide/plugins/com.st.stm32cube.ide.mcu.externaltools.gnu-tools-for-stm32.7-2018-q2-update.win32_1.0.0.201904181610/tools/bin/../lib/gcc/arm-none-eabi/7.3.1/thumb/v7e-m/fpv4-sp/hard/crtn.o
                0x0000000020020000                _estack = (ORIGIN (RAM) + LENGTH (RAM))
                0x0000000000000200                _Min_Heap_Size = 0x200
                0x0000000000000400                _Min_Stack_Size = 0x400

.isr_vector     0x0000000008000000      0x198
                0x0000000008000000                . = ALIGN (0x4)
 *(.isr_vector)
 .isr_vector    0x0000000008000000      0x198 Core/Startup/startup_stm32f411vetx.o
                0x0000000008000000                g_pfnVectors
                0x0000000008000198                . = ALIGN (0x4)

.text           0x0000000008000198     0x82ac
                0x0000000008000198                . = ALIGN (0x4)
 *(.text)
 .text          0x0000000008000198       0x40 c:/st/stm32cubeide_1.1.0/stm32cubeide/plugins/com.st.stm32cube.ide.mcu.externaltools.gnu-tools-for-stm32.7-2018-q2-update.win32_1.0.0.201904181610/tools/bin/../lib/gcc/arm-none-eabi/7.3.1/thumb/v7e-m/fpv4-sp/hard/crtbegin.o
 .text          0x00000000080001d8       0x30 c:/st/stm32cubeide_1.1.0/stm32cubeide/plugins/com.st.stm32cube.ide.mcu.externaltools.gnu-tools-for-stm32.7-2018-q2-update.win32_1.0.0.201904181610/tools/bin/../lib/gcc/arm-none-eabi/7.3.1/thumb/v7e-m/fpv4-sp/hard\libgcc.a(_aeabi_uldivmod.o)
                0x00000000080001d8                __aeabi_uldivmod
 .text          0x0000000008000208      0x2cc c:/st/stm32cubeide_1.1.0/stm32cubeide/plugins/com.st.stm32cube.ide.mcu.externaltools.gnu-tools-for-stm32.7-2018-q2-update.win32_1.0.0.201904181610/tools/bin/../lib/gcc/arm-none-eabi/7.3.1/thumb/v7e-m/fpv4-sp/hard\libgcc.a(_udivmoddi4.o)
                0x0000000008000208                __udivmoddi4
 .text          0x00000000080004d4        0x4 c:/st/stm32cubeide_1.1.0/stm32cubeide/plugins/com.st.stm32cube.ide.mcu.externaltools.gnu-tools-for-stm32.7-2018-q2-update.win32_1.0.0.201904181610/tools/bin/../lib/gcc/arm-none-eabi/7.3.1/thumb/v7e-m/fpv4-sp/hard\libgcc.a(_dvmd_tls.o)
                0x00000000080004d4                __aeabi_idiv0
                0x00000000080004d4                __aeabi_ldiv0
 *(.text*)
 .text.main     0x00000000080004d8      0x3d4 Core/Src/main.o
                0x00000000080004d8                main
 .text.SystemClock_Config
                0x00000000080008ac      0x108 Core/Src/main.o
                0x00000000080008ac                SystemClock_Config
 .text.MX_I2C1_Init
                0x00000000080009b4       0x5c Core/Src/main.o
 .text.MX_I2S2_Init
                0x0000000008000a10       0x5c Core/Src/main.o
 .text.MX_I2S3_Init
                0x0000000008000a6c       0x60 Core/Src/main.o
 .text.MX_SPI1_Init
                0x0000000008000acc       0x6c Core/Src/main.o
 .text.MX_USART1_UART_Init
                0x0000000008000b38       0x54 Core/Src/main.o
 .text.MX_USART2_UART_Init
                0x0000000008000b8c       0x54 Core/Src/main.o
 .text.MX_GPIO_Init
                0x0000000008000be0      0x1b4 Core/Src/main.o
 .text.Error_Handler
                0x0000000008000d94        0xe Core/Src/main.o
                0x0000000008000d94                Error_Handler
 *fill*         0x0000000008000da2        0x2 
 .text.HAL_MspInit
                0x0000000008000da4       0x50 Core/Src/stm32f4xx_hal_msp.o
                0x0000000008000da4                HAL_MspInit
 .text.HAL_I2C_MspInit
                0x0000000008000df4       0x90 Core/Src/stm32f4xx_hal_msp.o
                0x0000000008000df4                HAL_I2C_MspInit
 .text.HAL_I2S_MspInit
                0x0000000008000e84      0x19c Core/Src/stm32f4xx_hal_msp.o
                0x0000000008000e84                HAL_I2S_MspInit
 .text.HAL_SPI_MspInit
                0x0000000008001020       0x90 Core/Src/stm32f4xx_hal_msp.o
                0x0000000008001020                HAL_SPI_MspInit
 .text.HAL_UART_MspInit
                0x00000000080010b0      0x138 Core/Src/stm32f4xx_hal_msp.o
                0x00000000080010b0                HAL_UART_MspInit
 .text.NMI_Handler
                0x00000000080011e8        0xe Core/Src/stm32f4xx_it.o
                0x00000000080011e8                NMI_Handler
 .text.HardFault_Handler
                0x00000000080011f6        0x6 Core/Src/stm32f4xx_it.o
                0x00000000080011f6                HardFault_Handler
 .text.MemManage_Handler
                0x00000000080011fc        0x6 Core/Src/stm32f4xx_it.o
                0x00000000080011fc                MemManage_Handler
 .text.BusFault_Handler
                0x0000000008001202        0x6 Core/Src/stm32f4xx_it.o
                0x0000000008001202                BusFault_Handler
 .text.UsageFault_Handler
                0x0000000008001208        0x6 Core/Src/stm32f4xx_it.o
                0x0000000008001208                UsageFault_Handler
 .text.SVC_Handler
                0x000000000800120e        0xe Core/Src/stm32f4xx_it.o
                0x000000000800120e                SVC_Handler
 .text.DebugMon_Handler
                0x000000000800121c        0xe Core/Src/stm32f4xx_it.o
                0x000000000800121c                DebugMon_Handler
 .text.PendSV_Handler
                0x000000000800122a        0xe Core/Src/stm32f4xx_it.o
                0x000000000800122a                PendSV_Handler
 .text.SysTick_Handler
                0x0000000008001238        0xc Core/Src/stm32f4xx_it.o
                0x0000000008001238                SysTick_Handler
 .text.OTG_FS_IRQHandler
                0x0000000008001244       0x14 Core/Src/stm32f4xx_it.o
                0x0000000008001244                OTG_FS_IRQHandler
 .text._sbrk    0x0000000008001258       0x58 Core/Src/sysmem.o
                0x0000000008001258                _sbrk
 .text.SystemInit
                0x00000000080012b0       0x6c Core/Src/system_stm32f4xx.o
                0x00000000080012b0                SystemInit
 .text.Reset_Handler
                0x000000000800131c       0x50 Core/Startup/startup_stm32f411vetx.o
                0x000000000800131c                Reset_Handler
 .text.Default_Handler
                0x000000000800136c        0x2 Core/Startup/startup_stm32f411vetx.o
                0x000000000800136c                RTC_Alarm_IRQHandler
                0x000000000800136c                EXTI2_IRQHandler
                0x000000000800136c                SPI4_IRQHandler
                0x000000000800136c                TIM1_CC_IRQHandler
                0x000000000800136c                DMA2_Stream5_IRQHandler
                0x000000000800136c                DMA1_Stream5_IRQHandler
                0x000000000800136c                PVD_IRQHandler
                0x000000000800136c                SDIO_IRQHandler
                0x000000000800136c                TAMP_STAMP_IRQHandler
                0x000000000800136c                EXTI3_IRQHandler
                0x000000000800136c                TIM1_UP_TIM10_IRQHandler
                0x000000000800136c                I2C3_ER_IRQHandler
                0x000000000800136c                EXTI0_IRQHandler
                0x000000000800136c                I2C2_EV_IRQHandler
                0x000000000800136c                DMA1_Stream2_IRQHandler
                0x000000000800136c                FPU_IRQHandler
                0x000000000800136c                DMA2_Stream2_IRQHandler
                0x000000000800136c                SPI1_IRQHandler
                0x000000000800136c                TIM1_BRK_TIM9_IRQHandler
                0x000000000800136c                DMA2_Stream3_IRQHandler
                0x000000000800136c                USART6_IRQHandler
                0x000000000800136c                DMA2_Stream0_IRQHandler
                0x000000000800136c                TIM4_IRQHandler
                0x000000000800136c                I2C1_EV_IRQHandler
                0x000000000800136c                DMA1_Stream6_IRQHandler
                0x000000000800136c                DMA1_Stream1_IRQHandler
                0x000000000800136c                TIM3_IRQHandler
                0x000000000800136c                RCC_IRQHandler
                0x000000000800136c                Default_Handler
                0x000000000800136c                EXTI15_10_IRQHandler
                0x000000000800136c                ADC_IRQHandler
                0x000000000800136c                DMA1_Stream7_IRQHandler
                0x000000000800136c                SPI5_IRQHandler
                0x000000000800136c                TIM5_IRQHandler
                0x000000000800136c                DMA2_Stream7_IRQHandler
                0x000000000800136c                I2C3_EV_IRQHandler
                0x000000000800136c                EXTI9_5_IRQHandler
                0x000000000800136c                RTC_WKUP_IRQHandler
                0x000000000800136c                SPI2_IRQHandler
                0x000000000800136c                DMA1_Stream0_IRQHandler
                0x000000000800136c                EXTI4_IRQHandler
                0x000000000800136c                WWDG_IRQHandler
                0x000000000800136c                TIM2_IRQHandler
                0x000000000800136c                OTG_FS_WKUP_IRQHandler
                0x000000000800136c                TIM1_TRG_COM_TIM11_IRQHandler
                0x000000000800136c                EXTI1_IRQHandler
                0x000000000800136c                USART2_IRQHandler
                0x000000000800136c                I2C2_ER_IRQHandler
                0x000000000800136c                DMA2_Stream1_IRQHandler
                0x000000000800136c                FLASH_IRQHandler
                0x000000000800136c                DMA2_Stream4_IRQHandler
                0x000000000800136c                USART1_IRQHandler
                0x000000000800136c                SPI3_IRQHandler
                0x000000000800136c                DMA1_Stream4_IRQHandler
                0x000000000800136c                I2C1_ER_IRQHandler
                0x000000000800136c                DMA2_Stream6_IRQHandler
                0x000000000800136c                DMA1_Stream3_IRQHandler
 *fill*         0x000000000800136e        0x2 
 .text.HAL_Init
                0x0000000008001370       0x44 Drivers/STM32F4xx_HAL_Driver/Src/stm32f4xx_hal.o
                0x0000000008001370                HAL_Init
 .text.HAL_InitTick
                0x00000000080013b4       0x60 Drivers/STM32F4xx_HAL_Driver/Src/stm32f4xx_hal.o
                0x00000000080013b4                HAL_InitTick
 .text.HAL_IncTick
                0x0000000008001414       0x28 Drivers/STM32F4xx_HAL_Driver/Src/stm32f4xx_hal.o
                0x0000000008001414                HAL_IncTick
 .text.HAL_GetTick
                0x000000000800143c       0x18 Drivers/STM32F4xx_HAL_Driver/Src/stm32f4xx_hal.o
                0x000000000800143c                HAL_GetTick
 .text.HAL_Delay
                0x0000000008001454       0x44 Drivers/STM32F4xx_HAL_Driver/Src/stm32f4xx_hal.o
                0x0000000008001454                HAL_Delay
 .text.__NVIC_SetPriorityGrouping
                0x0000000008001498       0x48 Drivers/STM32F4xx_HAL_Driver/Src/stm32f4xx_hal_cortex.o
 .text.__NVIC_GetPriorityGrouping
                0x00000000080014e0       0x1c Drivers/STM32F4xx_HAL_Driver/Src/stm32f4xx_hal_cortex.o
 .text.__NVIC_EnableIRQ
                0x00000000080014fc       0x3c Drivers/STM32F4xx_HAL_Driver/Src/stm32f4xx_hal_cortex.o
 .text.__NVIC_SetPriority
                0x0000000008001538       0x54 Drivers/STM32F4xx_HAL_Driver/Src/stm32f4xx_hal_cortex.o
 .text.NVIC_EncodePriority
                0x000000000800158c       0x66 Drivers/STM32F4xx_HAL_Driver/Src/stm32f4xx_hal_cortex.o
 *fill*         0x00000000080015f2        0x2 
 .text.SysTick_Config
                0x00000000080015f4       0x44 Drivers/STM32F4xx_HAL_Driver/Src/stm32f4xx_hal_cortex.o
 .text.HAL_NVIC_SetPriorityGrouping
                0x0000000008001638       0x16 Drivers/STM32F4xx_HAL_Driver/Src/stm32f4xx_hal_cortex.o
                0x0000000008001638                HAL_NVIC_SetPriorityGrouping
 .text.HAL_NVIC_SetPriority
                0x000000000800164e       0x38 Drivers/STM32F4xx_HAL_Driver/Src/stm32f4xx_hal_cortex.o
                0x000000000800164e                HAL_NVIC_SetPriority
 .text.HAL_NVIC_EnableIRQ
                0x0000000008001686       0x1c Drivers/STM32F4xx_HAL_Driver/Src/stm32f4xx_hal_cortex.o
                0x0000000008001686                HAL_NVIC_EnableIRQ
 .text.HAL_SYSTICK_Config
                0x00000000080016a2       0x18 Drivers/STM32F4xx_HAL_Driver/Src/stm32f4xx_hal_cortex.o
                0x00000000080016a2                HAL_SYSTICK_Config
 *fill*         0x00000000080016ba        0x2 
 .text.HAL_GPIO_Init
                0x00000000080016bc      0x304 Drivers/STM32F4xx_HAL_Driver/Src/stm32f4xx_hal_gpio.o
                0x00000000080016bc                HAL_GPIO_Init
 .text.HAL_GPIO_WritePin
                0x00000000080019c0       0x32 Drivers/STM32F4xx_HAL_Driver/Src/stm32f4xx_hal_gpio.o
                0x00000000080019c0                HAL_GPIO_WritePin
 *fill*         0x00000000080019f2        0x2 
 .text.HAL_I2C_Init
                0x00000000080019f4      0x250 Drivers/STM32F4xx_HAL_Driver/Src/stm32f4xx_hal_i2c.o
                0x00000000080019f4                HAL_I2C_Init
 .text.HAL_I2S_Init
                0x0000000008001c44      0x280 Drivers/STM32F4xx_HAL_Driver/Src/stm32f4xx_hal_i2s.o
                0x0000000008001c44                HAL_I2S_Init
 .text.HAL_I2S_TxCpltCallback
                0x0000000008001ec4       0x14 Drivers/STM32F4xx_HAL_Driver/Src/stm32f4xx_hal_i2s.o
                0x0000000008001ec4                HAL_I2S_TxCpltCallback
 .text.HAL_I2S_RxCpltCallback
                0x0000000008001ed8       0x14 Drivers/STM32F4xx_HAL_Driver/Src/stm32f4xx_hal_i2s.o
                0x0000000008001ed8                HAL_I2S_RxCpltCallback
 .text.HAL_I2S_ErrorCallback
                0x0000000008001eec       0x14 Drivers/STM32F4xx_HAL_Driver/Src/stm32f4xx_hal_i2s.o
                0x0000000008001eec                HAL_I2S_ErrorCallback
 .text.I2S_Transmit_IT
                0x0000000008001f00       0x5c Drivers/STM32F4xx_HAL_Driver/Src/stm32f4xx_hal_i2s.o
 .text.I2S_Receive_IT
                0x0000000008001f5c       0x5e Drivers/STM32F4xx_HAL_Driver/Src/stm32f4xx_hal_i2s.o
 .text.I2S_IRQHandler
                0x0000000008001fba      0x114 Drivers/STM32F4xx_HAL_Driver/Src/stm32f4xx_hal_i2s.o
 *fill*         0x00000000080020ce        0x2 
 .text.HAL_I2SEx_FullDuplex_IRQHandler
                0x00000000080020d0      0x2a8 Drivers/STM32F4xx_HAL_Driver/Src/stm32f4xx_hal_i2s_ex.o
                0x00000000080020d0                HAL_I2SEx_FullDuplex_IRQHandler
 .text.HAL_I2SEx_TxRxCpltCallback
                0x0000000008002378       0x14 Drivers/STM32F4xx_HAL_Driver/Src/stm32f4xx_hal_i2s_ex.o
                0x0000000008002378                HAL_I2SEx_TxRxCpltCallback
 .text.I2SEx_TxISR_I2S
                0x000000000800238c       0x62 Drivers/STM32F4xx_HAL_Driver/Src/stm32f4xx_hal_i2s_ex.o
 *fill*         0x00000000080023ee        0x2 
 .text.I2SEx_TxISR_I2SExt
                0x00000000080023f0       0x98 Drivers/STM32F4xx_HAL_Driver/Src/stm32f4xx_hal_i2s_ex.o
 .text.I2SEx_RxISR_I2S
                0x0000000008002488       0x64 Drivers/STM32F4xx_HAL_Driver/Src/stm32f4xx_hal_i2s_ex.o
 .text.I2SEx_RxISR_I2SExt
                0x00000000080024ec       0x98 Drivers/STM32F4xx_HAL_Driver/Src/stm32f4xx_hal_i2s_ex.o
 .text.HAL_PCD_Init
                0x0000000008002584      0x23a Drivers/STM32F4xx_HAL_Driver/Src/stm32f4xx_hal_pcd.o
                0x0000000008002584                HAL_PCD_Init
 .text.HAL_PCD_Start
                0x00000000080027be       0x66 Drivers/STM32F4xx_HAL_Driver/Src/stm32f4xx_hal_pcd.o
                0x00000000080027be                HAL_PCD_Start
 .text.HAL_PCD_IRQHandler
                0x0000000008002824      0x746 Drivers/STM32F4xx_HAL_Driver/Src/stm32f4xx_hal_pcd.o
                0x0000000008002824                HAL_PCD_IRQHandler
 .text.HAL_PCD_SetAddress
                0x0000000008002f6a       0x4a Drivers/STM32F4xx_HAL_Driver/Src/stm32f4xx_hal_pcd.o
                0x0000000008002f6a                HAL_PCD_SetAddress
 .text.HAL_PCD_EP_Open
                0x0000000008002fb4       0xd0 Drivers/STM32F4xx_HAL_Driver/Src/stm32f4xx_hal_pcd.o
                0x0000000008002fb4                HAL_PCD_EP_Open
 .text.HAL_PCD_EP_Close
                0x0000000008003084       0x94 Drivers/STM32F4xx_HAL_Driver/Src/stm32f4xx_hal_pcd.o
                0x0000000008003084                HAL_PCD_EP_Close
 .text.HAL_PCD_EP_Receive
                0x0000000008003118       0x96 Drivers/STM32F4xx_HAL_Driver/Src/stm32f4xx_hal_pcd.o
                0x0000000008003118                HAL_PCD_EP_Receive
 .text.HAL_PCD_EP_GetRxCount
                0x00000000080031ae       0x30 Drivers/STM32F4xx_HAL_Driver/Src/stm32f4xx_hal_pcd.o
                0x00000000080031ae                HAL_PCD_EP_GetRxCount
 .text.HAL_PCD_EP_Transmit
                0x00000000080031de       0x94 Drivers/STM32F4xx_HAL_Driver/Src/stm32f4xx_hal_pcd.o
                0x00000000080031de                HAL_PCD_EP_Transmit
 .text.HAL_PCD_EP_SetStall
                0x0000000008003272       0xc8 Drivers/STM32F4xx_HAL_Driver/Src/stm32f4xx_hal_pcd.o
                0x0000000008003272                HAL_PCD_EP_SetStall
 .text.HAL_PCD_EP_ClrStall
                0x000000000800333a       0xac Drivers/STM32F4xx_HAL_Driver/Src/stm32f4xx_hal_pcd.o
                0x000000000800333a                HAL_PCD_EP_ClrStall
 .text.PCD_WriteEmptyTxFifo
                0x00000000080033e6      0x11a Drivers/STM32F4xx_HAL_Driver/Src/stm32f4xx_hal_pcd.o
 .text.PCD_EP_OutXfrComplete_int
                0x0000000008003500      0x210 Drivers/STM32F4xx_HAL_Driver/Src/stm32f4xx_hal_pcd.o
 .text.PCD_EP_OutSetupPacket_int
                0x0000000008003710       0xc0 Drivers/STM32F4xx_HAL_Driver/Src/stm32f4xx_hal_pcd.o
 .text.HAL_PCDEx_SetTxFiFo
                0x00000000080037d0       0x8e Drivers/STM32F4xx_HAL_Driver/Src/stm32f4xx_hal_pcd_ex.o
                0x00000000080037d0                HAL_PCDEx_SetTxFiFo
 .text.HAL_PCDEx_SetRxFiFo
                0x000000000800385e       0x22 Drivers/STM32F4xx_HAL_Driver/Src/stm32f4xx_hal_pcd_ex.o
                0x000000000800385e                HAL_PCDEx_SetRxFiFo
 .text.HAL_PCDEx_LPM_Callback
                0x0000000008003880       0x18 Drivers/STM32F4xx_HAL_Driver/Src/stm32f4xx_hal_pcd_ex.o
                0x0000000008003880                HAL_PCDEx_LPM_Callback
 .text.HAL_RCC_OscConfig
                0x0000000008003898      0x484 Drivers/STM32F4xx_HAL_Driver/Src/stm32f4xx_hal_rcc.o
                0x0000000008003898                HAL_RCC_OscConfig
 .text.HAL_RCC_ClockConfig
                0x0000000008003d1c      0x1c4 Drivers/STM32F4xx_HAL_Driver/Src/stm32f4xx_hal_rcc.o
                0x0000000008003d1c                HAL_RCC_ClockConfig
 .text.HAL_RCC_GetSysClockFreq
                0x0000000008003ee0      0x1b0 Drivers/STM32F4xx_HAL_Driver/Src/stm32f4xx_hal_rcc.o
                0x0000000008003ee0                HAL_RCC_GetSysClockFreq
 .text.HAL_RCC_GetHCLKFreq
                0x0000000008004090       0x18 Drivers/STM32F4xx_HAL_Driver/Src/stm32f4xx_hal_rcc.o
                0x0000000008004090                HAL_RCC_GetHCLKFreq
 .text.HAL_RCC_GetPCLK1Freq
                0x00000000080040a8       0x28 Drivers/STM32F4xx_HAL_Driver/Src/stm32f4xx_hal_rcc.o
                0x00000000080040a8                HAL_RCC_GetPCLK1Freq
 .text.HAL_RCC_GetPCLK2Freq
                0x00000000080040d0       0x28 Drivers/STM32F4xx_HAL_Driver/Src/stm32f4xx_hal_rcc.o
                0x00000000080040d0                HAL_RCC_GetPCLK2Freq
 .text.HAL_RCCEx_PeriphCLKConfig
                0x00000000080040f8      0x1e0 Drivers/STM32F4xx_HAL_Driver/Src/stm32f4xx_hal_rcc_ex.o
                0x00000000080040f8                HAL_RCCEx_PeriphCLKConfig
 .text.HAL_RCCEx_GetPeriphCLKFreq
                0x00000000080042d8       0xbc Drivers/STM32F4xx_HAL_Driver/Src/stm32f4xx_hal_rcc_ex.o
                0x00000000080042d8                HAL_RCCEx_GetPeriphCLKFreq
 .text.HAL_SPI_Init
                0x0000000008004394       0xc8 Drivers/STM32F4xx_HAL_Driver/Src/stm32f4xx_hal_spi.o
                0x0000000008004394                HAL_SPI_Init
 .text.HAL_UART_Init
                0x000000000800445c       0x9a Drivers/STM32F4xx_HAL_Driver/Src/stm32f4xx_hal_uart.o
                0x000000000800445c                HAL_UART_Init
 .text.HAL_UART_Transmit
                0x00000000080044f6      0x132 Drivers/STM32F4xx_HAL_Driver/Src/stm32f4xx_hal_uart.o
                0x00000000080044f6                HAL_UART_Transmit
 .text.HAL_UART_Receive
                0x0000000008004628      0x14c Drivers/STM32F4xx_HAL_Driver/Src/stm32f4xx_hal_uart.o
                0x0000000008004628                HAL_UART_Receive
 .text.UART_WaitOnFlagUntilTimeout
                0x0000000008004774       0x94 Drivers/STM32F4xx_HAL_Driver/Src/stm32f4xx_hal_uart.o
 .text.UART_SetConfig
                0x0000000008004808      0x414 Drivers/STM32F4xx_HAL_Driver/Src/stm32f4xx_hal_uart.o
 .text.USB_CoreInit
                0x0000000008004c1c       0xc2 Drivers/STM32F4xx_HAL_Driver/Src/stm32f4xx_ll_usb.o
                0x0000000008004c1c                USB_CoreInit
 *fill*         0x0000000008004cde        0x2 
 .text.USB_SetTurnaroundTime
                0x0000000008004ce0      0x144 Drivers/STM32F4xx_HAL_Driver/Src/stm32f4xx_ll_usb.o
                0x0000000008004ce0                USB_SetTurnaroundTime
 .text.USB_EnableGlobalInt
                0x0000000008004e24       0x22 Drivers/STM32F4xx_HAL_Driver/Src/stm32f4xx_ll_usb.o
                0x0000000008004e24                USB_EnableGlobalInt
 .text.USB_DisableGlobalInt
                0x0000000008004e46       0x22 Drivers/STM32F4xx_HAL_Driver/Src/stm32f4xx_ll_usb.o
                0x0000000008004e46                USB_DisableGlobalInt
 .text.USB_SetCurrentMode
                0x0000000008004e68       0x54 Drivers/STM32F4xx_HAL_Driver/Src/stm32f4xx_ll_usb.o
                0x0000000008004e68                USB_SetCurrentMode
 .text.USB_DevInit
                0x0000000008004ebc      0x2e4 Drivers/STM32F4xx_HAL_Driver/Src/stm32f4xx_ll_usb.o
                0x0000000008004ebc                USB_DevInit
 .text.USB_FlushTxFifo
                0x00000000080051a0       0x4c Drivers/STM32F4xx_HAL_Driver/Src/stm32f4xx_ll_usb.o
                0x00000000080051a0                USB_FlushTxFifo
 .text.USB_FlushRxFifo
                0x00000000080051ec       0x44 Drivers/STM32F4xx_HAL_Driver/Src/stm32f4xx_ll_usb.o
                0x00000000080051ec                USB_FlushRxFifo
 .text.USB_SetDevSpeed
                0x0000000008005230       0x32 Drivers/STM32F4xx_HAL_Driver/Src/stm32f4xx_ll_usb.o
                0x0000000008005230                USB_SetDevSpeed
 .text.USB_GetDevSpeed
                0x0000000008005262       0x4a Drivers/STM32F4xx_HAL_Driver/Src/stm32f4xx_ll_usb.o
                0x0000000008005262                USB_GetDevSpeed
 .text.USB_ActivateEndpoint
                0x00000000080052ac      0x10e Drivers/STM32F4xx_HAL_Driver/Src/stm32f4xx_ll_usb.o
                0x00000000080052ac                USB_ActivateEndpoint
 *fill*         0x00000000080053ba        0x2 
 .text.USB_DeactivateEndpoint
                0x00000000080053bc      0x108 Drivers/STM32F4xx_HAL_Driver/Src/stm32f4xx_ll_usb.o
                0x00000000080053bc                USB_DeactivateEndpoint
 .text.USB_EPStartXfer
                0x00000000080054c4      0x488 Drivers/STM32F4xx_HAL_Driver/Src/stm32f4xx_ll_usb.o
                0x00000000080054c4                USB_EPStartXfer
 .text.USB_EP0StartXfer
                0x000000000800594c      0x2a6 Drivers/STM32F4xx_HAL_Driver/Src/stm32f4xx_ll_usb.o
                0x000000000800594c                USB_EP0StartXfer
 .text.USB_WritePacket
                0x0000000008005bf2       0x6a Drivers/STM32F4xx_HAL_Driver/Src/stm32f4xx_ll_usb.o
                0x0000000008005bf2                USB_WritePacket
 .text.USB_ReadPacket
                0x0000000008005c5c       0x52 Drivers/STM32F4xx_HAL_Driver/Src/stm32f4xx_ll_usb.o
                0x0000000008005c5c                USB_ReadPacket
 .text.USB_EPSetStall
                0x0000000008005cae       0xdc Drivers/STM32F4xx_HAL_Driver/Src/stm32f4xx_ll_usb.o
                0x0000000008005cae                USB_EPSetStall
 .text.USB_EPClearStall
                0x0000000008005d8a       0xcc Drivers/STM32F4xx_HAL_Driver/Src/stm32f4xx_ll_usb.o
                0x0000000008005d8a                USB_EPClearStall
 .text.USB_SetDevAddress
                0x0000000008005e56       0x4c Drivers/STM32F4xx_HAL_Driver/Src/stm32f4xx_ll_usb.o
                0x0000000008005e56                USB_SetDevAddress
 .text.USB_DevConnect
                0x0000000008005ea2       0x30 Drivers/STM32F4xx_HAL_Driver/Src/stm32f4xx_ll_usb.o
                0x0000000008005ea2                USB_DevConnect
 .text.USB_DevDisconnect
                0x0000000008005ed2       0x30 Drivers/STM32F4xx_HAL_Driver/Src/stm32f4xx_ll_usb.o
                0x0000000008005ed2                USB_DevDisconnect
 .text.USB_ReadInterrupts
                0x0000000008005f02       0x26 Drivers/STM32F4xx_HAL_Driver/Src/stm32f4xx_ll_usb.o
                0x0000000008005f02                USB_ReadInterrupts
 .text.USB_ReadDevAllOutEpInterrupt
                0x0000000008005f28       0x34 Drivers/STM32F4xx_HAL_Driver/Src/stm32f4xx_ll_usb.o
                0x0000000008005f28                USB_ReadDevAllOutEpInterrupt
 .text.USB_ReadDevAllInEpInterrupt
                0x0000000008005f5c       0x34 Drivers/STM32F4xx_HAL_Driver/Src/stm32f4xx_ll_usb.o
                0x0000000008005f5c                USB_ReadDevAllInEpInterrupt
 .text.USB_ReadDevOutEPInterrupt
                0x0000000008005f90       0x3c Drivers/STM32F4xx_HAL_Driver/Src/stm32f4xx_ll_usb.o
                0x0000000008005f90                USB_ReadDevOutEPInterrupt
 .text.USB_ReadDevInEPInterrupt
                0x0000000008005fcc       0x5c Drivers/STM32F4xx_HAL_Driver/Src/stm32f4xx_ll_usb.o
                0x0000000008005fcc                USB_ReadDevInEPInterrupt
 .text.USB_GetMode
                0x0000000008006028       0x1c Drivers/STM32F4xx_HAL_Driver/Src/stm32f4xx_ll_usb.o
                0x0000000008006028                USB_GetMode
 .text.USB_ActivateSetup
                0x0000000008006044       0x6a Drivers/STM32F4xx_HAL_Driver/Src/stm32f4xx_ll_usb.o
                0x0000000008006044                USB_ActivateSetup
 *fill*         0x00000000080060ae        0x2 
 .text.USB_EP0_OutStart
                0x00000000080060b0       0xbc Drivers/STM32F4xx_HAL_Driver/Src/stm32f4xx_ll_usb.o
                0x00000000080060b0                USB_EP0_OutStart
 .text.USB_CoreReset
                0x000000000800616c       0x68 Drivers/STM32F4xx_HAL_Driver/Src/stm32f4xx_ll_usb.o
 .text.USBD_CDC_Init
                0x00000000080061d4      0x108 Middlewares/ST/STM32_USB_Device_Library/Class/CDC/Src/usbd_cdc.o
 .text.USBD_CDC_DeInit
                0x00000000080062dc       0x6e Middlewares/ST/STM32_USB_Device_Library/Class/CDC/Src/usbd_cdc.o
 .text.USBD_CDC_Setup
                0x000000000800634a      0x140 Middlewares/ST/STM32_USB_Device_Library/Class/CDC/Src/usbd_cdc.o
 .text.USBD_CDC_DataIn
                0x000000000800648a       0xa6 Middlewares/ST/STM32_USB_Device_Library/Class/CDC/Src/usbd_cdc.o
 .text.USBD_CDC_DataOut
                0x0000000008006530       0x56 Middlewares/ST/STM32_USB_Device_Library/Class/CDC/Src/usbd_cdc.o
 .text.USBD_CDC_EP0_RxReady
                0x0000000008006586       0x50 Middlewares/ST/STM32_USB_Device_Library/Class/CDC/Src/usbd_cdc.o
 *fill*         0x00000000080065d6        0x2 
 .text.USBD_CDC_GetFSCfgDesc
                0x00000000080065d8       0x20 Middlewares/ST/STM32_USB_Device_Library/Class/CDC/Src/usbd_cdc.o
 .text.USBD_CDC_GetHSCfgDesc
                0x00000000080065f8       0x20 Middlewares/ST/STM32_USB_Device_Library/Class/CDC/Src/usbd_cdc.o
 .text.USBD_CDC_GetOtherSpeedCfgDesc
                0x0000000008006618       0x20 Middlewares/ST/STM32_USB_Device_Library/Class/CDC/Src/usbd_cdc.o
 .text.USBD_CDC_GetDeviceQualifierDescriptor
                0x0000000008006638       0x20 Middlewares/ST/STM32_USB_Device_Library/Class/CDC/Src/usbd_cdc.o
                0x0000000008006638                USBD_CDC_GetDeviceQualifierDescriptor
 .text.USBD_CDC_RegisterInterface
                0x0000000008006658       0x2e Middlewares/ST/STM32_USB_Device_Library/Class/CDC/Src/usbd_cdc.o
                0x0000000008006658                USBD_CDC_RegisterInterface
 .text.USBD_CDC_SetTxBuffer
                0x0000000008006686       0x34 Middlewares/ST/STM32_USB_Device_Library/Class/CDC/Src/usbd_cdc.o
                0x0000000008006686                USBD_CDC_SetTxBuffer
 .text.USBD_CDC_SetRxBuffer
                0x00000000080066ba       0x28 Middlewares/ST/STM32_USB_Device_Library/Class/CDC/Src/usbd_cdc.o
                0x00000000080066ba                USBD_CDC_SetRxBuffer
 .text.USBD_CDC_TransmitPacket
                0x00000000080066e2       0x5e Middlewares/ST/STM32_USB_Device_Library/Class/CDC/Src/usbd_cdc.o
                0x00000000080066e2                USBD_CDC_TransmitPacket
 .text.USBD_CDC_ReceivePacket
                0x0000000008006740       0x54 Middlewares/ST/STM32_USB_Device_Library/Class/CDC/Src/usbd_cdc.o
                0x0000000008006740                USBD_CDC_ReceivePacket
 .text.USBD_Init
                0x0000000008006794       0x56 Middlewares/ST/STM32_USB_Device_Library/Core/Src/usbd_core.o
                0x0000000008006794                USBD_Init
 .text.USBD_RegisterClass
                0x00000000080067ea       0x34 Middlewares/ST/STM32_USB_Device_Library/Core/Src/usbd_core.o
                0x00000000080067ea                USBD_RegisterClass
 .text.USBD_Start
                0x000000000800681e       0x18 Middlewares/ST/STM32_USB_Device_Library/Core/Src/usbd_core.o
                0x000000000800681e                USBD_Start
 .text.USBD_RunTestMode
                0x0000000008006836       0x16 Middlewares/ST/STM32_USB_Device_Library/Core/Src/usbd_core.o
                0x0000000008006836                USBD_RunTestMode
 .text.USBD_SetClassConfig
                0x000000000800684c       0x3e Middlewares/ST/STM32_USB_Device_Library/Core/Src/usbd_core.o
                0x000000000800684c                USBD_SetClassConfig
 .text.USBD_ClrClassConfig
                0x000000000800688a       0x26 Middlewares/ST/STM32_USB_Device_Library/Core/Src/usbd_core.o
                0x000000000800688a                USBD_ClrClassConfig
 .text.USBD_LL_SetupStage
                0x00000000080068b0       0x96 Middlewares/ST/STM32_USB_Device_Library/Core/Src/usbd_core.o
                0x00000000080068b0                USBD_LL_SetupStage
 .text.USBD_LL_DataOutStage
                0x0000000008006946       0xe2 Middlewares/ST/STM32_USB_Device_Library/Core/Src/usbd_core.o
                0x0000000008006946                USBD_LL_DataOutStage
 .text.USBD_LL_DataInStage
                0x0000000008006a28      0x14a Middlewares/ST/STM32_USB_Device_Library/Core/Src/usbd_core.o
                0x0000000008006a28                USBD_LL_DataInStage
 .text.USBD_LL_Reset
                0x0000000008006b72       0x82 Middlewares/ST/STM32_USB_Device_Library/Core/Src/usbd_core.o
                0x0000000008006b72                USBD_LL_Reset
 .text.USBD_LL_SetSpeed
                0x0000000008006bf4       0x20 Middlewares/ST/STM32_USB_Device_Library/Core/Src/usbd_core.o
                0x0000000008006bf4                USBD_LL_SetSpeed
 .text.USBD_LL_Suspend
                0x0000000008006c14       0x2a Middlewares/ST/STM32_USB_Device_Library/Core/Src/usbd_core.o
                0x0000000008006c14                USBD_LL_Suspend
 .text.USBD_LL_Resume
                0x0000000008006c3e       0x22 Middlewares/ST/STM32_USB_Device_Library/Core/Src/usbd_core.o
                0x0000000008006c3e                USBD_LL_Resume
 .text.USBD_LL_SOF
                0x0000000008006c60       0x34 Middlewares/ST/STM32_USB_Device_Library/Core/Src/usbd_core.o
                0x0000000008006c60                USBD_LL_SOF
 .text.USBD_LL_IsoINIncomplete
                0x0000000008006c94       0x1a Middlewares/ST/STM32_USB_Device_Library/Core/Src/usbd_core.o
                0x0000000008006c94                USBD_LL_IsoINIncomplete
 .text.USBD_LL_IsoOUTIncomplete
                0x0000000008006cae       0x1a Middlewares/ST/STM32_USB_Device_Library/Core/Src/usbd_core.o
                0x0000000008006cae                USBD_LL_IsoOUTIncomplete
 .text.USBD_LL_DevConnected
                0x0000000008006cc8       0x16 Middlewares/ST/STM32_USB_Device_Library/Core/Src/usbd_core.o
                0x0000000008006cc8                USBD_LL_DevConnected
 .text.USBD_LL_DevDisconnected
                0x0000000008006cde       0x2e Middlewares/ST/STM32_USB_Device_Library/Core/Src/usbd_core.o
                0x0000000008006cde                USBD_LL_DevDisconnected
 .text.USBD_StdDevReq
                0x0000000008006d0c       0xd4 Middlewares/ST/STM32_USB_Device_Library/Core/Src/usbd_ctlreq.o
                0x0000000008006d0c                USBD_StdDevReq
 .text.USBD_StdItfReq
                0x0000000008006de0       0x8c Middlewares/ST/STM32_USB_Device_Library/Core/Src/usbd_ctlreq.o
                0x0000000008006de0                USBD_StdItfReq
 .text.USBD_StdEPReq
                0x0000000008006e6c      0x2b6 Middlewares/ST/STM32_USB_Device_Library/Core/Src/usbd_ctlreq.o
                0x0000000008006e6c                USBD_StdEPReq
 *fill*         0x0000000008007122        0x2 
 .text.USBD_GetDescriptor
                0x0000000008007124      0x1f4 Middlewares/ST/STM32_USB_Device_Library/Core/Src/usbd_ctlreq.o
 .text.USBD_SetAddress
                0x0000000008007318       0x84 Middlewares/ST/STM32_USB_Device_Library/Core/Src/usbd_ctlreq.o
 .text.USBD_SetConfig
                0x000000000800739c      0x11c Middlewares/ST/STM32_USB_Device_Library/Core/Src/usbd_ctlreq.o
 .text.USBD_GetConfig
                0x00000000080074b8       0x68 Middlewares/ST/STM32_USB_Device_Library/Core/Src/usbd_ctlreq.o
 .text.USBD_GetStatus
                0x0000000008007520       0x66 Middlewares/ST/STM32_USB_Device_Library/Core/Src/usbd_ctlreq.o
 .text.USBD_SetFeature
                0x0000000008007586       0x28 Middlewares/ST/STM32_USB_Device_Library/Core/Src/usbd_ctlreq.o
 .text.USBD_ClrFeature
                0x00000000080075ae       0x42 Middlewares/ST/STM32_USB_Device_Library/Core/Src/usbd_ctlreq.o
 .text.USBD_ParseSetupRequest
                0x00000000080075f0       0x7a Middlewares/ST/STM32_USB_Device_Library/Core/Src/usbd_ctlreq.o
                0x00000000080075f0                USBD_ParseSetupRequest
 .text.USBD_CtlError
                0x000000000800766a       0x22 Middlewares/ST/STM32_USB_Device_Library/Core/Src/usbd_ctlreq.o
                0x000000000800766a                USBD_CtlError
 .text.USBD_GetString
                0x000000000800768c       0x84 Middlewares/ST/STM32_USB_Device_Library/Core/Src/usbd_ctlreq.o
                0x000000000800768c                USBD_GetString
 .text.USBD_GetLen
                0x0000000008007710       0x30 Middlewares/ST/STM32_USB_Device_Library/Core/Src/usbd_ctlreq.o
 .text.USBD_CtlSendData
                0x0000000008007740       0x38 Middlewares/ST/STM32_USB_Device_Library/Core/Src/usbd_ioreq.o
                0x0000000008007740                USBD_CtlSendData
 .text.USBD_CtlContinueSendData
                0x0000000008007778       0x24 Middlewares/ST/STM32_USB_Device_Library/Core/Src/usbd_ioreq.o
                0x0000000008007778                USBD_CtlContinueSendData
 .text.USBD_CtlPrepareRx
                0x000000000800779c       0x3c Middlewares/ST/STM32_USB_Device_Library/Core/Src/usbd_ioreq.o
                0x000000000800779c                USBD_CtlPrepareRx
 .text.USBD_CtlContinueRx
                0x00000000080077d8       0x24 Middlewares/ST/STM32_USB_Device_Library/Core/Src/usbd_ioreq.o
                0x00000000080077d8                USBD_CtlContinueRx
 .text.USBD_CtlSendStatus
                0x00000000080077fc       0x26 Middlewares/ST/STM32_USB_Device_Library/Core/Src/usbd_ioreq.o
                0x00000000080077fc                USBD_CtlSendStatus
 .text.USBD_CtlReceiveStatus
                0x0000000008007822       0x26 Middlewares/ST/STM32_USB_Device_Library/Core/Src/usbd_ioreq.o
                0x0000000008007822                USBD_CtlReceiveStatus
 .text.MX_USB_DEVICE_Init
                0x0000000008007848       0x60 USB_DEVICE/App/usb_device.o
                0x0000000008007848                MX_USB_DEVICE_Init
 .text.CDC_Init_FS
                0x00000000080078a8       0x28 USB_DEVICE/App/usbd_cdc_if.o
 .text.CDC_DeInit_FS
                0x00000000080078d0       0x10 USB_DEVICE/App/usbd_cdc_if.o
 .text.CDC_Control_FS
                0x00000000080078e0       0xbc USB_DEVICE/App/usbd_cdc_if.o
 .text.CDC_Receive_FS
                0x000000000800799c       0x28 USB_DEVICE/App/usbd_cdc_if.o
 .text.CDC_Transmit_FS
                0x00000000080079c4       0x4c USB_DEVICE/App/usbd_cdc_if.o
                0x00000000080079c4                CDC_Transmit_FS
 .text.USBD_FS_DeviceDescriptor
                0x0000000008007a10       0x24 USB_DEVICE/App/usbd_desc.o
                0x0000000008007a10                USBD_FS_DeviceDescriptor
 .text.USBD_FS_LangIDStrDescriptor
                0x0000000008007a34       0x24 USB_DEVICE/App/usbd_desc.o
                0x0000000008007a34                USBD_FS_LangIDStrDescriptor
 .text.USBD_FS_ProductStrDescriptor
                0x0000000008007a58       0x3c USB_DEVICE/App/usbd_desc.o
                0x0000000008007a58                USBD_FS_ProductStrDescriptor
 .text.USBD_FS_ManufacturerStrDescriptor
                0x0000000008007a94       0x28 USB_DEVICE/App/usbd_desc.o
                0x0000000008007a94                USBD_FS_ManufacturerStrDescriptor
 .text.USBD_FS_SerialStrDescriptor
                0x0000000008007abc       0x24 USB_DEVICE/App/usbd_desc.o
                0x0000000008007abc                USBD_FS_SerialStrDescriptor
 .text.USBD_FS_ConfigStrDescriptor
                0x0000000008007ae0       0x3c USB_DEVICE/App/usbd_desc.o
                0x0000000008007ae0                USBD_FS_ConfigStrDescriptor
 .text.USBD_FS_InterfaceStrDescriptor
                0x0000000008007b1c       0x3c USB_DEVICE/App/usbd_desc.o
                0x0000000008007b1c                USBD_FS_InterfaceStrDescriptor
 .text.Get_SerialNum
                0x0000000008007b58       0x58 USB_DEVICE/App/usbd_desc.o
 .text.IntToUnicode
                0x0000000008007bb0       0x7c USB_DEVICE/App/usbd_desc.o
 .text.HAL_PCD_MspInit
                0x0000000008007c2c       0xc4 USB_DEVICE/Target/usbd_conf.o
                0x0000000008007c2c                HAL_PCD_MspInit
 .text.HAL_PCD_SetupStageCallback
                0x0000000008007cf0       0x24 USB_DEVICE/Target/usbd_conf.o
                0x0000000008007cf0                HAL_PCD_SetupStageCallback
 .text.HAL_PCD_DataOutStageCallback
                0x0000000008007d14       0x36 USB_DEVICE/Target/usbd_conf.o
                0x0000000008007d14                HAL_PCD_DataOutStageCallback
 .text.HAL_PCD_DataInStageCallback
                0x0000000008007d4a       0x34 USB_DEVICE/Target/usbd_conf.o
                0x0000000008007d4a                HAL_PCD_DataInStageCallback
 .text.HAL_PCD_SOFCallback
                0x0000000008007d7e       0x1c USB_DEVICE/Target/usbd_conf.o
                0x0000000008007d7e                HAL_PCD_SOFCallback
 .text.HAL_PCD_ResetCallback
                0x0000000008007d9a       0x3c USB_DEVICE/Target/usbd_conf.o
                0x0000000008007d9a                HAL_PCD_ResetCallback
 *fill*         0x0000000008007dd6        0x2 
 .text.HAL_PCD_SuspendCallback
                0x0000000008007dd8       0x4c USB_DEVICE/Target/usbd_conf.o
                0x0000000008007dd8                HAL_PCD_SuspendCallback
 .text.HAL_PCD_ResumeCallback
                0x0000000008007e24       0x1c USB_DEVICE/Target/usbd_conf.o
                0x0000000008007e24                HAL_PCD_ResumeCallback
 .text.HAL_PCD_ISOOUTIncompleteCallback
                0x0000000008007e40       0x24 USB_DEVICE/Target/usbd_conf.o
                0x0000000008007e40                HAL_PCD_ISOOUTIncompleteCallback
 .text.HAL_PCD_ISOINIncompleteCallback
                0x0000000008007e64       0x24 USB_DEVICE/Target/usbd_conf.o
                0x0000000008007e64                HAL_PCD_ISOINIncompleteCallback
 .text.HAL_PCD_ConnectCallback
                0x0000000008007e88       0x1c USB_DEVICE/Target/usbd_conf.o
                0x0000000008007e88                HAL_PCD_ConnectCallback
 .text.HAL_PCD_DisconnectCallback
                0x0000000008007ea4       0x1c USB_DEVICE/Target/usbd_conf.o
                0x0000000008007ea4                HAL_PCD_DisconnectCallback
 .text.USBD_LL_Init
                0x0000000008007ec0       0x98 USB_DEVICE/Target/usbd_conf.o
                0x0000000008007ec0                USBD_LL_Init
 .text.USBD_LL_Start
                0x0000000008007f58       0x36 USB_DEVICE/Target/usbd_conf.o
                0x0000000008007f58                USBD_LL_Start
 .text.USBD_LL_OpenEP
                0x0000000008007f8e       0x4c USB_DEVICE/Target/usbd_conf.o
                0x0000000008007f8e                USBD_LL_OpenEP
 .text.USBD_LL_CloseEP
                0x0000000008007fda       0x3e USB_DEVICE/Target/usbd_conf.o
                0x0000000008007fda                USBD_LL_CloseEP
 .text.USBD_LL_StallEP
                0x0000000008008018       0x3e USB_DEVICE/Target/usbd_conf.o
                0x0000000008008018                USBD_LL_StallEP
 .text.USBD_LL_ClearStallEP
                0x0000000008008056       0x3e USB_DEVICE/Target/usbd_conf.o
                0x0000000008008056                USBD_LL_ClearStallEP
 .text.USBD_LL_IsStallEP
                0x0000000008008094       0x58 USB_DEVICE/Target/usbd_conf.o
                0x0000000008008094                USBD_LL_IsStallEP
 .text.USBD_LL_SetUSBAddress
                0x00000000080080ec       0x3e USB_DEVICE/Target/usbd_conf.o
                0x00000000080080ec                USBD_LL_SetUSBAddress
 .text.USBD_LL_Transmit
                0x000000000800812a       0x46 USB_DEVICE/Target/usbd_conf.o
                0x000000000800812a                USBD_LL_Transmit
 .text.USBD_LL_PrepareReceive
                0x0000000008008170       0x46 USB_DEVICE/Target/usbd_conf.o
                0x0000000008008170                USBD_LL_PrepareReceive
 .text.USBD_LL_GetRxDataSize
                0x00000000080081b6       0x26 USB_DEVICE/Target/usbd_conf.o
                0x00000000080081b6                USBD_LL_GetRxDataSize
 .text.USBD_Get_USB_Status
                0x00000000080081dc       0x58 USB_DEVICE/Target/usbd_conf.o
                0x00000000080081dc                USBD_Get_USB_Status
 .text.__errno  0x0000000008008234        0xc c:/st/stm32cubeide_1.1.0/stm32cubeide/plugins/com.st.stm32cube.ide.mcu.externaltools.gnu-tools-for-stm32.7-2018-q2-update.win32_1.0.0.201904181610/tools/bin/../lib/gcc/arm-none-eabi/7.3.1/../../../../arm-none-eabi/lib/thumb/v7e-m/fpv4-sp/hard\libc_nano.a(lib_a-errno.o)
                0x0000000008008234                __errno
 .text.__libc_init_array
                0x0000000008008240       0x48 c:/st/stm32cubeide_1.1.0/stm32cubeide/plugins/com.st.stm32cube.ide.mcu.externaltools.gnu-tools-for-stm32.7-2018-q2-update.win32_1.0.0.201904181610/tools/bin/../lib/gcc/arm-none-eabi/7.3.1/../../../../arm-none-eabi/lib/thumb/v7e-m/fpv4-sp/hard\libc_nano.a(lib_a-init.o)
                0x0000000008008240                __libc_init_array
 .text.malloc   0x0000000008008288       0x10 c:/st/stm32cubeide_1.1.0/stm32cubeide/plugins/com.st.stm32cube.ide.mcu.externaltools.gnu-tools-for-stm32.7-2018-q2-update.win32_1.0.0.201904181610/tools/bin/../lib/gcc/arm-none-eabi/7.3.1/../../../../arm-none-eabi/lib/thumb/v7e-m/fpv4-sp/hard\libc_nano.a(lib_a-malloc.o)
                0x0000000008008288                malloc
 .text.free     0x0000000008008298       0x10 c:/st/stm32cubeide_1.1.0/stm32cubeide/plugins/com.st.stm32cube.ide.mcu.externaltools.gnu-tools-for-stm32.7-2018-q2-update.win32_1.0.0.201904181610/tools/bin/../lib/gcc/arm-none-eabi/7.3.1/../../../../arm-none-eabi/lib/thumb/v7e-m/fpv4-sp/hard\libc_nano.a(lib_a-malloc.o)
                0x0000000008008298                free
 .text.memset   0x00000000080082a8       0x10 c:/st/stm32cubeide_1.1.0/stm32cubeide/plugins/com.st.stm32cube.ide.mcu.externaltools.gnu-tools-for-stm32.7-2018-q2-update.win32_1.0.0.201904181610/tools/bin/../lib/gcc/arm-none-eabi/7.3.1/../../../../arm-none-eabi/lib/thumb/v7e-m/fpv4-sp/hard\libc_nano.a(lib_a-memset.o)
                0x00000000080082a8                memset
 .text._free_r  0x00000000080082b8       0x9c c:/st/stm32cubeide_1.1.0/stm32cubeide/plugins/com.st.stm32cube.ide.mcu.externaltools.gnu-tools-for-stm32.7-2018-q2-update.win32_1.0.0.201904181610/tools/bin/../lib/gcc/arm-none-eabi/7.3.1/../../../../arm-none-eabi/lib/thumb/v7e-m/fpv4-sp/hard\libc_nano.a(lib_a-nano-freer.o)
                0x00000000080082b8                _free_r
 .text._malloc_r
                0x0000000008008354       0xb4 c:/st/stm32cubeide_1.1.0/stm32cubeide/plugins/com.st.stm32cube.ide.mcu.externaltools.gnu-tools-for-stm32.7-2018-q2-update.win32_1.0.0.201904181610/tools/bin/../lib/gcc/arm-none-eabi/7.3.1/../../../../arm-none-eabi/lib/thumb/v7e-m/fpv4-sp/hard\libc_nano.a(lib_a-nano-mallocr.o)
                0x0000000008008354                _malloc_r
 .text._sbrk_r  0x0000000008008408       0x20 c:/st/stm32cubeide_1.1.0/stm32cubeide/plugins/com.st.stm32cube.ide.mcu.externaltools.gnu-tools-for-stm32.7-2018-q2-update.win32_1.0.0.201904181610/tools/bin/../lib/gcc/arm-none-eabi/7.3.1/../../../../arm-none-eabi/lib/thumb/v7e-m/fpv4-sp/hard\libc_nano.a(lib_a-sbrkr.o)
                0x0000000008008408                _sbrk_r
 .text.__malloc_lock
                0x0000000008008428        0x2 c:/st/stm32cubeide_1.1.0/stm32cubeide/plugins/com.st.stm32cube.ide.mcu.externaltools.gnu-tools-for-stm32.7-2018-q2-update.win32_1.0.0.201904181610/tools/bin/../lib/gcc/arm-none-eabi/7.3.1/../../../../arm-none-eabi/lib/thumb/v7e-m/fpv4-sp/hard\libc_nano.a(lib_a-mlock.o)
                0x0000000008008428                __malloc_lock
 .text.__malloc_unlock
                0x000000000800842a        0x2 c:/st/stm32cubeide_1.1.0/stm32cubeide/plugins/com.st.stm32cube.ide.mcu.externaltools.gnu-tools-for-stm32.7-2018-q2-update.win32_1.0.0.201904181610/tools/bin/../lib/gcc/arm-none-eabi/7.3.1/../../../../arm-none-eabi/lib/thumb/v7e-m/fpv4-sp/hard\libc_nano.a(lib_a-mlock.o)
                0x000000000800842a                __malloc_unlock
 *(.glue_7)
 .glue_7        0x000000000800842c        0x0 linker stubs
 *(.glue_7t)
 .glue_7t       0x000000000800842c        0x0 linker stubs
 *(.eh_frame)
 .eh_frame      0x000000000800842c        0x0 c:/st/stm32cubeide_1.1.0/stm32cubeide/plugins/com.st.stm32cube.ide.mcu.externaltools.gnu-tools-for-stm32.7-2018-q2-update.win32_1.0.0.201904181610/tools/bin/../lib/gcc/arm-none-eabi/7.3.1/thumb/v7e-m/fpv4-sp/hard/crtbegin.o
 *(.init)
 .init          0x000000000800842c        0x4 c:/st/stm32cubeide_1.1.0/stm32cubeide/plugins/com.st.stm32cube.ide.mcu.externaltools.gnu-tools-for-stm32.7-2018-q2-update.win32_1.0.0.201904181610/tools/bin/../lib/gcc/arm-none-eabi/7.3.1/thumb/v7e-m/fpv4-sp/hard/crti.o
                0x000000000800842c                _init
 .init          0x0000000008008430        0x8 c:/st/stm32cubeide_1.1.0/stm32cubeide/plugins/com.st.stm32cube.ide.mcu.externaltools.gnu-tools-for-stm32.7-2018-q2-update.win32_1.0.0.201904181610/tools/bin/../lib/gcc/arm-none-eabi/7.3.1/thumb/v7e-m/fpv4-sp/hard/crtn.o
 *(.fini)
 .fini          0x0000000008008438        0x4 c:/st/stm32cubeide_1.1.0/stm32cubeide/plugins/com.st.stm32cube.ide.mcu.externaltools.gnu-tools-for-stm32.7-2018-q2-update.win32_1.0.0.201904181610/tools/bin/../lib/gcc/arm-none-eabi/7.3.1/thumb/v7e-m/fpv4-sp/hard/crti.o
                0x0000000008008438                _fini
 .fini          0x000000000800843c        0x8 c:/st/stm32cubeide_1.1.0/stm32cubeide/plugins/com.st.stm32cube.ide.mcu.externaltools.gnu-tools-for-stm32.7-2018-q2-update.win32_1.0.0.201904181610/tools/bin/../lib/gcc/arm-none-eabi/7.3.1/thumb/v7e-m/fpv4-sp/hard/crtn.o
                0x0000000008008444                . = ALIGN (0x4)
                0x0000000008008444                _etext = .

.vfp11_veneer   0x0000000008008444        0x0
 .vfp11_veneer  0x0000000008008444        0x0 linker stubs

.v4_bx          0x0000000008008444        0x0
 .v4_bx         0x0000000008008444        0x0 linker stubs

.iplt           0x0000000008008444        0x0
 .iplt          0x0000000008008444        0x0 c:/st/stm32cubeide_1.1.0/stm32cubeide/plugins/com.st.stm32cube.ide.mcu.externaltools.gnu-tools-for-stm32.7-2018-q2-update.win32_1.0.0.201904181610/tools/bin/../lib/gcc/arm-none-eabi/7.3.1/thumb/v7e-m/fpv4-sp/hard/crtbegin.o

.rodata         0x0000000008008444      0x10c
                0x0000000008008444                . = ALIGN (0x4)
 *(.rodata)
 .rodata        0x0000000008008444       0xac Core/Src/main.o
 .rodata        0x00000000080084f0       0x46 USB_DEVICE/App/usbd_desc.o
 *(.rodata*)
 *fill*         0x0000000008008536        0x2 
 .rodata.AHBPrescTable
                0x0000000008008538       0x10 Core/Src/system_stm32f4xx.o
                0x0000000008008538                AHBPrescTable
 .rodata.APBPrescTable
                0x0000000008008548        0x8 Core/Src/system_stm32f4xx.o
                0x0000000008008548                APBPrescTable
                0x0000000008008550                . = ALIGN (0x4)

.ARM.extab      0x0000000008008550        0x0
                0x0000000008008550                . = ALIGN (0x4)
 *(.ARM.extab* .gnu.linkonce.armextab.*)
                0x0000000008008550                . = ALIGN (0x4)

.ARM            0x0000000008008550        0x8
                0x0000000008008550                . = ALIGN (0x4)
                0x0000000008008550                __exidx_start = .
 *(.ARM.exidx*)
 .ARM.exidx     0x0000000008008550        0x8 c:/st/stm32cubeide_1.1.0/stm32cubeide/plugins/com.st.stm32cube.ide.mcu.externaltools.gnu-tools-for-stm32.7-2018-q2-update.win32_1.0.0.201904181610/tools/bin/../lib/gcc/arm-none-eabi/7.3.1/thumb/v7e-m/fpv4-sp/hard\libgcc.a(_udivmoddi4.o)
                0x0000000008008558                __exidx_end = .
                0x0000000008008558                . = ALIGN (0x4)

.rel.dyn        0x0000000008008558        0x0
 .rel.iplt      0x0000000008008558        0x0 c:/st/stm32cubeide_1.1.0/stm32cubeide/plugins/com.st.stm32cube.ide.mcu.externaltools.gnu-tools-for-stm32.7-2018-q2-update.win32_1.0.0.201904181610/tools/bin/../lib/gcc/arm-none-eabi/7.3.1/thumb/v7e-m/fpv4-sp/hard/crtbegin.o

.preinit_array  0x0000000008008558        0x0
                0x0000000008008558                . = ALIGN (0x4)
                0x0000000008008558                PROVIDE (__preinit_array_start = .)
 *(.preinit_array*)
                0x0000000008008558                PROVIDE (__preinit_array_end = .)
                0x0000000008008558                . = ALIGN (0x4)

.init_array     0x0000000008008558        0x4
                0x0000000008008558                . = ALIGN (0x4)
                0x0000000008008558                PROVIDE (__init_array_start = .)
 *(SORT_BY_NAME(.init_array.*))
 *(.init_array*)
 .init_array    0x0000000008008558        0x4 c:/st/stm32cubeide_1.1.0/stm32cubeide/plugins/com.st.stm32cube.ide.mcu.externaltools.gnu-tools-for-stm32.7-2018-q2-update.win32_1.0.0.201904181610/tools/bin/../lib/gcc/arm-none-eabi/7.3.1/thumb/v7e-m/fpv4-sp/hard/crtbegin.o
                0x000000000800855c                PROVIDE (__init_array_end = .)
                0x000000000800855c                . = ALIGN (0x4)

.fini_array     0x000000000800855c        0x4
                0x000000000800855c                . = ALIGN (0x4)
                [!provide]                        PROVIDE (__fini_array_start = .)
 *(SORT_BY_NAME(.fini_array.*))
 *(.fini_array*)
 .fini_array    0x000000000800855c        0x4 c:/st/stm32cubeide_1.1.0/stm32cubeide/plugins/com.st.stm32cube.ide.mcu.externaltools.gnu-tools-for-stm32.7-2018-q2-update.win32_1.0.0.201904181610/tools/bin/../lib/gcc/arm-none-eabi/7.3.1/thumb/v7e-m/fpv4-sp/hard/crtbegin.o
                [!provide]                        PROVIDE (__fini_array_end = .)
                0x0000000008008560                . = ALIGN (0x4)
                0x0000000008008560                _sidata = LOADADDR (.data)

.data           0x0000000020000000      0x1e0 load address 0x0000000008008560
                0x0000000020000000                . = ALIGN (0x4)
                0x0000000020000000                _sdata = .
 *(.data)
 *(.data*)
 .data.SystemCoreClock
                0x0000000020000000        0x4 Core/Src/system_stm32f4xx.o
                0x0000000020000000                SystemCoreClock
 .data.uwTickPrio
                0x0000000020000004        0x4 Drivers/STM32F4xx_HAL_Driver/Src/stm32f4xx_hal.o
                0x0000000020000004                uwTickPrio
 .data.uwTickFreq
                0x0000000020000008        0x1 Drivers/STM32F4xx_HAL_Driver/Src/stm32f4xx_hal.o
                0x0000000020000008                uwTickFreq
 *fill*         0x0000000020000009        0x3 
 .data.USBD_CDC_DeviceQualifierDesc
                0x000000002000000c        0xa Middlewares/ST/STM32_USB_Device_Library/Class/CDC/Src/usbd_cdc.o
 *fill*         0x0000000020000016        0x2 
 .data.USBD_CDC
                0x0000000020000018       0x38 Middlewares/ST/STM32_USB_Device_Library/Class/CDC/Src/usbd_cdc.o
                0x0000000020000018                USBD_CDC
 .data.USBD_CDC_CfgHSDesc
                0x0000000020000050       0x43 Middlewares/ST/STM32_USB_Device_Library/Class/CDC/Src/usbd_cdc.o
                0x0000000020000050                USBD_CDC_CfgHSDesc
 *fill*         0x0000000020000093        0x1 
 .data.USBD_CDC_CfgFSDesc
                0x0000000020000094       0x43 Middlewares/ST/STM32_USB_Device_Library/Class/CDC/Src/usbd_cdc.o
                0x0000000020000094                USBD_CDC_CfgFSDesc
 *fill*         0x00000000200000d7        0x1 
 .data.USBD_CDC_OtherSpeedCfgDesc
                0x00000000200000d8       0x43 Middlewares/ST/STM32_USB_Device_Library/Class/CDC/Src/usbd_cdc.o
                0x00000000200000d8                USBD_CDC_OtherSpeedCfgDesc
 *fill*         0x000000002000011b        0x1 
 .data.USBD_Interface_fops_FS
                0x000000002000011c       0x10 USB_DEVICE/App/usbd_cdc_if.o
                0x000000002000011c                USBD_Interface_fops_FS
 .data.FS_Desc  0x000000002000012c       0x1c USB_DEVICE/App/usbd_desc.o
                0x000000002000012c                FS_Desc
 .data.USBD_FS_DeviceDesc
                0x0000000020000148       0x12 USB_DEVICE/App/usbd_desc.o
                0x0000000020000148                USBD_FS_DeviceDesc
 *fill*         0x000000002000015a        0x2 
 .data.USBD_LangIDDesc
                0x000000002000015c        0x4 USB_DEVICE/App/usbd_desc.o
                0x000000002000015c                USBD_LangIDDesc
 .data.USBD_StringSerial
                0x0000000020000160       0x1a USB_DEVICE/App/usbd_desc.o
                0x0000000020000160                USBD_StringSerial
 *fill*         0x000000002000017a        0x2 
 .data._impure_ptr
                0x000000002000017c        0x4 c:/st/stm32cubeide_1.1.0/stm32cubeide/plugins/com.st.stm32cube.ide.mcu.externaltools.gnu-tools-for-stm32.7-2018-q2-update.win32_1.0.0.201904181610/tools/bin/../lib/gcc/arm-none-eabi/7.3.1/../../../../arm-none-eabi/lib/thumb/v7e-m/fpv4-sp/hard\libc_nano.a(lib_a-impure.o)
                0x000000002000017c                _impure_ptr
 .data.impure_data
                0x0000000020000180       0x60 c:/st/stm32cubeide_1.1.0/stm32cubeide/plugins/com.st.stm32cube.ide.mcu.externaltools.gnu-tools-for-stm32.7-2018-q2-update.win32_1.0.0.201904181610/tools/bin/../lib/gcc/arm-none-eabi/7.3.1/../../../../arm-none-eabi/lib/thumb/v7e-m/fpv4-sp/hard\libc_nano.a(lib_a-impure.o)
                0x00000000200001e0                . = ALIGN (0x4)
                0x00000000200001e0                _edata = .

.igot.plt       0x00000000200001e0        0x0 load address 0x0000000008008740
 .igot.plt      0x00000000200001e0        0x0 c:/st/stm32cubeide_1.1.0/stm32cubeide/plugins/com.st.stm32cube.ide.mcu.externaltools.gnu-tools-for-stm32.7-2018-q2-update.win32_1.0.0.201904181610/tools/bin/../lib/gcc/arm-none-eabi/7.3.1/thumb/v7e-m/fpv4-sp/hard/crtbegin.o
                0x00000000200001e0                . = ALIGN (0x4)

.bss            0x00000000200001e0     0x1a94 load address 0x0000000008008740
                0x00000000200001e0                _sbss = .
                0x00000000200001e0                __bss_start__ = _sbss
 *(.bss)
 .bss           0x00000000200001e0       0x1c c:/st/stm32cubeide_1.1.0/stm32cubeide/plugins/com.st.stm32cube.ide.mcu.externaltools.gnu-tools-for-stm32.7-2018-q2-update.win32_1.0.0.201904181610/tools/bin/../lib/gcc/arm-none-eabi/7.3.1/thumb/v7e-m/fpv4-sp/hard/crtbegin.o
 *(.bss*)
 .bss.heap_end.6424
                0x00000000200001fc        0x4 Core/Src/sysmem.o
 .bss.cfgidx.10171
                0x0000000020000200        0x1 Middlewares/ST/STM32_USB_Device_Library/Core/Src/usbd_ctlreq.o
 *fill*         0x0000000020000201        0x3 
 .bss.__malloc_free_list
                0x0000000020000204        0x4 c:/st/stm32cubeide_1.1.0/stm32cubeide/plugins/com.st.stm32cube.ide.mcu.externaltools.gnu-tools-for-stm32.7-2018-q2-update.win32_1.0.0.201904181610/tools/bin/../lib/gcc/arm-none-eabi/7.3.1/../../../../arm-none-eabi/lib/thumb/v7e-m/fpv4-sp/hard\libc_nano.a(lib_a-nano-mallocr.o)
                0x0000000020000204                __malloc_free_list
 .bss.__malloc_sbrk_start
                0x0000000020000208        0x4 c:/st/stm32cubeide_1.1.0/stm32cubeide/plugins/com.st.stm32cube.ide.mcu.externaltools.gnu-tools-for-stm32.7-2018-q2-update.win32_1.0.0.201904181610/tools/bin/../lib/gcc/arm-none-eabi/7.3.1/../../../../arm-none-eabi/lib/thumb/v7e-m/fpv4-sp/hard\libc_nano.a(lib_a-nano-mallocr.o)
                0x0000000020000208                __malloc_sbrk_start
 *(COMMON)
 COMMON         0x000000002000020c      0x1bc Core/Src/main.o
                0x000000002000020c                hi2c1
                0x0000000020000260                huart1
                0x00000000200002a0                hspi1
                0x00000000200002f8                huart2
                0x0000000020000338                hi2s2
                0x0000000020000380                hi2s3
 COMMON         0x00000000200003c8        0x4 Drivers/STM32F4xx_HAL_Driver/Src/stm32f4xx_hal.o
                0x00000000200003c8                uwTick
 COMMON         0x00000000200003cc      0x29c USB_DEVICE/App/usb_device.o
                0x00000000200003cc                hUsbDeviceFS
 COMMON         0x0000000020000668     0x1000 USB_DEVICE/App/usbd_cdc_if.o
                0x0000000020000668                UserRxBufferFS
                0x0000000020000e68                UserTxBufferFS
 COMMON         0x0000000020001668      0x200 USB_DEVICE/App/usbd_desc.o
                0x0000000020001668                USBD_StrDesc
 COMMON         0x0000000020001868      0x408 USB_DEVICE/Target/usbd_conf.o
                0x0000000020001868                hpcd_USB_OTG_FS
 COMMON         0x0000000020001c70        0x4 c:/st/stm32cubeide_1.1.0/stm32cubeide/plugins/com.st.stm32cube.ide.mcu.externaltools.gnu-tools-for-stm32.7-2018-q2-update.win32_1.0.0.201904181610/tools/bin/../lib/gcc/arm-none-eabi/7.3.1/../../../../arm-none-eabi/lib/thumb/v7e-m/fpv4-sp/hard\libc_nano.a(lib_a-reent.o)
                0x0000000020001c70                errno
                0x0000000020001c74                . = ALIGN (0x4)
                0x0000000020001c74                _ebss = .
                0x0000000020001c74                __bss_end__ = _ebss

._user_heap_stack
                0x0000000020001c74      0x604 load address 0x0000000008008740
                0x0000000020001c78                . = ALIGN (0x8)
 *fill*         0x0000000020001c74        0x4 
                0x0000000020001c78                PROVIDE (end = .)
                [!provide]                        PROVIDE (_end = .)
                0x0000000020001e78                . = (. + _Min_Heap_Size)
 *fill*         0x0000000020001c78      0x200 
                0x0000000020002278                . = (. + _Min_Stack_Size)
 *fill*         0x0000000020001e78      0x400 
                0x0000000020002278                . = ALIGN (0x8)

/DISCARD/
 libc.a(*)
 libm.a(*)
 libgcc.a(*)

.ARM.attributes
                0x0000000000000000       0x30
 *(.ARM.attributes)
 .ARM.attributes
                0x0000000000000000       0x22 c:/st/stm32cubeide_1.1.0/stm32cubeide/plugins/com.st.stm32cube.ide.mcu.externaltools.gnu-tools-for-stm32.7-2018-q2-update.win32_1.0.0.201904181610/tools/bin/../lib/gcc/arm-none-eabi/7.3.1/thumb/v7e-m/fpv4-sp/hard/crti.o
 .ARM.attributes
                0x0000000000000022       0x34 c:/st/stm32cubeide_1.1.0/stm32cubeide/plugins/com.st.stm32cube.ide.mcu.externaltools.gnu-tools-for-stm32.7-2018-q2-update.win32_1.0.0.201904181610/tools/bin/../lib/gcc/arm-none-eabi/7.3.1/thumb/v7e-m/fpv4-sp/hard/crtbegin.o
 .ARM.attributes
                0x0000000000000056       0x39 Core/Src/main.o
 .ARM.attributes
                0x000000000000008f       0x39 Core/Src/stm32f4xx_hal_msp.o
 .ARM.attributes
                0x00000000000000c8       0x39 Core/Src/stm32f4xx_it.o
 .ARM.attributes
                0x0000000000000101       0x39 Core/Src/sysmem.o
 .ARM.attributes
                0x000000000000013a       0x39 Core/Src/system_stm32f4xx.o
 .ARM.attributes
                0x0000000000000173       0x21 Core/Startup/startup_stm32f411vetx.o
 .ARM.attributes
                0x0000000000000194       0x39 Drivers/STM32F4xx_HAL_Driver/Src/stm32f4xx_hal.o
 .ARM.attributes
                0x00000000000001cd       0x39 Drivers/STM32F4xx_HAL_Driver/Src/stm32f4xx_hal_cortex.o
 .ARM.attributes
                0x0000000000000206       0x39 Drivers/STM32F4xx_HAL_Driver/Src/stm32f4xx_hal_gpio.o
 .ARM.attributes
                0x000000000000023f       0x39 Drivers/STM32F4xx_HAL_Driver/Src/stm32f4xx_hal_i2c.o
 .ARM.attributes
                0x0000000000000278       0x39 Drivers/STM32F4xx_HAL_Driver/Src/stm32f4xx_hal_i2s.o
 .ARM.attributes
                0x00000000000002b1       0x39 Drivers/STM32F4xx_HAL_Driver/Src/stm32f4xx_hal_i2s_ex.o
 .ARM.attributes
                0x00000000000002ea       0x39 Drivers/STM32F4xx_HAL_Driver/Src/stm32f4xx_hal_pcd.o
 .ARM.attributes
                0x0000000000000323       0x39 Drivers/STM32F4xx_HAL_Driver/Src/stm32f4xx_hal_pcd_ex.o
 .ARM.attributes
                0x000000000000035c       0x39 Drivers/STM32F4xx_HAL_Driver/Src/stm32f4xx_hal_rcc.o
 .ARM.attributes
                0x0000000000000395       0x39 Drivers/STM32F4xx_HAL_Driver/Src/stm32f4xx_hal_rcc_ex.o
 .ARM.attributes
                0x00000000000003ce       0x39 Drivers/STM32F4xx_HAL_Driver/Src/stm32f4xx_hal_spi.o
 .ARM.attributes
                0x0000000000000407       0x39 Drivers/STM32F4xx_HAL_Driver/Src/stm32f4xx_hal_uart.o
 .ARM.attributes
                0x0000000000000440       0x39 Drivers/STM32F4xx_HAL_Driver/Src/stm32f4xx_ll_usb.o
 .ARM.attributes
                0x0000000000000479       0x39 Middlewares/ST/STM32_USB_Device_Library/Class/CDC/Src/usbd_cdc.o
 .ARM.attributes
                0x00000000000004b2       0x39 Middlewares/ST/STM32_USB_Device_Library/Core/Src/usbd_core.o
 .ARM.attributes
                0x00000000000004eb       0x39 Middlewares/ST/STM32_USB_Device_Library/Core/Src/usbd_ctlreq.o
 .ARM.attributes
                0x0000000000000524       0x39 Middlewares/ST/STM32_USB_Device_Library/Core/Src/usbd_ioreq.o
 .ARM.attributes
                0x000000000000055d       0x39 USB_DEVICE/App/usb_device.o
 .ARM.attributes
                0x0000000000000596       0x39 USB_DEVICE/App/usbd_cdc_if.o
 .ARM.attributes
                0x00000000000005cf       0x39 USB_DEVICE/App/usbd_desc.o
 .ARM.attributes
                0x0000000000000608       0x39 USB_DEVICE/Target/usbd_conf.o
 .ARM.attributes
                0x0000000000000641       0x34 c:/st/stm32cubeide_1.1.0/stm32cubeide/plugins/com.st.stm32cube.ide.mcu.externaltools.gnu-tools-for-stm32.7-2018-q2-update.win32_1.0.0.201904181610/tools/bin/../lib/gcc/arm-none-eabi/7.3.1/../../../../arm-none-eabi/lib/thumb/v7e-m/fpv4-sp/hard\libc_nano.a(lib_a-errno.o)
 .ARM.attributes
                0x0000000000000675       0x34 c:/st/stm32cubeide_1.1.0/stm32cubeide/plugins/com.st.stm32cube.ide.mcu.externaltools.gnu-tools-for-stm32.7-2018-q2-update.win32_1.0.0.201904181610/tools/bin/../lib/gcc/arm-none-eabi/7.3.1/../../../../arm-none-eabi/lib/thumb/v7e-m/fpv4-sp/hard\libc_nano.a(lib_a-impure.o)
 .ARM.attributes
                0x00000000000006a9       0x34 c:/st/stm32cubeide_1.1.0/stm32cubeide/plugins/com.st.stm32cube.ide.mcu.externaltools.gnu-tools-for-stm32.7-2018-q2-update.win32_1.0.0.201904181610/tools/bin/../lib/gcc/arm-none-eabi/7.3.1/../../../../arm-none-eabi/lib/thumb/v7e-m/fpv4-sp/hard\libc_nano.a(lib_a-init.o)
 .ARM.attributes
                0x00000000000006dd       0x34 c:/st/stm32cubeide_1.1.0/stm32cubeide/plugins/com.st.stm32cube.ide.mcu.externaltools.gnu-tools-for-stm32.7-2018-q2-update.win32_1.0.0.201904181610/tools/bin/../lib/gcc/arm-none-eabi/7.3.1/../../../../arm-none-eabi/lib/thumb/v7e-m/fpv4-sp/hard\libc_nano.a(lib_a-malloc.o)
 .ARM.attributes
                0x0000000000000711       0x34 c:/st/stm32cubeide_1.1.0/stm32cubeide/plugins/com.st.stm32cube.ide.mcu.externaltools.gnu-tools-for-stm32.7-2018-q2-update.win32_1.0.0.201904181610/tools/bin/../lib/gcc/arm-none-eabi/7.3.1/../../../../arm-none-eabi/lib/thumb/v7e-m/fpv4-sp/hard\libc_nano.a(lib_a-memset.o)
 .ARM.attributes
                0x0000000000000745       0x34 c:/st/stm32cubeide_1.1.0/stm32cubeide/plugins/com.st.stm32cube.ide.mcu.externaltools.gnu-tools-for-stm32.7-2018-q2-update.win32_1.0.0.201904181610/tools/bin/../lib/gcc/arm-none-eabi/7.3.1/../../../../arm-none-eabi/lib/thumb/v7e-m/fpv4-sp/hard\libc_nano.a(lib_a-nano-freer.o)
 .ARM.attributes
                0x0000000000000779       0x34 c:/st/stm32cubeide_1.1.0/stm32cubeide/plugins/com.st.stm32cube.ide.mcu.externaltools.gnu-tools-for-stm32.7-2018-q2-update.win32_1.0.0.201904181610/tools/bin/../lib/gcc/arm-none-eabi/7.3.1/../../../../arm-none-eabi/lib/thumb/v7e-m/fpv4-sp/hard\libc_nano.a(lib_a-nano-mallocr.o)
 .ARM.attributes
                0x00000000000007ad       0x34 c:/st/stm32cubeide_1.1.0/stm32cubeide/plugins/com.st.stm32cube.ide.mcu.externaltools.gnu-tools-for-stm32.7-2018-q2-update.win32_1.0.0.201904181610/tools/bin/../lib/gcc/arm-none-eabi/7.3.1/../../../../arm-none-eabi/lib/thumb/v7e-m/fpv4-sp/hard\libc_nano.a(lib_a-sbrkr.o)
 .ARM.attributes
                0x00000000000007e1       0x34 c:/st/stm32cubeide_1.1.0/stm32cubeide/plugins/com.st.stm32cube.ide.mcu.externaltools.gnu-tools-for-stm32.7-2018-q2-update.win32_1.0.0.201904181610/tools/bin/../lib/gcc/arm-none-eabi/7.3.1/../../../../arm-none-eabi/lib/thumb/v7e-m/fpv4-sp/hard\libc_nano.a(lib_a-mlock.o)
 .ARM.attributes
                0x0000000000000815       0x34 c:/st/stm32cubeide_1.1.0/stm32cubeide/plugins/com.st.stm32cube.ide.mcu.externaltools.gnu-tools-for-stm32.7-2018-q2-update.win32_1.0.0.201904181610/tools/bin/../lib/gcc/arm-none-eabi/7.3.1/../../../../arm-none-eabi/lib/thumb/v7e-m/fpv4-sp/hard\libc_nano.a(lib_a-reent.o)
 .ARM.attributes
                0x0000000000000849       0x22 c:/st/stm32cubeide_1.1.0/stm32cubeide/plugins/com.st.stm32cube.ide.mcu.externaltools.gnu-tools-for-stm32.7-2018-q2-update.win32_1.0.0.201904181610/tools/bin/../lib/gcc/arm-none-eabi/7.3.1/thumb/v7e-m/fpv4-sp/hard\libgcc.a(_aeabi_uldivmod.o)
 .ARM.attributes
                0x000000000000086b       0x34 c:/st/stm32cubeide_1.1.0/stm32cubeide/plugins/com.st.stm32cube.ide.mcu.externaltools.gnu-tools-for-stm32.7-2018-q2-update.win32_1.0.0.201904181610/tools/bin/../lib/gcc/arm-none-eabi/7.3.1/thumb/v7e-m/fpv4-sp/hard\libgcc.a(_udivmoddi4.o)
 .ARM.attributes
                0x000000000000089f       0x22 c:/st/stm32cubeide_1.1.0/stm32cubeide/plugins/com.st.stm32cube.ide.mcu.externaltools.gnu-tools-for-stm32.7-2018-q2-update.win32_1.0.0.201904181610/tools/bin/../lib/gcc/arm-none-eabi/7.3.1/thumb/v7e-m/fpv4-sp/hard\libgcc.a(_dvmd_tls.o)
 .ARM.attributes
                0x00000000000008c1       0x22 c:/st/stm32cubeide_1.1.0/stm32cubeide/plugins/com.st.stm32cube.ide.mcu.externaltools.gnu-tools-for-stm32.7-2018-q2-update.win32_1.0.0.201904181610/tools/bin/../lib/gcc/arm-none-eabi/7.3.1/thumb/v7e-m/fpv4-sp/hard/crtn.o
OUTPUT(Wifi_client.elf elf32-littlearm)

.debug_info     0x0000000000000000    0x198c2
 .debug_info    0x0000000000000000     0x1fe7 Core/Src/main.o
 .debug_info    0x0000000000001fe7     0x121d Core/Src/stm32f4xx_hal_msp.o
 .debug_info    0x0000000000003204      0x623 Core/Src/stm32f4xx_it.o
 .debug_info    0x0000000000003827      0x91c Core/Src/sysmem.o
 .debug_info    0x0000000000004143      0x52c Core/Src/system_stm32f4xx.o
 .debug_info    0x000000000000466f       0x22 Core/Startup/startup_stm32f411vetx.o
 .debug_info    0x0000000000004691      0x8b5 Drivers/STM32F4xx_HAL_Driver/Src/stm32f4xx_hal.o
 .debug_info    0x0000000000004f46      0xd46 Drivers/STM32F4xx_HAL_Driver/Src/stm32f4xx_hal_cortex.o
 .debug_info    0x0000000000005c8c      0x78b Drivers/STM32F4xx_HAL_Driver/Src/stm32f4xx_hal_gpio.o
 .debug_info    0x0000000000006417     0x2324 Drivers/STM32F4xx_HAL_Driver/Src/stm32f4xx_hal_i2c.o
 .debug_info    0x000000000000873b      0xd85 Drivers/STM32F4xx_HAL_Driver/Src/stm32f4xx_hal_i2s.o
 .debug_info    0x00000000000094c0      0xb1c Drivers/STM32F4xx_HAL_Driver/Src/stm32f4xx_hal_i2s_ex.o
 .debug_info    0x0000000000009fdc     0x10c2 Drivers/STM32F4xx_HAL_Driver/Src/stm32f4xx_hal_pcd.o
 .debug_info    0x000000000000b09e      0x701 Drivers/STM32F4xx_HAL_Driver/Src/stm32f4xx_hal_pcd_ex.o
 .debug_info    0x000000000000b79f      0x8ce Drivers/STM32F4xx_HAL_Driver/Src/stm32f4xx_hal_rcc.o
 .debug_info    0x000000000000c06d      0x5c6 Drivers/STM32F4xx_HAL_Driver/Src/stm32f4xx_hal_rcc_ex.o
 .debug_info    0x000000000000c633     0x15e0 Drivers/STM32F4xx_HAL_Driver/Src/stm32f4xx_hal_spi.o
 .debug_info    0x000000000000dc13     0x11cd Drivers/STM32F4xx_HAL_Driver/Src/stm32f4xx_hal_uart.o
 .debug_info    0x000000000000ede0     0x188b Drivers/STM32F4xx_HAL_Driver/Src/stm32f4xx_ll_usb.o
 .debug_info    0x000000000001066b     0x1733 Middlewares/ST/STM32_USB_Device_Library/Class/CDC/Src/usbd_cdc.o
 .debug_info    0x0000000000011d9e     0x117b Middlewares/ST/STM32_USB_Device_Library/Core/Src/usbd_core.o
 .debug_info    0x0000000000012f19     0x10dc Middlewares/ST/STM32_USB_Device_Library/Core/Src/usbd_ctlreq.o
 .debug_info    0x0000000000013ff5      0xedc Middlewares/ST/STM32_USB_Device_Library/Core/Src/usbd_ioreq.o
 .debug_info    0x0000000000014ed1      0xe24 USB_DEVICE/App/usb_device.o
 .debug_info    0x0000000000015cf5      0xfe4 USB_DEVICE/App/usbd_cdc_if.o
 .debug_info    0x0000000000016cd9      0xcc9 USB_DEVICE/App/usbd_desc.o
 .debug_info    0x00000000000179a2     0x1f20 USB_DEVICE/Target/usbd_conf.o

.debug_abbrev   0x0000000000000000     0x37e3
 .debug_abbrev  0x0000000000000000      0x268 Core/Src/main.o
 .debug_abbrev  0x0000000000000268      0x1c4 Core/Src/stm32f4xx_hal_msp.o
 .debug_abbrev  0x000000000000042c      0x164 Core/Src/stm32f4xx_it.o
 .debug_abbrev  0x0000000000000590      0x1bb Core/Src/sysmem.o
 .debug_abbrev  0x000000000000074b      0x111 Core/Src/system_stm32f4xx.o
 .debug_abbrev  0x000000000000085c       0x12 Core/Startup/startup_stm32f411vetx.o
 .debug_abbrev  0x000000000000086e      0x1f6 Drivers/STM32F4xx_HAL_Driver/Src/stm32f4xx_hal.o
 .debug_abbrev  0x0000000000000a64      0x2fa Drivers/STM32F4xx_HAL_Driver/Src/stm32f4xx_hal_cortex.o
 .debug_abbrev  0x0000000000000d5e      0x1c9 Drivers/STM32F4xx_HAL_Driver/Src/stm32f4xx_hal_gpio.o
 .debug_abbrev  0x0000000000000f27      0x263 Drivers/STM32F4xx_HAL_Driver/Src/stm32f4xx_hal_i2c.o
 .debug_abbrev  0x000000000000118a      0x22a Drivers/STM32F4xx_HAL_Driver/Src/stm32f4xx_hal_i2s.o
 .debug_abbrev  0x00000000000013b4      0x255 Drivers/STM32F4xx_HAL_Driver/Src/stm32f4xx_hal_i2s_ex.o
 .debug_abbrev  0x0000000000001609      0x266 Drivers/STM32F4xx_HAL_Driver/Src/stm32f4xx_hal_pcd.o
 .debug_abbrev  0x000000000000186f      0x1cf Drivers/STM32F4xx_HAL_Driver/Src/stm32f4xx_hal_pcd_ex.o
 .debug_abbrev  0x0000000000001a3e      0x245 Drivers/STM32F4xx_HAL_Driver/Src/stm32f4xx_hal_rcc.o
 .debug_abbrev  0x0000000000001c83      0x173 Drivers/STM32F4xx_HAL_Driver/Src/stm32f4xx_hal_rcc_ex.o
 .debug_abbrev  0x0000000000001df6      0x240 Drivers/STM32F4xx_HAL_Driver/Src/stm32f4xx_hal_spi.o
 .debug_abbrev  0x0000000000002036      0x251 Drivers/STM32F4xx_HAL_Driver/Src/stm32f4xx_hal_uart.o
 .debug_abbrev  0x0000000000002287      0x26d Drivers/STM32F4xx_HAL_Driver/Src/stm32f4xx_ll_usb.o
 .debug_abbrev  0x00000000000024f4      0x2b6 Middlewares/ST/STM32_USB_Device_Library/Class/CDC/Src/usbd_cdc.o
 .debug_abbrev  0x00000000000027aa      0x270 Middlewares/ST/STM32_USB_Device_Library/Core/Src/usbd_core.o
 .debug_abbrev  0x0000000000002a1a      0x2a0 Middlewares/ST/STM32_USB_Device_Library/Core/Src/usbd_ctlreq.o
 .debug_abbrev  0x0000000000002cba      0x1e0 Middlewares/ST/STM32_USB_Device_Library/Core/Src/usbd_ioreq.o
 .debug_abbrev  0x0000000000002e9a      0x1be USB_DEVICE/App/usb_device.o
 .debug_abbrev  0x0000000000003058      0x285 USB_DEVICE/App/usbd_cdc_if.o
 .debug_abbrev  0x00000000000032dd      0x265 USB_DEVICE/App/usbd_desc.o
 .debug_abbrev  0x0000000000003542      0x2a1 USB_DEVICE/Target/usbd_conf.o

.debug_aranges  0x0000000000000000     0x1378
 .debug_aranges
                0x0000000000000000       0x68 Core/Src/main.o
 .debug_aranges
                0x0000000000000068       0x60 Core/Src/stm32f4xx_hal_msp.o
 .debug_aranges
                0x00000000000000c8       0x68 Core/Src/stm32f4xx_it.o
 .debug_aranges
                0x0000000000000130       0x20 Core/Src/sysmem.o
 .debug_aranges
                0x0000000000000150       0x28 Core/Src/system_stm32f4xx.o
 .debug_aranges
                0x0000000000000178       0x28 Core/Startup/startup_stm32f411vetx.o
 .debug_aranges
                0x00000000000001a0       0xf0 Drivers/STM32F4xx_HAL_Driver/Src/stm32f4xx_hal.o
 .debug_aranges
                0x0000000000000290      0x118 Drivers/STM32F4xx_HAL_Driver/Src/stm32f4xx_hal_cortex.o
 .debug_aranges
                0x00000000000003a8       0x58 Drivers/STM32F4xx_HAL_Driver/Src/stm32f4xx_hal_gpio.o
 .debug_aranges
                0x0000000000000400      0x290 Drivers/STM32F4xx_HAL_Driver/Src/stm32f4xx_hal_i2c.o
 .debug_aranges
                0x0000000000000690      0x108 Drivers/STM32F4xx_HAL_Driver/Src/stm32f4xx_hal_i2s.o
 .debug_aranges
                0x0000000000000798       0x88 Drivers/STM32F4xx_HAL_Driver/Src/stm32f4xx_hal_i2s_ex.o
 .debug_aranges
                0x0000000000000820      0x130 Drivers/STM32F4xx_HAL_Driver/Src/stm32f4xx_hal_pcd.o
 .debug_aranges
                0x0000000000000950       0x38 Drivers/STM32F4xx_HAL_Driver/Src/stm32f4xx_hal_pcd_ex.o
 .debug_aranges
                0x0000000000000988       0x88 Drivers/STM32F4xx_HAL_Driver/Src/stm32f4xx_hal_rcc.o
 .debug_aranges
                0x0000000000000a10       0x50 Drivers/STM32F4xx_HAL_Driver/Src/stm32f4xx_hal_rcc_ex.o
 .debug_aranges
                0x0000000000000a60      0x1d0 Drivers/STM32F4xx_HAL_Driver/Src/stm32f4xx_hal_spi.o
 .debug_aranges
                0x0000000000000c30      0x1d0 Drivers/STM32F4xx_HAL_Driver/Src/stm32f4xx_hal_uart.o
 .debug_aranges
                0x0000000000000e00      0x198 Drivers/STM32F4xx_HAL_Driver/Src/stm32f4xx_ll_usb.o
 .debug_aranges
                0x0000000000000f98       0x90 Middlewares/ST/STM32_USB_Device_Library/Class/CDC/Src/usbd_cdc.o
 .debug_aranges
                0x0000000000001028       0xb8 Middlewares/ST/STM32_USB_Device_Library/Core/Src/usbd_core.o
 .debug_aranges
                0x00000000000010e0       0x88 Middlewares/ST/STM32_USB_Device_Library/Core/Src/usbd_ctlreq.o
 .debug_aranges
                0x0000000000001168       0x50 Middlewares/ST/STM32_USB_Device_Library/Core/Src/usbd_ioreq.o
 .debug_aranges
                0x00000000000011b8       0x20 USB_DEVICE/App/usb_device.o
 .debug_aranges
                0x00000000000011d8       0x40 USB_DEVICE/App/usbd_cdc_if.o
 .debug_aranges
                0x0000000000001218       0x60 USB_DEVICE/App/usbd_desc.o
 .debug_aranges
                0x0000000000001278      0x100 USB_DEVICE/Target/usbd_conf.o

.debug_ranges   0x0000000000000000     0x11f0
 .debug_ranges  0x0000000000000000       0x58 Core/Src/main.o
 .debug_ranges  0x0000000000000058       0x50 Core/Src/stm32f4xx_hal_msp.o
 .debug_ranges  0x00000000000000a8       0x58 Core/Src/stm32f4xx_it.o
 .debug_ranges  0x0000000000000100       0x10 Core/Src/sysmem.o
 .debug_ranges  0x0000000000000110       0x18 Core/Src/system_stm32f4xx.o
 .debug_ranges  0x0000000000000128       0x20 Core/Startup/startup_stm32f411vetx.o
 .debug_ranges  0x0000000000000148       0xe0 Drivers/STM32F4xx_HAL_Driver/Src/stm32f4xx_hal.o
 .debug_ranges  0x0000000000000228      0x108 Drivers/STM32F4xx_HAL_Driver/Src/stm32f4xx_hal_cortex.o
 .debug_ranges  0x0000000000000330       0x48 Drivers/STM32F4xx_HAL_Driver/Src/stm32f4xx_hal_gpio.o
 .debug_ranges  0x0000000000000378      0x2a0 Drivers/STM32F4xx_HAL_Driver/Src/stm32f4xx_hal_i2c.o
 .debug_ranges  0x0000000000000618       0xf8 Drivers/STM32F4xx_HAL_Driver/Src/stm32f4xx_hal_i2s.o
 .debug_ranges  0x0000000000000710       0x78 Drivers/STM32F4xx_HAL_Driver/Src/stm32f4xx_hal_i2s_ex.o
 .debug_ranges  0x0000000000000788      0x120 Drivers/STM32F4xx_HAL_Driver/Src/stm32f4xx_hal_pcd.o
 .debug_ranges  0x00000000000008a8       0x28 Drivers/STM32F4xx_HAL_Driver/Src/stm32f4xx_hal_pcd_ex.o
 .debug_ranges  0x00000000000008d0       0x78 Drivers/STM32F4xx_HAL_Driver/Src/stm32f4xx_hal_rcc.o
 .debug_ranges  0x0000000000000948       0x40 Drivers/STM32F4xx_HAL_Driver/Src/stm32f4xx_hal_rcc_ex.o
 .debug_ranges  0x0000000000000988      0x1c0 Drivers/STM32F4xx_HAL_Driver/Src/stm32f4xx_hal_spi.o
 .debug_ranges  0x0000000000000b48      0x1c0 Drivers/STM32F4xx_HAL_Driver/Src/stm32f4xx_hal_uart.o
 .debug_ranges  0x0000000000000d08      0x188 Drivers/STM32F4xx_HAL_Driver/Src/stm32f4xx_ll_usb.o
 .debug_ranges  0x0000000000000e90       0x80 Middlewares/ST/STM32_USB_Device_Library/Class/CDC/Src/usbd_cdc.o
 .debug_ranges  0x0000000000000f10       0xa8 Middlewares/ST/STM32_USB_Device_Library/Core/Src/usbd_core.o
 .debug_ranges  0x0000000000000fb8       0x78 Middlewares/ST/STM32_USB_Device_Library/Core/Src/usbd_ctlreq.o
 .debug_ranges  0x0000000000001030       0x40 Middlewares/ST/STM32_USB_Device_Library/Core/Src/usbd_ioreq.o
 .debug_ranges  0x0000000000001070       0x10 USB_DEVICE/App/usb_device.o
 .debug_ranges  0x0000000000001080       0x30 USB_DEVICE/App/usbd_cdc_if.o
 .debug_ranges  0x00000000000010b0       0x50 USB_DEVICE/App/usbd_desc.o
 .debug_ranges  0x0000000000001100       0xf0 USB_DEVICE/Target/usbd_conf.o

.debug_macro    0x0000000000000000    0x1a0f4
 .debug_macro   0x0000000000000000      0x450 Core/Src/main.o
 .debug_macro   0x0000000000000450      0xa5a Core/Src/main.o
 .debug_macro   0x0000000000000eaa      0x19c Core/Src/main.o
 .debug_macro   0x0000000000001046       0x32 Core/Src/main.o
 .debug_macro   0x0000000000001078       0x28 Core/Src/main.o
 .debug_macro   0x00000000000010a0       0x22 Core/Src/main.o
 .debug_macro   0x00000000000010c2       0x8e Core/Src/main.o
 .debug_macro   0x0000000000001150       0x51 Core/Src/main.o
 .debug_macro   0x00000000000011a1       0xef Core/Src/main.o
 .debug_macro   0x0000000000001290       0x6a Core/Src/main.o
 .debug_macro   0x00000000000012fa      0x1df Core/Src/main.o
 .debug_macro   0x00000000000014d9       0x1c Core/Src/main.o
 .debug_macro   0x00000000000014f5       0x22 Core/Src/main.o
 .debug_macro   0x0000000000001517       0xdf Core/Src/main.o
 .debug_macro   0x00000000000015f6     0x102d Core/Src/main.o
 .debug_macro   0x0000000000002623      0x11f Core/Src/main.o
 .debug_macro   0x0000000000002742     0xb93e Core/Src/main.o
 .debug_macro   0x000000000000e080       0x43 Core/Src/main.o
 .debug_macro   0x000000000000e0c3     0x35d4 Core/Src/main.o
 .debug_macro   0x0000000000011697      0x174 Core/Src/main.o
 .debug_macro   0x000000000001180b       0x5a Core/Src/main.o
 .debug_macro   0x0000000000011865      0x447 Core/Src/main.o
 .debug_macro   0x0000000000011cac      0x9fe Core/Src/main.o
 .debug_macro   0x00000000000126aa       0xed Core/Src/main.o
 .debug_macro   0x0000000000012797      0x117 Core/Src/main.o
 .debug_macro   0x00000000000128ae      0x11b Core/Src/main.o
 .debug_macro   0x00000000000129c9       0x27 Core/Src/main.o
 .debug_macro   0x00000000000129f0      0x287 Core/Src/main.o
 .debug_macro   0x0000000000012c77       0x5f Core/Src/main.o
 .debug_macro   0x0000000000012cd6      0x236 Core/Src/main.o
 .debug_macro   0x0000000000012f0c      0x132 Core/Src/main.o
 .debug_macro   0x000000000001303e      0x264 Core/Src/main.o
 .debug_macro   0x00000000000132a2       0x2e Core/Src/main.o
 .debug_macro   0x00000000000132d0      0x1ae Core/Src/main.o
 .debug_macro   0x000000000001347e       0x22 Core/Src/main.o
 .debug_macro   0x00000000000134a0       0xd6 Core/Src/main.o
 .debug_macro   0x0000000000013576      0x199 Core/Src/main.o
 .debug_macro   0x000000000001370f       0x40 Core/Src/main.o
 .debug_macro   0x000000000001374f       0x4a Core/Src/main.o
 .debug_macro   0x0000000000013799      0x11a Core/Src/main.o
 .debug_macro   0x00000000000138b3       0x85 Core/Src/main.o
 .debug_macro   0x0000000000013938       0x89 Core/Src/main.o
 .debug_macro   0x00000000000139c1      0x225 Core/Src/main.o
 .debug_macro   0x0000000000013be6      0x287 Core/Src/main.o
 .debug_macro   0x0000000000013e6d      0x225 Core/Src/main.o
 .debug_macro   0x0000000000014092       0xe4 Core/Src/main.o
 .debug_macro   0x0000000000014176      0x126 Core/Src/main.o
 .debug_macro   0x000000000001429c      0x19d Core/Src/main.o
 .debug_macro   0x0000000000014439       0x46 Core/Src/main.o
 .debug_macro   0x000000000001447f       0x18 Core/Src/main.o
 .debug_macro   0x0000000000014497       0x3c Core/Src/main.o
 .debug_macro   0x00000000000144d3       0x34 Core/Src/main.o
 .debug_macro   0x0000000000014507       0x16 Core/Src/main.o
 .debug_macro   0x000000000001451d       0x35 Core/Src/main.o
 .debug_macro   0x0000000000014552      0x32a Core/Src/main.o
 .debug_macro   0x000000000001487c       0x10 Core/Src/main.o
 .debug_macro   0x000000000001488c       0x52 Core/Src/main.o
 .debug_macro   0x00000000000148de       0x1f Core/Src/main.o
 .debug_macro   0x00000000000148fd       0x43 Core/Src/main.o
 .debug_macro   0x0000000000014940       0x20 Core/Src/main.o
 .debug_macro   0x0000000000014960      0x1a3 Core/Src/main.o
 .debug_macro   0x0000000000014b03       0x10 Core/Src/main.o
 .debug_macro   0x0000000000014b13       0x1c Core/Src/main.o
 .debug_macro   0x0000000000014b2f       0x52 Core/Src/main.o
 .debug_macro   0x0000000000014b81       0x40 Core/Src/main.o
 .debug_macro   0x0000000000014bc1       0x10 Core/Src/main.o
 .debug_macro   0x0000000000014bd1       0x40 Core/Src/main.o
 .debug_macro   0x0000000000014c11       0xd7 Core/Src/main.o
 .debug_macro   0x0000000000014ce8       0x1c Core/Src/main.o
 .debug_macro   0x0000000000014d04       0x3d Core/Src/main.o
 .debug_macro   0x0000000000014d41       0x16 Core/Src/main.o
 .debug_macro   0x0000000000014d57      0x145 Core/Src/main.o
 .debug_macro   0x0000000000014e9c       0x16 Core/Src/main.o
 .debug_macro   0x0000000000014eb2       0x16 Core/Src/main.o
 .debug_macro   0x0000000000014ec8       0x29 Core/Src/main.o
 .debug_macro   0x0000000000014ef1       0x16 Core/Src/main.o
 .debug_macro   0x0000000000014f07       0x20 Core/Src/main.o
 .debug_macro   0x0000000000014f27       0x65 Core/Src/main.o
 .debug_macro   0x0000000000014f8c      0x1d0 Core/Src/main.o
 .debug_macro   0x000000000001515c       0x8f Core/Src/main.o
 .debug_macro   0x00000000000151eb      0x229 Core/Src/stm32f4xx_hal_msp.o
 .debug_macro   0x0000000000015414      0x233 Core/Src/stm32f4xx_it.o
 .debug_macro   0x0000000000015647      0x1ae Core/Src/sysmem.o
 .debug_macro   0x00000000000157f5      0x23b Core/Src/sysmem.o
 .debug_macro   0x0000000000015a30      0x220 Core/Src/system_stm32f4xx.o
 .debug_macro   0x0000000000015c50      0x27a Drivers/STM32F4xx_HAL_Driver/Src/stm32f4xx_hal.o
 .debug_macro   0x0000000000015eca      0x21a Drivers/STM32F4xx_HAL_Driver/Src/stm32f4xx_hal_cortex.o
 .debug_macro   0x00000000000160e4      0x250 Drivers/STM32F4xx_HAL_Driver/Src/stm32f4xx_hal_gpio.o
 .debug_macro   0x0000000000016334      0x25a Drivers/STM32F4xx_HAL_Driver/Src/stm32f4xx_hal_i2c.o
 .debug_macro   0x000000000001658e      0x21b Drivers/STM32F4xx_HAL_Driver/Src/stm32f4xx_hal_i2s.o
 .debug_macro   0x00000000000167a9      0x21a Drivers/STM32F4xx_HAL_Driver/Src/stm32f4xx_hal_i2s_ex.o
 .debug_macro   0x00000000000169c3      0x226 Drivers/STM32F4xx_HAL_Driver/Src/stm32f4xx_hal_pcd.o
 .debug_macro   0x0000000000016be9      0x21a Drivers/STM32F4xx_HAL_Driver/Src/stm32f4xx_hal_pcd_ex.o
 .debug_macro   0x0000000000016e03      0x23e Drivers/STM32F4xx_HAL_Driver/Src/stm32f4xx_hal_rcc.o
 .debug_macro   0x0000000000017041      0x21a Drivers/STM32F4xx_HAL_Driver/Src/stm32f4xx_hal_rcc_ex.o
 .debug_macro   0x000000000001725b      0x229 Drivers/STM32F4xx_HAL_Driver/Src/stm32f4xx_hal_spi.o
 .debug_macro   0x0000000000017484      0x21b Drivers/STM32F4xx_HAL_Driver/Src/stm32f4xx_hal_uart.o
 .debug_macro   0x000000000001769f      0x21a Drivers/STM32F4xx_HAL_Driver/Src/stm32f4xx_ll_usb.o
 .debug_macro   0x00000000000178b9      0x436 Middlewares/ST/STM32_USB_Device_Library/Class/CDC/Src/usbd_cdc.o
 .debug_macro   0x0000000000017cef       0x97 Middlewares/ST/STM32_USB_Device_Library/Class/CDC/Src/usbd_cdc.o
 .debug_macro   0x0000000000017d86       0xfd Middlewares/ST/STM32_USB_Device_Library/Class/CDC/Src/usbd_cdc.o
 .debug_macro   0x0000000000017e83       0xd9 Middlewares/ST/STM32_USB_Device_Library/Class/CDC/Src/usbd_cdc.o
 .debug_macro   0x0000000000017f5c       0x54 Middlewares/ST/STM32_USB_Device_Library/Class/CDC/Src/usbd_cdc.o
 .debug_macro   0x0000000000017fb0      0x41d Middlewares/ST/STM32_USB_Device_Library/Core/Src/usbd_core.o
 .debug_macro   0x00000000000183cd      0x1d6 Middlewares/ST/STM32_USB_Device_Library/Core/Src/usbd_core.o
 .debug_macro   0x00000000000185a3      0x427 Middlewares/ST/STM32_USB_Device_Library/Core/Src/usbd_ctlreq.o
 .debug_macro   0x00000000000189ca      0x423 Middlewares/ST/STM32_USB_Device_Library/Core/Src/usbd_ioreq.o
 .debug_macro   0x0000000000018ded      0x457 USB_DEVICE/App/usb_device.o
 .debug_macro   0x0000000000019244      0x1a3 USB_DEVICE/App/usb_device.o
 .debug_macro   0x00000000000193e7       0x22 USB_DEVICE/App/usb_device.o
 .debug_macro   0x0000000000019409      0x448 USB_DEVICE/App/usbd_cdc_if.o
 .debug_macro   0x0000000000019851      0x460 USB_DEVICE/App/usbd_desc.o
 .debug_macro   0x0000000000019cb1       0x1c USB_DEVICE/App/usbd_desc.o
 .debug_macro   0x0000000000019ccd      0x427 USB_DEVICE/Target/usbd_conf.o

.debug_line     0x0000000000000000    0x1305e
 .debug_line    0x0000000000000000      0xbfa Core/Src/main.o
 .debug_line    0x0000000000000bfa      0x854 Core/Src/stm32f4xx_hal_msp.o
 .debug_line    0x000000000000144e      0x806 Core/Src/stm32f4xx_it.o
 .debug_line    0x0000000000001c54      0x55e Core/Src/sysmem.o
 .debug_line    0x00000000000021b2      0x771 Core/Src/system_stm32f4xx.o
 .debug_line    0x0000000000002923       0x86 Core/Startup/startup_stm32f411vetx.o
 .debug_line    0x00000000000029a9      0x952 Drivers/STM32F4xx_HAL_Driver/Src/stm32f4xx_hal.o
 .debug_line    0x00000000000032fb      0xa79 Drivers/STM32F4xx_HAL_Driver/Src/stm32f4xx_hal_cortex.o
 .debug_line    0x0000000000003d74      0x8f8 Drivers/STM32F4xx_HAL_Driver/Src/stm32f4xx_hal_gpio.o
 .debug_line    0x000000000000466c     0x1b35 Drivers/STM32F4xx_HAL_Driver/Src/stm32f4xx_hal_i2c.o
 .debug_line    0x00000000000061a1      0xd0d Drivers/STM32F4xx_HAL_Driver/Src/stm32f4xx_hal_i2s.o