19:40:52 **** Incremental Build of configuration Debug for project Wifi_server ****
make -j4 all 
arm-none-eabi-size   Wifi_server.elf 
   text	   data	    bss	    dec	    hex	filename
  33200	    488	   8280	  41968	   a3f0	Wifi_server.elf
Finished building: default.size.stdout
 
19:42:51 **** Incremental Build of configuration Debug for project Wifi_client ****
make -j4 all 
arm-none-eabi-gcc "../Core/Src/main.c" -mcpu=cortex-m4 -std=gnu11 -g3 -DUSE_HAL_DRIVER -DSTM32F411xE -DDEBUG -c -I../USB_DEVICE/Target -I../Drivers/CMSIS/Include -I../Drivers/STM32F4xx_HAL_Driver/Inc -I../Core/Inc -I../Middlewares/ST/STM32_USB_Device_Library/Class/CDC/Inc -I../USB_DEVICE/App -I../Drivers/CMSIS/Device/ST/STM32F4xx/Include -I../Middlewares/ST/STM32_USB_Device_Library/Core/Inc -I../Drivers/STM32F4xx_HAL_Driver/Inc/Legacy -O0 -ffunction-sections -fdata-sections -Wall -fstack-usage -MMD -MP -MF"Core/Src/main.d" -MT"Core/Src/main.o" --specs=nano.specs -mfpu=fpv4-sp-d16 -mfloat-abi=hard -mthumb -o "Core/Src/main.o"
arm-none-eabi-gcc -o "Wifi_client.elf" @"objects.list"   -mcpu=cortex-m4 -T"C:\projekt_fresh\FeriDrone\fifi\Wifi_client\STM32F411VETX_FLASH.ld" --specs=nosys.specs -Wl,-Map="Wifi_client.map" -Wl,--gc-sections -static --specs=nano.specs -mfpu=fpv4-sp-d16 -mfloat-abi=hard -mthumb -Wl,--start-group -lc -lm -Wl,--end-group
Finished building target: Wifi_client.elf
 
arm-none-eabi-objdump -h -S  Wifi_client.elf  > "Wifi_client.list"
arm-none-eabi-size   Wifi_client.elf 
   text	   data	    bss	    dec	    hex	filename
  33712	    488	   8344	  42544	   a630	Wifi_client.elf
Finished building: default.size.stdout
 
Finished building: Wifi_client.list
 
19:43:53 **** Incremental Build of configuration Debug for project Wifi_server ****
make -j4 all 
arm-none-eabi-size   Wifi_server.elf 
   text	   data	    bss	    dec	    hex	filename
  33200	    488	   8280	  41968	   a3f0	Wifi_server.elf
Finished building: default.size.stdout
 
09:20:36 **** Incremental Build of configuration Debug for project Wifi_server ****
make -j4 all 
arm-none-eabi-size   Wifi_server.elf 
   text	   data	    bss	    dec	    hex	filename
  33200	    488	   8280	  41968	   a3f0	Wifi_server.elf
Finished building: default.size.stdout
 
09:21:24 **** Incremental Build of configuration Debug for project Wifi_server ****
make -j4 all 
arm-none-eabi-size   Wifi_server.elf 
   text	   data	    bss	    dec	    hex	filename
  33200	    488	   8280	  41968	   a3f0	Wifi_server.elf
Finished building: default.size.stdout
 
09:22:28 **** Incremental Build of configuration Debug for project Wifi_client ****
make -j4 all 
arm-none-eabi-size   Wifi_client.elf 
   text	   data	    bss	    dec	    hex	filename
  33712	    488	   8344	  42544	   a630	Wifi_client.elf
Finished building: default.size.stdout
 
