Archive member included to satisfy reference by file (symbol)

c:/st/stm32cubeide_1.1.0/stm32cubeide/plugins/com.st.stm32cube.ide.mcu.externaltools.gnu-tools-for-stm32.7-2018-q2-update.win32_1.0.0.201904181610/tools/bin/../lib/gcc/arm-none-eabi/7.3.1/../../../../arm-none-eabi/lib/thumb/v7e-m/fpv4-sp/hard\libc_nano.a(lib_a-errno.o)
                              Core/Src/syscalls.o (__errno)
c:/st/stm32cubeide_1.1.0/stm32cubeide/plugins/com.st.stm32cube.ide.mcu.externaltools.gnu-tools-for-stm32.7-2018-q2-update.win32_1.0.0.201904181610/tools/bin/../lib/gcc/arm-none-eabi/7.3.1/../../../../arm-none-eabi/lib/thumb/v7e-m/fpv4-sp/hard\libc_nano.a(lib_a-exit.o)
                              c:/st/stm32cubeide_1.1.0/stm32cubeide/plugins/com.st.stm32cube.ide.mcu.externaltools.gnu-tools-for-stm32.7-2018-q2-update.win32_1.0.0.201904181610/tools/bin/../lib/gcc/arm-none-eabi/7.3.1/../../../../arm-none-eabi/lib/thumb/v7e-m/fpv4-sp/hard/crt0.o (exit)
c:/st/stm32cubeide_1.1.0/stm32cubeide/plugins/com.st.stm32cube.ide.mcu.externaltools.gnu-tools-for-stm32.7-2018-q2-update.win32_1.0.0.201904181610/tools/bin/../lib/gcc/arm-none-eabi/7.3.1/../../../../arm-none-eabi/lib/thumb/v7e-m/fpv4-sp/hard\libc_nano.a(lib_a-impure.o)
                              c:/st/stm32cubeide_1.1.0/stm32cubeide/plugins/com.st.stm32cube.ide.mcu.externaltools.gnu-tools-for-stm32.7-2018-q2-update.win32_1.0.0.201904181610/tools/bin/../lib/gcc/arm-none-eabi/7.3.1/../../../../arm-none-eabi/lib/thumb/v7e-m/fpv4-sp/hard\libc_nano.a(lib_a-exit.o) (_global_impure_ptr)
c:/st/stm32cubeide_1.1.0/stm32cubeide/plugins/com.st.stm32cube.ide.mcu.externaltools.gnu-tools-for-stm32.7-2018-q2-update.win32_1.0.0.201904181610/tools/bin/../lib/gcc/arm-none-eabi/7.3.1/../../../../arm-none-eabi/lib/thumb/v7e-m/fpv4-sp/hard\libc_nano.a(lib_a-init.o)
                              c:/st/stm32cubeide_1.1.0/stm32cubeide/plugins/com.st.stm32cube.ide.mcu.externaltools.gnu-tools-for-stm32.7-2018-q2-update.win32_1.0.0.201904181610/tools/bin/../lib/gcc/arm-none-eabi/7.3.1/../../../../arm-none-eabi/lib/thumb/v7e-m/fpv4-sp/hard/crt0.o (__libc_init_array)
c:/st/stm32cubeide_1.1.0/stm32cubeide/plugins/com.st.stm32cube.ide.mcu.externaltools.gnu-tools-for-stm32.7-2018-q2-update.win32_1.0.0.201904181610/tools/bin/../lib/gcc/arm-none-eabi/7.3.1/../../../../arm-none-eabi/lib/thumb/v7e-m/fpv4-sp/hard\libc_nano.a(lib_a-malloc.o)
                              Middlewares/ST/STM32_USB_Device_Library/Class/CDC/Src/usbd_cdc.o (malloc)
c:/st/stm32cubeide_1.1.0/stm32cubeide/plugins/com.st.stm32cube.ide.mcu.externaltools.gnu-tools-for-stm32.7-2018-q2-update.win32_1.0.0.201904181610/tools/bin/../lib/gcc/arm-none-eabi/7.3.1/../../../../arm-none-eabi/lib/thumb/v7e-m/fpv4-sp/hard\libc_nano.a(lib_a-memcpy-stub.o)
                              Middlewares/Third_Party/FreeRTOS/Source/CMSIS_RTOS_V2/cmsis_os2.o (memcpy)
c:/st/stm32cubeide_1.1.0/stm32cubeide/plugins/com.st.stm32cube.ide.mcu.externaltools.gnu-tools-for-stm32.7-2018-q2-update.win32_1.0.0.201904181610/tools/bin/../lib/gcc/arm-none-eabi/7.3.1/../../../../arm-none-eabi/lib/thumb/v7e-m/fpv4-sp/hard\libc_nano.a(lib_a-memset.o)
                              c:/st/stm32cubeide_1.1.0/stm32cubeide/plugins/com.st.stm32cube.ide.mcu.externaltools.gnu-tools-for-stm32.7-2018-q2-update.win32_1.0.0.201904181610/tools/bin/../lib/gcc/arm-none-eabi/7.3.1/../../../../arm-none-eabi/lib/thumb/v7e-m/fpv4-sp/hard/crt0.o (memset)
c:/st/stm32cubeide_1.1.0/stm32cubeide/plugins/com.st.stm32cube.ide.mcu.externaltools.gnu-tools-for-stm32.7-2018-q2-update.win32_1.0.0.201904181610/tools/bin/../lib/gcc/arm-none-eabi/7.3.1/../../../../arm-none-eabi/lib/thumb/v7e-m/fpv4-sp/hard\libc_nano.a(lib_a-nano-freer.o)
                              c:/st/stm32cubeide_1.1.0/stm32cubeide/plugins/com.st.stm32cube.ide.mcu.externaltools.gnu-tools-for-stm32.7-2018-q2-update.win32_1.0.0.201904181610/tools/bin/../lib/gcc/arm-none-eabi/7.3.1/../../../../arm-none-eabi/lib/thumb/v7e-m/fpv4-sp/hard\libc_nano.a(lib_a-malloc.o) (_free_r)
c:/st/stm32cubeide_1.1.0/stm32cubeide/plugins/com.st.stm32cube.ide.mcu.externaltools.gnu-tools-for-stm32.7-2018-q2-update.win32_1.0.0.201904181610/tools/bin/../lib/gcc/arm-none-eabi/7.3.1/../../../../arm-none-eabi/lib/thumb/v7e-m/fpv4-sp/hard\libc_nano.a(lib_a-nano-mallocr.o)
                              c:/st/stm32cubeide_1.1.0/stm32cubeide/plugins/com.st.stm32cube.ide.mcu.externaltools.gnu-tools-for-stm32.7-2018-q2-update.win32_1.0.0.201904181610/tools/bin/../lib/gcc/arm-none-eabi/7.3.1/../../../../arm-none-eabi/lib/thumb/v7e-m/fpv4-sp/hard\libc_nano.a(lib_a-malloc.o) (_malloc_r)
c:/st/stm32cubeide_1.1.0/stm32cubeide/plugins/com.st.stm32cube.ide.mcu.externaltools.gnu-tools-for-stm32.7-2018-q2-update.win32_1.0.0.201904181610/tools/bin/../lib/gcc/arm-none-eabi/7.3.1/../../../../arm-none-eabi/lib/thumb/v7e-m/fpv4-sp/hard\libc_nano.a(lib_a-sbrkr.o)
[...]
Memory Configuration

Name             Origin             Length             Attributes
RAM              0x0000000020000000 0x0000000000020000 xrw
FLASH            0x0000000008000000 0x0000000000080000 xr
*default*        0x0000000000000000 0xffffffffffffffff

Linker script and memory map

LOAD c:/st/stm32cubeide_1.1.0/stm32cubeide/plugins/com.st.stm32cube.ide.mcu.externaltools.gnu-tools-for-stm32.7-2018-q2-update.win32_1.0.0.201904181610/tools/bin/../lib/gcc/arm-none-eabi/7.3.1/thumb/v7e-m/fpv4-sp/hard/crti.o
LOAD c:/st/stm32cubeide_1.1.0/stm32cubeide/plugins/com.st.stm32cube.ide.mcu.externaltools.gnu-tools-for-stm32.7-2018-q2-update.win32_1.0.0.201904181610/tools/bin/../lib/gcc/arm-none-eabi/7.3.1/thumb/v7e-m/fpv4-sp/hard/crtbegin.o
LOAD c:/st/stm32cubeide_1.1.0/stm32cubeide/plugins/com.st.stm32cube.ide.mcu.externaltools.gnu-tools-for-stm32.7-2018-q2-update.win32_1.0.0.201904181610/tools/bin/../lib/gcc/arm-none-eabi/7.3.1/../../../../arm-none-eabi/lib/thumb/v7e-m/fpv4-sp/hard/crt0.o
LOAD Core/Src/MagdwickAHRS.o
LOAD Core/Src/freertos.o
LOAD Core/Src/main.o
LOAD Core/Src/stm32f4xx_hal_msp.o
LOAD Core/Src/stm32f4xx_hal_timebase_tim.o
LOAD Core/Src/stm32f4xx_it.o
LOAD Core/Src/syscalls.o
LOAD Core/Src/sysmem.o
LOAD Core/Src/system_stm32f4xx.o
LOAD Core/Startup/startup_stm32f411vetx.o
LOAD Drivers/STM32F4xx_HAL_Driver/Src/stm32f4xx_hal.o
LOAD Drivers/STM32F4xx_HAL_Driver/Src/stm32f4xx_hal_cortex.o
LOAD Drivers/STM32F4xx_HAL_Driver/Src/stm32f4xx_hal_dma.o
LOAD Drivers/STM32F4xx_HAL_Driver/Src/stm32f4xx_hal_dma_ex.o
LOAD Drivers/STM32F4xx_HAL_Driver/Src/stm32f4xx_hal_exti.o
LOAD Drivers/STM32F4xx_HAL_Driver/Src/stm32f4xx_hal_flash.o
LOAD Drivers/STM32F4xx_HAL_Driver/Src/stm32f4xx_hal_flash_ex.o
LOAD Drivers/STM32F4xx_HAL_Driver/Src/stm32f4xx_hal_flash_ramfunc.o
LOAD Drivers/STM32F4xx_HAL_Driver/Src/stm32f4xx_hal_gpio.o
LOAD Drivers/STM32F4xx_HAL_Driver/Src/stm32f4xx_hal_i2c.o
LOAD Drivers/STM32F4xx_HAL_Driver/Src/stm32f4xx_hal_i2c_ex.o
LOAD Drivers/STM32F4xx_HAL_Driver/Src/stm32f4xx_hal_i2s.o
LOAD Drivers/STM32F4xx_HAL_Driver/Src/stm32f4xx_hal_i2s_ex.o
LOAD Drivers/STM32F4xx_HAL_Driver/Src/stm32f4xx_hal_pcd.o
LOAD Drivers/STM32F4xx_HAL_Driver/Src/stm32f4xx_hal_pcd_ex.o
LOAD Drivers/STM32F4xx_HAL_Driver/Src/stm32f4xx_hal_pwr.o
LOAD Drivers/STM32F4xx_HAL_Driver/Src/stm32f4xx_hal_pwr_ex.o
LOAD Drivers/STM32F4xx_HAL_Driver/Src/stm32f4xx_hal_rcc.o
LOAD Drivers/STM32F4xx_HAL_Driver/Src/stm32f4xx_hal_rcc_ex.o
LOAD Drivers/STM32F4xx_HAL_Driver/Src/stm32f4xx_hal_spi.o
LOAD Drivers/STM32F4xx_HAL_Driver/Src/stm32f4xx_hal_tim.o
LOAD Drivers/STM32F4xx_HAL_Driver/Src/stm32f4xx_hal_tim_ex.o
LOAD Drivers/STM32F4xx_HAL_Driver/Src/stm32f4xx_ll_usb.o
LOAD Middlewares/ST/STM32_USB_Device_Library/Class/CDC/Src/usbd_cdc.o
LOAD Middlewares/ST/STM32_USB_Device_Library/Core/Src/usbd_core.o
LOAD Middlewares/ST/STM32_USB_Device_Library/Core/Src/usbd_ctlreq.o
LOAD Middlewares/ST/STM32_USB_Device_Library/Core/Src/usbd_ioreq.o
LOAD Middlewares/Third_Party/FreeRTOS/Source/CMSIS_RTOS_V2/cmsis_os2.o
LOAD Middlewares/Third_Party/FreeRTOS/Source/croutine.o
LOAD Middlewares/Third_Party/FreeRTOS/Source/event_groups.o
LOAD Middlewares/Third_Party/FreeRTOS/Source/list.o
LOAD Middlewares/Third_Party/FreeRTOS/Source/queue.o
LOAD Middlewares/Third_Party/FreeRTOS/Source/stream_buffer.o
LOAD Middlewares/Third_Party/FreeRTOS/Source/tasks.o
LOAD Middlewares/Third_Party/FreeRTOS/Source/timers.o
LOAD Middlewares/Third_Party/FreeRTOS/Source/portable/GCC/ARM_CM4F/port.o
LOAD Middlewares/Third_Party/FreeRTOS/Source/portable/MemMang/heap_4.o
LOAD USB_DEVICE/App/usb_device.o
LOAD USB_DEVICE/App/usbd_cdc_if.o
LOAD USB_DEVICE/App/usbd_desc.o
LOAD USB_DEVICE/Target/usbd_conf.o
START GROUP
LOAD c:/st/stm32cubeide_1.1.0/stm32cubeide/plugins/com.st.stm32cube.ide.mcu.externaltools.gnu-tools-for-stm32.7-2018-q2-update.win32_1.0.0.201904181610/tools/bin/../lib/gcc/arm-none-eabi/7.3.1/../../../../arm-none-eabi/lib/thumb/v7e-m/fpv4-sp/hard\libc_nano.a
LOAD c:/st/stm32cubeide_1.1.0/stm32cubeide/plugins/com.st.stm32cube.ide.mcu.externaltools.gnu-tools-for-stm32.7-2018-q2-update.win32_1.0.0.201904181610/tools/bin/../lib/gcc/arm-none-eabi/7.3.1/../../../../arm-none-eabi/lib/thumb/v7e-m/fpv4-sp/hard\libm.a
END GROUP
START GROUP
LOAD c:/st/stm32cubeide_1.1.0/stm32cubeide/plugins/com.st.stm32cube.ide.mcu.externaltools.gnu-tools-for-stm32.7-2018-q2-update.win32_1.0.0.201904181610/tools/bin/../lib/gcc/arm-none-eabi/7.3.1/thumb/v7e-m/fpv4-sp/hard\libgcc.a
LOAD c:/st/stm32cubeide_1.1.0/stm32cubeide/plugins/com.st.stm32cube.ide.mcu.externaltools.gnu-tools-for-stm32.7-2018-q2-update.win32_1.0.0.201904181610/tools/bin/../lib/gcc/arm-none-eabi/7.3.1/../../../../arm-none-eabi/lib/thumb/v7e-m/fpv4-sp/hard\libc_nano.a
END GROUP
START GROUP
LOAD c:/st/stm32cubeide_1.1.0/stm32cubeide/plugins/com.st.stm32cube.ide.mcu.externaltools.gnu-tools-for-stm32.7-2018-q2-update.win32_1.0.0.201904181610/tools/bin/../lib/gcc/arm-none-eabi/7.3.1/thumb/v7e-m/fpv4-sp/hard\libgcc.a
LOAD c:/st/stm32cubeide_1.1.0/stm32cubeide/plugins/com.st.stm32cube.ide.mcu.externaltools.gnu-tools-for-stm32.7-2018-q2-update.win32_1.0.0.201904181610/tools/bin/../lib/gcc/arm-none-eabi/7.3.1/../../../../arm-none-eabi/lib/thumb/v7e-m/fpv4-sp/hard\libc_nano.a
LOAD c:/st/stm32cubeide_1.1.0/stm32cubeide/plugins/com.st.stm32cube.ide.mcu.externaltools.gnu-tools-for-stm32.7-2018-q2-update.win32_1.0.0.201904181610/tools/bin/../lib/gcc/arm-none-eabi/7.3.1/../../../../arm-none-eabi/lib/thumb/v7e-m/fpv4-sp/hard\libnosys.a
END GROUP
START GROUP
LOAD c:/st/stm32cubeide_1.1.0/stm32cubeide/plugins/com.st.stm32cube.ide.mcu.externaltools.gnu-tools-for-stm32.7-2018-q2-update.win32_1.0.0.201904181610/tools/bin/../lib/gcc/arm-none-eabi/7.3.1/thumb/v7e-m/fpv4-sp/hard\libgcc.a
LOAD c:/st/stm32cubeide_1.1.0/stm32cubeide/plugins/com.st.stm32cube.ide.mcu.externaltools.gnu-tools-for-stm32.7-2018-q2-update.win32_1.0.0.201904181610/tools/bin/../lib/gcc/arm-none-eabi/7.3.1/../../../../arm-none-eabi/lib/thumb/v7e-m/fpv4-sp/hard\libc_nano.a
LOAD c:/st/stm32cubeide_1.1.0/stm32cubeide/plugins/com.st.stm32cube.ide.mcu.externaltools.gnu-tools-for-stm32.7-2018-q2-update.win32_1.0.0.201904181610/tools/bin/../lib/gcc/arm-none-eabi/7.3.1/../../../../arm-none-eabi/lib/thumb/v7e-m/fpv4-sp/hard\libnosys.a
END GROUP
LOAD c:/st/stm32cubeide_1.1.0/stm32cubeide/plugins/com.st.stm32cube.ide.mcu.externaltools.gnu-tools-for-stm32.7-2018-q2-update.win32_1.0.0.201904181610/tools/bin/../lib/gcc/arm-none-eabi/7.3.1/thumb/v7e-m/fpv4-sp/hard/crtend.o
LOAD c:/st/stm32cubeide_1.1.0/stm32cubeide/plugins/com.st.stm32cube.ide.mcu.externaltools.gnu-tools-for-stm32.7-2018-q2-update.win32_1.0.0.201904181610/tools/bin/../lib/gcc/arm-none-eabi/7.3.1/thumb/v7e-m/fpv4-sp/hard/crtn.o
                0x0000000020020000                _estack = (ORIGIN (RAM) + LENGTH (RAM))
                0x0000000000000200                _Min_Heap_Size = 0x200
                0x0000000000000400                _Min_Stack_Size = 0x400

.isr_vector     0x0000000008000000      0x198
                0x0000000008000000                . = ALIGN (0x4)
 *(.isr_vector)
 .isr_vector    0x0000000008000000      0x198 Core/Startup/startup_stm32f411vetx.o
                0x0000000008000000                g_pfnVectors
                0x0000000008000198                . = ALIGN (0x4)

.text           0x00000000080001a0     0xbe70
                0x00000000080001a0                . = ALIGN (0x4)
 *(.text)
 .text          0x00000000080001a0       0x40 c:/st/stm32cubeide_1.1.0/stm32cubeide/plugins/com.st.stm32cube.ide.mcu.externaltools.gnu-tools-for-stm32.7-2018-q2-update.win32_1.0.0.201904181610/tools/bin/../lib/gcc/arm-none-eabi/7.3.1/thumb/v7e-m/fpv4-sp/hard/crtbegin.o
 .text          0x00000000080001e0       0x30 c:/st/stm32cubeide_1.1.0/stm32cubeide/plugins/com.st.stm32cube.ide.mcu.externaltools.gnu-tools-for-stm32.7-2018-q2-update.win32_1.0.0.201904181610/tools/bin/../lib/gcc/arm-none-eabi/7.3.1/thumb/v7e-m/fpv4-sp/hard\libgcc.a(_aeabi_uldivmod.o)
                0x00000000080001e0                __aeabi_uldivmod
 .text          0x0000000008000210      0x2cc c:/st/stm32cubeide_1.1.0/stm32cubeide/plugins/com.st.stm32cube.ide.mcu.externaltools.gnu-tools-for-stm32.7-2018-q2-update.win32_1.0.0.201904181610/tools/bin/../lib/gcc/arm-none-eabi/7.3.1/thumb/v7e-m/fpv4-sp/hard\libgcc.a(_udivmoddi4.o)
                0x0000000008000210                __udivmoddi4
 .text          0x00000000080004dc        0x4 c:/st/stm32cubeide_1.1.0/stm32cubeide/plugins/com.st.stm32cube.ide.mcu.externaltools.gnu-tools-for-stm32.7-2018-q2-update.win32_1.0.0.201904181610/tools/bin/../lib/gcc/arm-none-eabi/7.3.1/thumb/v7e-m/fpv4-sp/hard\libgcc.a(_dvmd_tls.o)
                0x00000000080004dc                __aeabi_idiv0
                0x00000000080004dc                __aeabi_ldiv0
 *(.text*)
 .text.spi1_beriRegister
                0x00000000080004e0       0x58 Core/Src/main.o
                0x00000000080004e0                spi1_beriRegister
 .text.spi1_pisiRegister
                0x0000000008000538       0x54 Core/Src/main.o
                0x0000000008000538                spi1_pisiRegister
 .text.spi1_beriRegistre
                0x000000000800058c       0x58 Core/Src/main.o
                0x000000000800058c                spi1_beriRegistre
 .text.initL3GD20
                0x00000000080005e4       0x28 Core/Src/main.o
                0x00000000080005e4                initL3GD20
 .text.i2c1_pisiRegister
                0x000000000800060c       0x44 Core/Src/main.o
                0x000000000800060c                i2c1_pisiRegister
 .text.i2c1_beriRegistre
                0x0000000008000650       0x5c Core/Src/main.o
                0x0000000008000650                i2c1_beriRegistre
 .text.initLSM303DLHC
                0x00000000080006ac       0x22 Core/Src/main.o
                0x00000000080006ac                initLSM303DLHC
 *fill*         0x00000000080006ce        0x2 
 .text.main     0x00000000080006d0       0xdc Core/Src/main.o
                0x00000000080006d0                main
 .text.SystemClock_Config
                0x00000000080007ac      0x108 Core/Src/main.o
                0x00000000080007ac                SystemClock_Config
 .text.MX_I2C1_Init
                0x00000000080008b4       0x5c Core/Src/main.o
 .text.MX_I2S2_Init
                0x0000000008000910       0x5c Core/Src/main.o
 .text.MX_I2S3_Init
                0x000000000800096c       0x60 Core/Src/main.o
 .text.MX_SPI1_Init
                0x00000000080009cc       0x6c Core/Src/main.o
 .text.MX_GPIO_Init
                0x0000000008000a38      0x1b4 Core/Src/main.o
 .text.StartMerjenjeNagiba
                0x0000000008000bec      0x108 Core/Src/main.o
                0x0000000008000bec                StartMerjenjeNagiba
 .text.StartTrilateracija
                0x0000000008000cf4       0x10 Core/Src/main.o
                0x0000000008000cf4                StartTrilateracija
 .text.StartPilotiranje
                0x0000000008000d04       0x10 Core/Src/main.o
                0x0000000008000d04                StartPilotiranje
 .text.HAL_TIM_PeriodElapsedCallback
                0x0000000008000d14       0x24 Core/Src/main.o
                0x0000000008000d14                HAL_TIM_PeriodElapsedCallback
 .text.Error_Handler
                0x0000000008000d38        0xe Core/Src/main.o
                0x0000000008000d38                Error_Handler
 *fill*         0x0000000008000d46        0x2 
 .text.HAL_MspInit
                0x0000000008000d48       0x58 Core/Src/stm32f4xx_hal_msp.o
                0x0000000008000d48                HAL_MspInit
 .text.HAL_I2C_MspInit
                0x0000000008000da0       0x90 Core/Src/stm32f4xx_hal_msp.o
                0x0000000008000da0                HAL_I2C_MspInit
 .text.HAL_I2S_MspInit
                0x0000000008000e30      0x19c Core/Src/stm32f4xx_hal_msp.o
                0x0000000008000e30                HAL_I2S_MspInit
 .text.HAL_SPI_MspInit
                0x0000000008000fcc       0x90 Core/Src/stm32f4xx_hal_msp.o
                0x0000000008000fcc                HAL_SPI_MspInit
 .text.HAL_InitTick
                0x000000000800105c       0xb0 Core/Src/stm32f4xx_hal_timebase_tim.o
                0x000000000800105c                HAL_InitTick
 .text.NMI_Handler
                0x000000000800110c        0xe Core/Src/stm32f4xx_it.o
                0x000000000800110c                NMI_Handler
 .text.HardFault_Handler
                0x000000000800111a        0x6 Core/Src/stm32f4xx_it.o
                0x000000000800111a                HardFault_Handler
 .text.MemManage_Handler
                0x0000000008001120        0x6 Core/Src/stm32f4xx_it.o
                0x0000000008001120                MemManage_Handler
 .text.BusFault_Handler
                0x0000000008001126        0x6 Core/Src/stm32f4xx_it.o
                0x0000000008001126                BusFault_Handler
 .text.UsageFault_Handler
                0x000000000800112c        0x6 Core/Src/stm32f4xx_it.o
                0x000000000800112c                UsageFault_Handler
 .text.DebugMon_Handler
                0x0000000008001132        0xe Core/Src/stm32f4xx_it.o
                0x0000000008001132                DebugMon_Handler
 .text.TIM1_UP_TIM10_IRQHandler
                0x0000000008001140       0x14 Core/Src/stm32f4xx_it.o
                0x0000000008001140                TIM1_UP_TIM10_IRQHandler
 .text.OTG_FS_IRQHandler
                0x0000000008001154       0x14 Core/Src/stm32f4xx_it.o
                0x0000000008001154                OTG_FS_IRQHandler
 .text._sbrk    0x0000000008001168       0x58 Core/Src/sysmem.o
                0x0000000008001168                _sbrk
 .text.SystemInit
                0x00000000080011c0       0x6c Core/Src/system_stm32f4xx.o
                0x00000000080011c0                SystemInit
 .text.Reset_Handler
                0x000000000800122c       0x50 Core/Startup/startup_stm32f411vetx.o
                0x000000000800122c                Reset_Handler
 .text.Default_Handler
                0x000000000800127c        0x2 Core/Startup/startup_stm32f411vetx.o
                0x000000000800127c                RTC_Alarm_IRQHandler
                0x000000000800127c                EXTI2_IRQHandler
                0x000000000800127c                SPI4_IRQHandler
                0x000000000800127c                TIM1_CC_IRQHandler
                0x000000000800127c                DMA2_Stream5_IRQHandler
                0x000000000800127c                DMA1_Stream5_IRQHandler
                0x000000000800127c                PVD_IRQHandler
                0x000000000800127c                SDIO_IRQHandler
                0x000000000800127c                TAMP_STAMP_IRQHandler
                0x000000000800127c                EXTI3_IRQHandler
                0x000000000800127c                I2C3_ER_IRQHandler
                0x000000000800127c                EXTI0_IRQHandler
                0x000000000800127c                I2C2_EV_IRQHandler
                0x000000000800127c                DMA1_Stream2_IRQHandler
                0x000000000800127c                FPU_IRQHandler
                0x000000000800127c                DMA2_Stream2_IRQHandler
                0x000000000800127c                SPI1_IRQHandler
                0x000000000800127c                TIM1_BRK_TIM9_IRQHandler
                0x000000000800127c                DMA2_Stream3_IRQHandler
                0x000000000800127c                USART6_IRQHandler
                0x000000000800127c                DMA2_Stream0_IRQHandler
                0x000000000800127c                TIM4_IRQHandler
                0x000000000800127c                I2C1_EV_IRQHandler
                0x000000000800127c                DMA1_Stream6_IRQHandler
                0x000000000800127c                DMA1_Stream1_IRQHandler
                0x000000000800127c                TIM3_IRQHandler
                0x000000000800127c                RCC_IRQHandler
                0x000000000800127c                Default_Handler
                0x000000000800127c                EXTI15_10_IRQHandler
                0x000000000800127c                ADC_IRQHandler
                0x000000000800127c                DMA1_Stream7_IRQHandler
                0x000000000800127c                SPI5_IRQHandler
                0x000000000800127c                TIM5_IRQHandler
                0x000000000800127c                DMA2_Stream7_IRQHandler
                0x000000000800127c                I2C3_EV_IRQHandler
                0x000000000800127c                EXTI9_5_IRQHandler
                0x000000000800127c                RTC_WKUP_IRQHandler
                0x000000000800127c                SPI2_IRQHandler
                0x000000000800127c                DMA1_Stream0_IRQHandler
                0x000000000800127c                EXTI4_IRQHandler
                0x000000000800127c                WWDG_IRQHandler
                0x000000000800127c                TIM2_IRQHandler
                0x000000000800127c                OTG_FS_WKUP_IRQHandler
                0x000000000800127c                TIM1_TRG_COM_TIM11_IRQHandler
                0x000000000800127c                EXTI1_IRQHandler
                0x000000000800127c                USART2_IRQHandler
                0x000000000800127c                I2C2_ER_IRQHandler
                0x000000000800127c                DMA2_Stream1_IRQHandler
                0x000000000800127c                FLASH_IRQHandler
                0x000000000800127c                DMA2_Stream4_IRQHandler
                0x000000000800127c                USART1_IRQHandler
                0x000000000800127c                SPI3_IRQHandler
                0x000000000800127c                DMA1_Stream4_IRQHandler
                0x000000000800127c                I2C1_ER_IRQHandler
                0x000000000800127c                DMA2_Stream6_IRQHandler
                0x000000000800127c                DMA1_Stream3_IRQHandler
 *fill*         0x000000000800127e        0x2 
 .text.HAL_Init
                0x0000000008001280       0x44 Drivers/STM32F4xx_HAL_Driver/Src/stm32f4xx_hal.o
                0x0000000008001280                HAL_Init
 .text.HAL_IncTick
                0x00000000080012c4       0x28 Drivers/STM32F4xx_HAL_Driver/Src/stm32f4xx_hal.o
                0x00000000080012c4                HAL_IncTick
 .text.HAL_GetTick
                0x00000000080012ec       0x18 Drivers/STM32F4xx_HAL_Driver/Src/stm32f4xx_hal.o
                0x00000000080012ec                HAL_GetTick
 .text.HAL_Delay
                0x0000000008001304       0x44 Drivers/STM32F4xx_HAL_Driver/Src/stm32f4xx_hal.o
                0x0000000008001304                HAL_Delay
 .text.__NVIC_SetPriorityGrouping
                0x0000000008001348       0x48 Drivers/STM32F4xx_HAL_Driver/Src/stm32f4xx_hal_cortex.o
 .text.__NVIC_GetPriorityGrouping
                0x0000000008001390       0x1c Drivers/STM32F4xx_HAL_Driver/Src/stm32f4xx_hal_cortex.o
 .text.__NVIC_EnableIRQ
                0x00000000080013ac       0x3c Drivers/STM32F4xx_HAL_Driver/Src/stm32f4xx_hal_cortex.o
 .text.__NVIC_SetPriority
                0x00000000080013e8       0x54 Drivers/STM32F4xx_HAL_Driver/Src/stm32f4xx_hal_cortex.o
 .text.NVIC_EncodePriority
                0x000000000800143c       0x66 Drivers/STM32F4xx_HAL_Driver/Src/stm32f4xx_hal_cortex.o
 .text.HAL_NVIC_SetPriorityGrouping
                0x00000000080014a2       0x16 Drivers/STM32F4xx_HAL_Driver/Src/stm32f4xx_hal_cortex.o
                0x00000000080014a2                HAL_NVIC_SetPriorityGrouping
 .text.HAL_NVIC_SetPriority
                0x00000000080014b8       0x38 Drivers/STM32F4xx_HAL_Driver/Src/stm32f4xx_hal_cortex.o
                0x00000000080014b8                HAL_NVIC_SetPriority
 .text.HAL_NVIC_EnableIRQ
                0x00000000080014f0       0x1c Drivers/STM32F4xx_HAL_Driver/Src/stm32f4xx_hal_cortex.o
                0x00000000080014f0                HAL_NVIC_EnableIRQ
 .text.HAL_GPIO_Init
                0x000000000800150c      0x304 Drivers/STM32F4xx_HAL_Driver/Src/stm32f4xx_hal_gpio.o
                0x000000000800150c                HAL_GPIO_Init
 .text.HAL_GPIO_WritePin
                0x0000000008001810       0x32 Drivers/STM32F4xx_HAL_Driver/Src/stm32f4xx_hal_gpio.o
                0x0000000008001810                HAL_GPIO_WritePin
 *fill*         0x0000000008001842        0x2 
 .text.HAL_I2C_Init
                0x0000000008001844      0x250 Drivers/STM32F4xx_HAL_Driver/Src/stm32f4xx_hal_i2c.o
                0x0000000008001844                HAL_I2C_Init
 .text.HAL_I2C_Mem_Write
                0x0000000008001a94      0x1f4 Drivers/STM32F4xx_HAL_Driver/Src/stm32f4xx_hal_i2c.o
                0x0000000008001a94                HAL_I2C_Mem_Write
 .text.HAL_I2C_Mem_Read
                0x0000000008001c88      0x44c Drivers/STM32F4xx_HAL_Driver/Src/stm32f4xx_hal_i2c.o
                0x0000000008001c88                HAL_I2C_Mem_Read
 .text.I2C_RequestMemoryWrite
                0x00000000080020d4      0x114 Drivers/STM32F4xx_HAL_Driver/Src/stm32f4xx_hal_i2c.o
 .text.I2C_RequestMemoryRead
                0x00000000080021e8      0x1a0 Drivers/STM32F4xx_HAL_Driver/Src/stm32f4xx_hal_i2c.o
 .text.I2C_WaitOnFlagUntilTimeout
                0x0000000008002388       0xae Drivers/STM32F4xx_HAL_Driver/Src/stm32f4xx_hal_i2c.o
 .text.I2C_WaitOnMasterAddressFlagUntilTimeout
                0x0000000008002436       0xfe Drivers/STM32F4xx_HAL_Driver/Src/stm32f4xx_hal_i2c.o
 .text.I2C_WaitOnTXEFlagUntilTimeout
                0x0000000008002534       0x82 Drivers/STM32F4xx_HAL_Driver/Src/stm32f4xx_hal_i2c.o
 .text.I2C_WaitOnBTFFlagUntilTimeout
                0x00000000080025b6       0x82 Drivers/STM32F4xx_HAL_Driver/Src/stm32f4xx_hal_i2c.o
 .text.I2C_WaitOnRXNEFlagUntilTimeout
                0x0000000008002638       0xac Drivers/STM32F4xx_HAL_Driver/Src/stm32f4xx_hal_i2c.o
 .text.I2C_IsAcknowledgeFailed
                0x00000000080026e4       0x5e Drivers/STM32F4xx_HAL_Driver/Src/stm32f4xx_hal_i2c.o
 *fill*         0x0000000008002742        0x2 
 .text.HAL_I2S_Init
                0x0000000008002744      0x280 Drivers/STM32F4xx_HAL_Driver/Src/stm32f4xx_hal_i2s.o
                0x0000000008002744                HAL_I2S_Init
 .text.HAL_I2S_TxCpltCallback
                0x00000000080029c4       0x14 Drivers/STM32F4xx_HAL_Driver/Src/stm32f4xx_hal_i2s.o
                0x00000000080029c4                HAL_I2S_TxCpltCallback
 .text.HAL_I2S_RxCpltCallback
                0x00000000080029d8       0x14 Drivers/STM32F4xx_HAL_Driver/Src/stm32f4xx_hal_i2s.o
                0x00000000080029d8                HAL_I2S_RxCpltCallback
 .text.HAL_I2S_ErrorCallback
                0x00000000080029ec       0x14 Drivers/STM32F4xx_HAL_Driver/Src/stm32f4xx_hal_i2s.o
                0x00000000080029ec                HAL_I2S_ErrorCallback
 .text.I2S_Transmit_IT
                0x0000000008002a00       0x5c Drivers/STM32F4xx_HAL_Driver/Src/stm32f4xx_hal_i2s.o
 .text.I2S_Receive_IT
                0x0000000008002a5c       0x5e Drivers/STM32F4xx_HAL_Driver/Src/stm32f4xx_hal_i2s.o
 .text.I2S_IRQHandler
                0x0000000008002aba      0x114 Drivers/STM32F4xx_HAL_Driver/Src/stm32f4xx_hal_i2s.o
 *fill*         0x0000000008002bce        0x2 
 .text.HAL_I2SEx_FullDuplex_IRQHandler
                0x0000000008002bd0      0x2a8 Drivers/STM32F4xx_HAL_Driver/Src/stm32f4xx_hal_i2s_ex.o
                0x0000000008002bd0                HAL_I2SEx_FullDuplex_IRQHandler
 .text.HAL_I2SEx_TxRxCpltCallback
                0x0000000008002e78       0x14 Drivers/STM32F4xx_HAL_Driver/Src/stm32f4xx_hal_i2s_ex.o
                0x0000000008002e78                HAL_I2SEx_TxRxCpltCallback
 .text.I2SEx_TxISR_I2S
                0x0000000008002e8c       0x62 Drivers/STM32F4xx_HAL_Driver/Src/stm32f4xx_hal_i2s_ex.o
 *fill*         0x0000000008002eee        0x2 
 .text.I2SEx_TxISR_I2SExt
                0x0000000008002ef0       0x98 Drivers/STM32F4xx_HAL_Driver/Src/stm32f4xx_hal_i2s_ex.o
 .text.I2SEx_RxISR_I2S
                0x0000000008002f88       0x64 Drivers/STM32F4xx_HAL_Driver/Src/stm32f4xx_hal_i2s_ex.o
 .text.I2SEx_RxISR_I2SExt
                0x0000000008002fec       0x98 Drivers/STM32F4xx_HAL_Driver/Src/stm32f4xx_hal_i2s_ex.o
 .text.HAL_PCD_Init
                0x0000000008003084      0x23a Drivers/STM32F4xx_HAL_Driver/Src/stm32f4xx_hal_pcd.o
                0x0000000008003084                HAL_PCD_Init
 .text.HAL_PCD_Start
                0x00000000080032be       0x66 Drivers/STM32F4xx_HAL_Driver/Src/stm32f4xx_hal_pcd.o
                0x00000000080032be                HAL_PCD_Start
 .text.HAL_PCD_IRQHandler
                0x0000000008003324      0x746 Drivers/STM32F4xx_HAL_Driver/Src/stm32f4xx_hal_pcd.o
                0x0000000008003324                HAL_PCD_IRQHandler
 .text.HAL_PCD_SetAddress
                0x0000000008003a6a       0x4a Drivers/STM32F4xx_HAL_Driver/Src/stm32f4xx_hal_pcd.o
                0x0000000008003a6a                HAL_PCD_SetAddress
 .text.HAL_PCD_EP_Open
                0x0000000008003ab4       0xd0 Drivers/STM32F4xx_HAL_Driver/Src/stm32f4xx_hal_pcd.o
                0x0000000008003ab4                HAL_PCD_EP_Open
 .text.HAL_PCD_EP_Close
                0x0000000008003b84       0x94 Drivers/STM32F4xx_HAL_Driver/Src/stm32f4xx_hal_pcd.o
                0x0000000008003b84                HAL_PCD_EP_Close
 .text.HAL_PCD_EP_Receive
                0x0000000008003c18       0x96 Drivers/STM32F4xx_HAL_Driver/Src/stm32f4xx_hal_pcd.o
                0x0000000008003c18                HAL_PCD_EP_Receive
 .text.HAL_PCD_EP_GetRxCount
                0x0000000008003cae       0x30 Drivers/STM32F4xx_HAL_Driver/Src/stm32f4xx_hal_pcd.o
                0x0000000008003cae                HAL_PCD_EP_GetRxCount
 .text.HAL_PCD_EP_Transmit
                0x0000000008003cde       0x94 Drivers/STM32F4xx_HAL_Driver/Src/stm32f4xx_hal_pcd.o
                0x0000000008003cde                HAL_PCD_EP_Transmit
 .text.HAL_PCD_EP_SetStall
                0x0000000008003d72       0xc8 Drivers/STM32F4xx_HAL_Driver/Src/stm32f4xx_hal_pcd.o
                0x0000000008003d72                HAL_PCD_EP_SetStall
 .text.HAL_PCD_EP_ClrStall
                0x0000000008003e3a       0xac Drivers/STM32F4xx_HAL_Driver/Src/stm32f4xx_hal_pcd.o
                0x0000000008003e3a                HAL_PCD_EP_ClrStall
 .text.PCD_WriteEmptyTxFifo
                0x0000000008003ee6      0x11a Drivers/STM32F4xx_HAL_Driver/Src/stm32f4xx_hal_pcd.o
 .text.PCD_EP_OutXfrComplete_int
                0x0000000008004000      0x210 Drivers/STM32F4xx_HAL_Driver/Src/stm32f4xx_hal_pcd.o
 .text.PCD_EP_OutSetupPacket_int
                0x0000000008004210       0xc0 Drivers/STM32F4xx_HAL_Driver/Src/stm32f4xx_hal_pcd.o
 .text.HAL_PCDEx_SetTxFiFo
                0x00000000080042d0       0x8e Drivers/STM32F4xx_HAL_Driver/Src/stm32f4xx_hal_pcd_ex.o
                0x00000000080042d0                HAL_PCDEx_SetTxFiFo
 .text.HAL_PCDEx_SetRxFiFo
                0x000000000800435e       0x22 Drivers/STM32F4xx_HAL_Driver/Src/stm32f4xx_hal_pcd_ex.o
                0x000000000800435e                HAL_PCDEx_SetRxFiFo
 .text.HAL_PCDEx_LPM_Callback
                0x0000000008004380       0x18 Drivers/STM32F4xx_HAL_Driver/Src/stm32f4xx_hal_pcd_ex.o
                0x0000000008004380                HAL_PCDEx_LPM_Callback
 .text.HAL_RCC_OscConfig
                0x0000000008004398      0x484 Drivers/STM32F4xx_HAL_Driver/Src/stm32f4xx_hal_rcc.o
                0x0000000008004398                HAL_RCC_OscConfig
 .text.HAL_RCC_ClockConfig
                0x000000000800481c      0x1c4 Drivers/STM32F4xx_HAL_Driver/Src/stm32f4xx_hal_rcc.o
                0x000000000800481c                HAL_RCC_ClockConfig
 .text.HAL_RCC_GetSysClockFreq
                0x00000000080049e0      0x1b0 Drivers/STM32F4xx_HAL_Driver/Src/stm32f4xx_hal_rcc.o
                0x00000000080049e0                HAL_RCC_GetSysClockFreq
 .text.HAL_RCC_GetHCLKFreq
                0x0000000008004b90       0x18 Drivers/STM32F4xx_HAL_Driver/Src/stm32f4xx_hal_rcc.o
                0x0000000008004b90                HAL_RCC_GetHCLKFreq
 .text.HAL_RCC_GetPCLK1Freq
                0x0000000008004ba8       0x28 Drivers/STM32F4xx_HAL_Driver/Src/stm32f4xx_hal_rcc.o
                0x0000000008004ba8                HAL_RCC_GetPCLK1Freq
 .text.HAL_RCC_GetPCLK2Freq
                0x0000000008004bd0       0x28 Drivers/STM32F4xx_HAL_Driver/Src/stm32f4xx_hal_rcc.o
                0x0000000008004bd0                HAL_RCC_GetPCLK2Freq
 .text.HAL_RCC_GetClockConfig
                0x0000000008004bf8       0x64 Drivers/STM32F4xx_HAL_Driver/Src/stm32f4xx_hal_rcc.o
                0x0000000008004bf8                HAL_RCC_GetClockConfig
 .text.HAL_RCCEx_PeriphCLKConfig
                0x0000000008004c5c      0x1e0 Drivers/STM32F4xx_HAL_Driver/Src/stm32f4xx_hal_rcc_ex.o
                0x0000000008004c5c                HAL_RCCEx_PeriphCLKConfig
 .text.HAL_RCCEx_GetPeriphCLKFreq
                0x0000000008004e3c       0xbc Drivers/STM32F4xx_HAL_Driver/Src/stm32f4xx_hal_rcc_ex.o
                0x0000000008004e3c                HAL_RCCEx_GetPeriphCLKFreq
 .text.HAL_SPI_Init
                0x0000000008004ef8       0xc8 Drivers/STM32F4xx_HAL_Driver/Src/stm32f4xx_hal_spi.o
                0x0000000008004ef8                HAL_SPI_Init
 .text.HAL_SPI_Transmit
                0x0000000008004fc0      0x268 Drivers/STM32F4xx_HAL_Driver/Src/stm32f4xx_hal_spi.o
                0x0000000008004fc0                HAL_SPI_Transmit
 .text.HAL_SPI_Receive
                0x0000000008005228      0x212 Drivers/STM32F4xx_HAL_Driver/Src/stm32f4xx_hal_spi.o
                0x0000000008005228                HAL_SPI_Receive
 .text.HAL_SPI_TransmitReceive
                0x000000000800543a      0x344 Drivers/STM32F4xx_HAL_Driver/Src/stm32f4xx_hal_spi.o
                0x000000000800543a                HAL_SPI_TransmitReceive
 .text.SPI_WaitFlagStateUntilTimeout
                0x000000000800577e       0xd4 Drivers/STM32F4xx_HAL_Driver/Src/stm32f4xx_hal_spi.o
 .text.SPI_EndRxTransaction
                0x0000000008005852       0xca Drivers/STM32F4xx_HAL_Driver/Src/stm32f4xx_hal_spi.o
 .text.SPI_EndRxTxTransaction
                0x000000000800591c       0x84 Drivers/STM32F4xx_HAL_Driver/Src/stm32f4xx_hal_spi.o
 .text.HAL_TIM_Base_Init
                0x00000000080059a0       0x56 Drivers/STM32F4xx_HAL_Driver/Src/stm32f4xx_hal_tim.o
                0x00000000080059a0                HAL_TIM_Base_Init
 .text.HAL_TIM_Base_MspInit
                0x00000000080059f6       0x14 Drivers/STM32F4xx_HAL_Driver/Src/stm32f4xx_hal_tim.o
                0x00000000080059f6                HAL_TIM_Base_MspInit
 .text.HAL_TIM_Base_Start_IT
                0x0000000008005a0a       0x48 Drivers/STM32F4xx_HAL_Driver/Src/stm32f4xx_hal_tim.o
                0x0000000008005a0a                HAL_TIM_Base_Start_IT
 .text.HAL_TIM_IRQHandler
                0x0000000008005a52      0x210 Drivers/STM32F4xx_HAL_Driver/Src/stm32f4xx_hal_tim.o
                0x0000000008005a52                HAL_TIM_IRQHandler
 .text.HAL_TIM_OC_DelayElapsedCallback
                0x0000000008005c62       0x14 Drivers/STM32F4xx_HAL_Driver/Src/stm32f4xx_hal_tim.o
                0x0000000008005c62                HAL_TIM_OC_DelayElapsedCallback
 .text.HAL_TIM_IC_CaptureCallback
                0x0000000008005c76       0x14 Drivers/STM32F4xx_HAL_Driver/Src/stm32f4xx_hal_tim.o
                0x0000000008005c76                HAL_TIM_IC_CaptureCallback
 .text.HAL_TIM_PWM_PulseFinishedCallback
                0x0000000008005c8a       0x14 Drivers/STM32F4xx_HAL_Driver/Src/stm32f4xx_hal_tim.o
                0x0000000008005c8a                HAL_TIM_PWM_PulseFinishedCallback
 .text.HAL_TIM_TriggerCallback
                0x0000000008005c9e       0x14 Drivers/STM32F4xx_HAL_Driver/Src/stm32f4xx_hal_tim.o
                0x0000000008005c9e                HAL_TIM_TriggerCallback
 *fill*         0x0000000008005cb2        0x2 
 .text.TIM_Base_SetConfig
                0x0000000008005cb4      0x100 Drivers/STM32F4xx_HAL_Driver/Src/stm32f4xx_hal_tim.o
                0x0000000008005cb4                TIM_Base_SetConfig
 .text.HAL_TIMEx_CommutCallback
                0x0000000008005db4       0x14 Drivers/STM32F4xx_HAL_Driver/Src/stm32f4xx_hal_tim_ex.o
                0x0000000008005db4                HAL_TIMEx_CommutCallback
 .text.HAL_TIMEx_BreakCallback
                0x0000000008005dc8       0x14 Drivers/STM32F4xx_HAL_Driver/Src/stm32f4xx_hal_tim_ex.o
                0x0000000008005dc8                HAL_TIMEx_BreakCallback
 .text.USB_CoreInit
                0x0000000008005ddc       0xc2 Drivers/STM32F4xx_HAL_Driver/Src/stm32f4xx_ll_usb.o
                0x0000000008005ddc                USB_CoreInit
 *fill*         0x0000000008005e9e        0x2 
 .text.USB_SetTurnaroundTime
                0x0000000008005ea0      0x144 Drivers/STM32F4xx_HAL_Driver/Src/stm32f4xx_ll_usb.o
                0x0000000008005ea0                USB_SetTurnaroundTime
 .text.USB_EnableGlobalInt
                0x0000000008005fe4       0x22 Drivers/STM32F4xx_HAL_Driver/Src/stm32f4xx_ll_usb.o
                0x0000000008005fe4                USB_EnableGlobalInt
 .text.USB_DisableGlobalInt
                0x0000000008006006       0x22 Drivers/STM32F4xx_HAL_Driver/Src/stm32f4xx_ll_usb.o
                0x0000000008006006                USB_DisableGlobalInt
 .text.USB_SetCurrentMode
                0x0000000008006028       0x54 Drivers/STM32F4xx_HAL_Driver/Src/stm32f4xx_ll_usb.o
                0x0000000008006028                USB_SetCurrentMode
 .text.USB_DevInit
                0x000000000800607c      0x2e4 Drivers/STM32F4xx_HAL_Driver/Src/stm32f4xx_ll_usb.o
                0x000000000800607c                USB_DevInit
 .text.USB_FlushTxFifo
                0x0000000008006360       0x4c Drivers/STM32F4xx_HAL_Driver/Src/stm32f4xx_ll_usb.o
                0x0000000008006360                USB_FlushTxFifo
 .text.USB_FlushRxFifo
                0x00000000080063ac       0x44 Drivers/STM32F4xx_HAL_Driver/Src/stm32f4xx_ll_usb.o
                0x00000000080063ac                USB_FlushRxFifo
 .text.USB_SetDevSpeed
                0x00000000080063f0       0x32 Drivers/STM32F4xx_HAL_Driver/Src/stm32f4xx_ll_usb.o
                0x00000000080063f0                USB_SetDevSpeed
 .text.USB_GetDevSpeed
                0x0000000008006422       0x4a Drivers/STM32F4xx_HAL_Driver/Src/stm32f4xx_ll_usb.o
                0x0000000008006422                USB_GetDevSpeed
 .text.USB_ActivateEndpoint
                0x000000000800646c      0x10e Drivers/STM32F4xx_HAL_Driver/Src/stm32f4xx_ll_usb.o
                0x000000000800646c                USB_ActivateEndpoint
 *fill*         0x000000000800657a        0x2 
 .text.USB_DeactivateEndpoint
                0x000000000800657c      0x108 Drivers/STM32F4xx_HAL_Driver/Src/stm32f4xx_ll_usb.o
                0x000000000800657c                USB_DeactivateEndpoint
 .text.USB_EPStartXfer
                0x0000000008006684      0x488 Drivers/STM32F4xx_HAL_Driver/Src/stm32f4xx_ll_usb.o
                0x0000000008006684                USB_EPStartXfer
 .text.USB_EP0StartXfer
                0x0000000008006b0c      0x2a6 Drivers/STM32F4xx_HAL_Driver/Src/stm32f4xx_ll_usb.o
                0x0000000008006b0c                USB_EP0StartXfer
 .text.USB_WritePacket
                0x0000000008006db2       0x6a Drivers/STM32F4xx_HAL_Driver/Src/stm32f4xx_ll_usb.o
                0x0000000008006db2                USB_WritePacket
 .text.USB_ReadPacket
                0x0000000008006e1c       0x52 Drivers/STM32F4xx_HAL_Driver/Src/stm32f4xx_ll_usb.o
                0x0000000008006e1c                USB_ReadPacket
 .text.USB_EPSetStall
                0x0000000008006e6e       0xdc Drivers/STM32F4xx_HAL_Driver/Src/stm32f4xx_ll_usb.o
                0x0000000008006e6e                USB_EPSetStall
 .text.USB_EPClearStall
                0x0000000008006f4a       0xcc Drivers/STM32F4xx_HAL_Driver/Src/stm32f4xx_ll_usb.o
                0x0000000008006f4a                USB_EPClearStall
 .text.USB_SetDevAddress
                0x0000000008007016       0x4c Drivers/STM32F4xx_HAL_Driver/Src/stm32f4xx_ll_usb.o
                0x0000000008007016                USB_SetDevAddress
 .text.USB_DevConnect
                0x0000000008007062       0x30 Drivers/STM32F4xx_HAL_Driver/Src/stm32f4xx_ll_usb.o
                0x0000000008007062                USB_DevConnect
 .text.USB_DevDisconnect
                0x0000000008007092       0x30 Drivers/STM32F4xx_HAL_Driver/Src/stm32f4xx_ll_usb.o
                0x0000000008007092                USB_DevDisconnect
 .text.USB_ReadInterrupts
                0x00000000080070c2       0x26 Drivers/STM32F4xx_HAL_Driver/Src/stm32f4xx_ll_usb.o
                0x00000000080070c2                USB_ReadInterrupts
 .text.USB_ReadDevAllOutEpInterrupt
                0x00000000080070e8       0x34 Drivers/STM32F4xx_HAL_Driver/Src/stm32f4xx_ll_usb.o
                0x00000000080070e8                USB_ReadDevAllOutEpInterrupt
 .text.USB_ReadDevAllInEpInterrupt
                0x000000000800711c       0x34 Drivers/STM32F4xx_HAL_Driver/Src/stm32f4xx_ll_usb.o
                0x000000000800711c                USB_ReadDevAllInEpInterrupt
 .text.USB_ReadDevOutEPInterrupt
                0x0000000008007150       0x3c Drivers/STM32F4xx_HAL_Driver/Src/stm32f4xx_ll_usb.o
                0x0000000008007150                USB_ReadDevOutEPInterrupt
 .text.USB_ReadDevInEPInterrupt
                0x000000000800718c       0x5c Drivers/STM32F4xx_HAL_Driver/Src/stm32f4xx_ll_usb.o
                0x000000000800718c                USB_ReadDevInEPInterrupt
 .text.USB_GetMode
                0x00000000080071e8       0x1c Drivers/STM32F4xx_HAL_Driver/Src/stm32f4xx_ll_usb.o
                0x00000000080071e8                USB_GetMode
 .text.USB_ActivateSetup
                0x0000000008007204       0x6a Drivers/STM32F4xx_HAL_Driver/Src/stm32f4xx_ll_usb.o
                0x0000000008007204                USB_ActivateSetup
 *fill*         0x000000000800726e        0x2 
 .text.USB_EP0_OutStart
                0x0000000008007270       0xbc Drivers/STM32F4xx_HAL_Driver/Src/stm32f4xx_ll_usb.o
                0x0000000008007270                USB_EP0_OutStart
 .text.USB_CoreReset
                0x000000000800732c       0x68 Drivers/STM32F4xx_HAL_Driver/Src/stm32f4xx_ll_usb.o
 .text.USBD_CDC_Init
                0x0000000008007394       0xf6 Middlewares/ST/STM32_USB_Device_Library/Class/CDC/Src/usbd_cdc.o
 .text.USBD_CDC_DeInit
                0x000000000800748a       0x6e Middlewares/ST/STM32_USB_Device_Library/Class/CDC/Src/usbd_cdc.o
 .text.USBD_CDC_Setup
                0x00000000080074f8      0x140 Middlewares/ST/STM32_USB_Device_Library/Class/CDC/Src/usbd_cdc.o
 .text.USBD_CDC_DataIn
                0x0000000008007638       0xa6 Middlewares/ST/STM32_USB_Device_Library/Class/CDC/Src/usbd_cdc.o
 .text.USBD_CDC_DataOut
                0x00000000080076de       0x56 Middlewares/ST/STM32_USB_Device_Library/Class/CDC/Src/usbd_cdc.o
 .text.USBD_CDC_EP0_RxReady
                0x0000000008007734       0x50 Middlewares/ST/STM32_USB_Device_Library/Class/CDC/Src/usbd_cdc.o
 .text.USBD_CDC_GetFSCfgDesc
                0x0000000008007784       0x20 Middlewares/ST/STM32_USB_Device_Library/Class/CDC/Src/usbd_cdc.o
 .text.USBD_CDC_GetHSCfgDesc
                0x00000000080077a4       0x20 Middlewares/ST/STM32_USB_Device_Library/Class/CDC/Src/usbd_cdc.o
 .text.USBD_CDC_GetOtherSpeedCfgDesc
                0x00000000080077c4       0x20 Middlewares/ST/STM32_USB_Device_Library/Class/CDC/Src/usbd_cdc.o
 .text.USBD_CDC_GetDeviceQualifierDescriptor
                0x00000000080077e4       0x20 Middlewares/ST/STM32_USB_Device_Library/Class/CDC/Src/usbd_cdc.o
                0x00000000080077e4                USBD_CDC_GetDeviceQualifierDescriptor
 .text.USBD_CDC_RegisterInterface
                0x0000000008007804       0x2e Middlewares/ST/STM32_USB_Device_Library/Class/CDC/Src/usbd_cdc.o
                0x0000000008007804                USBD_CDC_RegisterInterface
 .text.USBD_CDC_SetTxBuffer
                0x0000000008007832       0x34 Middlewares/ST/STM32_USB_Device_Library/Class/CDC/Src/usbd_cdc.o
                0x0000000008007832                USBD_CDC_SetTxBuffer
 .text.USBD_CDC_SetRxBuffer
                0x0000000008007866       0x28 Middlewares/ST/STM32_USB_Device_Library/Class/CDC/Src/usbd_cdc.o
                0x0000000008007866                USBD_CDC_SetRxBuffer
 .text.USBD_CDC_TransmitPacket
                0x000000000800788e       0x5e Middlewares/ST/STM32_USB_Device_Library/Class/CDC/Src/usbd_cdc.o
                0x000000000800788e                USBD_CDC_TransmitPacket
 .text.USBD_CDC_ReceivePacket
                0x00000000080078ec       0x54 Middlewares/ST/STM32_USB_Device_Library/Class/CDC/Src/usbd_cdc.o
                0x00000000080078ec                USBD_CDC_ReceivePacket
 .text.USBD_Init
                0x0000000008007940       0x56 Middlewares/ST/STM32_USB_Device_Library/Core/Src/usbd_core.o
                0x0000000008007940                USBD_Init
 .text.USBD_RegisterClass
                0x0000000008007996       0x34 Middlewares/ST/STM32_USB_Device_Library/Core/Src/usbd_core.o
                0x0000000008007996                USBD_RegisterClass
 .text.USBD_Start
                0x00000000080079ca       0x18 Middlewares/ST/STM32_USB_Device_Library/Core/Src/usbd_core.o
                0x00000000080079ca                USBD_Start
 .text.USBD_RunTestMode
                0x00000000080079e2       0x16 Middlewares/ST/STM32_USB_Device_Library/Core/Src/usbd_core.o
                0x00000000080079e2                USBD_RunTestMode
 .text.USBD_SetClassConfig
                0x00000000080079f8       0x3e Middlewares/ST/STM32_USB_Device_Library/Core/Src/usbd_core.o
                0x00000000080079f8                USBD_SetClassConfig
 .text.USBD_ClrClassConfig
                0x0000000008007a36       0x26 Middlewares/ST/STM32_USB_Device_Library/Core/Src/usbd_core.o
                0x0000000008007a36                USBD_ClrClassConfig
 .text.USBD_LL_SetupStage
                0x0000000008007a5c       0x96 Middlewares/ST/STM32_USB_Device_Library/Core/Src/usbd_core.o
                0x0000000008007a5c                USBD_LL_SetupStage
 .text.USBD_LL_DataOutStage
                0x0000000008007af2       0xe2 Middlewares/ST/STM32_USB_Device_Library/Core/Src/usbd_core.o
                0x0000000008007af2                USBD_LL_DataOutStage
 .text.USBD_LL_DataInStage
                0x0000000008007bd4      0x14a Middlewares/ST/STM32_USB_Device_Library/Core/Src/usbd_core.o
                0x0000000008007bd4                USBD_LL_DataInStage
 .text.USBD_LL_Reset
                0x0000000008007d1e       0x82 Middlewares/ST/STM32_USB_Device_Library/Core/Src/usbd_core.o
                0x0000000008007d1e                USBD_LL_Reset
 .text.USBD_LL_SetSpeed
                0x0000000008007da0       0x20 Middlewares/ST/STM32_USB_Device_Library/Core/Src/usbd_core.o
                0x0000000008007da0                USBD_LL_SetSpeed
 .text.USBD_LL_Suspend
                0x0000000008007dc0       0x2a Middlewares/ST/STM32_USB_Device_Library/Core/Src/usbd_core.o
                0x0000000008007dc0                USBD_LL_Suspend
 .text.USBD_LL_Resume
                0x0000000008007dea       0x22 Middlewares/ST/STM32_USB_Device_Library/Core/Src/usbd_core.o
                0x0000000008007dea                USBD_LL_Resume
 .text.USBD_LL_SOF
                0x0000000008007e0c       0x34 Middlewares/ST/STM32_USB_Device_Library/Core/Src/usbd_core.o
                0x0000000008007e0c                USBD_LL_SOF
 .text.USBD_LL_IsoINIncomplete
                0x0000000008007e40       0x1a Middlewares/ST/STM32_USB_Device_Library/Core/Src/usbd_core.o
                0x0000000008007e40                USBD_LL_IsoINIncomplete
 .text.USBD_LL_IsoOUTIncomplete
                0x0000000008007e5a       0x1a Middlewares/ST/STM32_USB_Device_Library/Core/Src/usbd_core.o
                0x0000000008007e5a                USBD_LL_IsoOUTIncomplete
 .text.USBD_LL_DevConnected
                0x0000000008007e74       0x16 Middlewares/ST/STM32_USB_Device_Library/Core/Src/usbd_core.o
                0x0000000008007e74                USBD_LL_DevConnected
 .text.USBD_LL_DevDisconnected
                0x0000000008007e8a       0x2e Middlewares/ST/STM32_USB_Device_Library/Core/Src/usbd_core.o
                0x0000000008007e8a                USBD_LL_DevDisconnected
 .text.USBD_StdDevReq
                0x0000000008007eb8       0xd4 Middlewares/ST/STM32_USB_Device_Library/Core/Src/usbd_ctlreq.o
                0x0000000008007eb8                USBD_StdDevReq
 .text.USBD_StdItfReq
                0x0000000008007f8c       0x8c Middlewares/ST/STM32_USB_Device_Library/Core/Src/usbd_ctlreq.o
                0x0000000008007f8c                USBD_StdItfReq
 .text.USBD_StdEPReq
                0x0000000008008018      0x2b6 Middlewares/ST/STM32_USB_Device_Library/Core/Src/usbd_ctlreq.o
                0x0000000008008018                USBD_StdEPReq
 *fill*         0x00000000080082ce        0x2 
 .text.USBD_GetDescriptor
                0x00000000080082d0      0x1f4 Middlewares/ST/STM32_USB_Device_Library/Core/Src/usbd_ctlreq.o
 .text.USBD_SetAddress
                0x00000000080084c4       0x84 Middlewares/ST/STM32_USB_Device_Library/Core/Src/usbd_ctlreq.o
 .text.USBD_SetConfig
                0x0000000008008548      0x11c Middlewares/ST/STM32_USB_Device_Library/Core/Src/usbd_ctlreq.o
 .text.USBD_GetConfig
                0x0000000008008664       0x68 Middlewares/ST/STM32_USB_Device_Library/Core/Src/usbd_ctlreq.o
 .text.USBD_GetStatus
                0x00000000080086cc       0x66 Middlewares/ST/STM32_USB_Device_Library/Core/Src/usbd_ctlreq.o
 .text.USBD_SetFeature
                0x0000000008008732       0x28 Middlewares/ST/STM32_USB_Device_Library/Core/Src/usbd_ctlreq.o
 .text.USBD_ClrFeature
                0x000000000800875a       0x42 Middlewares/ST/STM32_USB_Device_Library/Core/Src/usbd_ctlreq.o
 .text.USBD_ParseSetupRequest
                0x000000000800879c       0x7a Middlewares/ST/STM32_USB_Device_Library/Core/Src/usbd_ctlreq.o
                0x000000000800879c                USBD_ParseSetupRequest
 .text.USBD_CtlError
                0x0000000008008816       0x22 Middlewares/ST/STM32_USB_Device_Library/Core/Src/usbd_ctlreq.o
                0x0000000008008816                USBD_CtlError
 .text.USBD_GetString
                0x0000000008008838       0x84 Middlewares/ST/STM32_USB_Device_Library/Core/Src/usbd_ctlreq.o
                0x0000000008008838                USBD_GetString
 .text.USBD_GetLen
                0x00000000080088bc       0x30 Middlewares/ST/STM32_USB_Device_Library/Core/Src/usbd_ctlreq.o
 .text.USBD_CtlSendData
                0x00000000080088ec       0x38 Middlewares/ST/STM32_USB_Device_Library/Core/Src/usbd_ioreq.o
                0x00000000080088ec                USBD_CtlSendData
 .text.USBD_CtlContinueSendData
                0x0000000008008924       0x24 Middlewares/ST/STM32_USB_Device_Library/Core/Src/usbd_ioreq.o
                0x0000000008008924                USBD_CtlContinueSendData
 .text.USBD_CtlPrepareRx
                0x0000000008008948       0x3c Middlewares/ST/STM32_USB_Device_Library/Core/Src/usbd_ioreq.o
                0x0000000008008948                USBD_CtlPrepareRx
 .text.USBD_CtlContinueRx
                0x0000000008008984       0x24 Middlewares/ST/STM32_USB_Device_Library/Core/Src/usbd_ioreq.o
                0x0000000008008984                USBD_CtlContinueRx
 .text.USBD_CtlSendStatus
                0x00000000080089a8       0x26 Middlewares/ST/STM32_USB_Device_Library/Core/Src/usbd_ioreq.o
                0x00000000080089a8                USBD_CtlSendStatus
 .text.USBD_CtlReceiveStatus
                0x00000000080089ce       0x26 Middlewares/ST/STM32_USB_Device_Library/Core/Src/usbd_ioreq.o
                0x00000000080089ce                USBD_CtlReceiveStatus
 .text.osKernelInitialize
                0x00000000080089f4       0x68 Middlewares/Third_Party/FreeRTOS/Source/CMSIS_RTOS_V2/cmsis_os2.o
                0x00000000080089f4                osKernelInitialize
 .text.osKernelStart
                0x0000000008008a5c       0x68 Middlewares/Third_Party/FreeRTOS/Source/CMSIS_RTOS_V2/cmsis_os2.o
                0x0000000008008a5c                osKernelStart
 .text.osThreadNew
                0x0000000008008ac4      0x158 Middlewares/Third_Party/FreeRTOS/Source/CMSIS_RTOS_V2/cmsis_os2.o
                0x0000000008008ac4                osThreadNew
 .text.osDelay  0x0000000008008c1c       0x5c Middlewares/Third_Party/FreeRTOS/Source/CMSIS_RTOS_V2/cmsis_os2.o
                0x0000000008008c1c                osDelay
 .text.vApplicationGetIdleTaskMemory
                0x0000000008008c78       0x34 Middlewares/Third_Party/FreeRTOS/Source/CMSIS_RTOS_V2/cmsis_os2.o
                0x0000000008008c78                vApplicationGetIdleTaskMemory
 .text.vApplicationGetTimerTaskMemory
                0x0000000008008cac       0x34 Middlewares/Third_Party/FreeRTOS/Source/CMSIS_RTOS_V2/cmsis_os2.o
                0x0000000008008cac                vApplicationGetTimerTaskMemory
 .text.vListInitialise
                0x0000000008008ce0       0x40 Middlewares/Third_Party/FreeRTOS/Source/list.o
                0x0000000008008ce0                vListInitialise
 .text.vListInitialiseItem
                0x0000000008008d20       0x1a Middlewares/Third_Party/FreeRTOS/Source/list.o
                0x0000000008008d20                vListInitialiseItem
 .text.vListInsertEnd
                0x0000000008008d3a       0x48 Middlewares/Third_Party/FreeRTOS/Source/list.o
                0x0000000008008d3a                vListInsertEnd
 .text.vListInsert
                0x0000000008008d82       0x72 Middlewares/Third_Party/FreeRTOS/Source/list.o
                0x0000000008008d82                vListInsert
 .text.uxListRemove
                0x0000000008008df4       0x54 Middlewares/Third_Party/FreeRTOS/Source/list.o
                0x0000000008008df4                uxListRemove
 .text.xQueueGenericReset
                0x0000000008008e48       0xd0 Middlewares/Third_Party/FreeRTOS/Source/queue.o
                0x0000000008008e48                xQueueGenericReset
 .text.xQueueGenericCreateStatic
                0x0000000008008f18       0xe4 Middlewares/Third_Party/FreeRTOS/Source/queue.o
                0x0000000008008f18                xQueueGenericCreateStatic
 .text.prvInitialiseNewQueue
                0x0000000008008ffc       0x46 Middlewares/Third_Party/FreeRTOS/Source/queue.o
 *fill*         0x0000000008009042        0x2 
 .text.xQueueGenericSend
                0x0000000008009044      0x1f4 Middlewares/Third_Party/FreeRTOS/Source/queue.o
                0x0000000008009044                xQueueGenericSend
 .text.xQueueGenericSendFromISR
                0x0000000008009238      0x128 Middlewares/Third_Party/FreeRTOS/Source/queue.o
                0x0000000008009238                xQueueGenericSendFromISR
 .text.xQueueReceive
                0x0000000008009360      0x1b8 Middlewares/Third_Party/FreeRTOS/Source/queue.o
                0x0000000008009360                xQueueReceive
 .text.prvCopyDataToQueue
                0x0000000008009518       0xd4 Middlewares/Third_Party/FreeRTOS/Source/queue.o
 .text.prvCopyDataFromQueue
                0x00000000080095ec       0x4c Middlewares/Third_Party/FreeRTOS/Source/queue.o
 .text.prvUnlockQueue
                0x0000000008009638       0xa4 Middlewares/Third_Party/FreeRTOS/Source/queue.o
 .text.prvIsQueueEmpty
                0x00000000080096dc       0x2c Middlewares/Third_Party/FreeRTOS/Source/queue.o
 .text.prvIsQueueFull
                0x0000000008009708       0x30 Middlewares/Third_Party/FreeRTOS/Source/queue.o
 .text.vQueueAddToRegistry
                0x0000000008009738       0x50 Middlewares/Third_Party/FreeRTOS/Source/queue.o
                0x0000000008009738                vQueueAddToRegistry
 .text.vQueueWaitForMessageRestricted
                0x0000000008009788       0x68 Middlewares/Third_Party/FreeRTOS/Source/queue.o
                0x0000000008009788                vQueueWaitForMessageRestricted
 .text.xTaskCreateStatic
                0x00000000080097f0       0xb2 Middlewares/Third_Party/FreeRTOS/Source/tasks.o
                0x00000000080097f0                xTaskCreateStatic
 .text.xTaskCreate
                0x00000000080098a2       0x8a Middlewares/Third_Party/FreeRTOS/Source/tasks.o
                0x00000000080098a2                xTaskCreate
 .text.prvInitialiseNewTask
                0x000000000800992c      0x10c Middlewares/Third_Party/FreeRTOS/Source/tasks.o
 .text.prvAddNewTaskToReadyList
                0x0000000008009a38       0xe0 Middlewares/Third_Party/FreeRTOS/Source/tasks.o
 .text.vTaskDelay
                0x0000000008009b18       0x68 Middlewares/Third_Party/FreeRTOS/Source/tasks.o
                0x0000000008009b18                vTaskDelay
 .text.vTaskStartScheduler
                0x0000000008009b80       0xc8 Middlewares/Third_Party/FreeRTOS/Source/tasks.o
                0x0000000008009b80                vTaskStartScheduler
 .text.vTaskSuspendAll
                0x0000000008009c48       0x1c Middlewares/Third_Party/FreeRTOS/Source/tasks.o
                0x0000000008009c48                vTaskSuspendAll
 .text.xTaskResumeAll
                0x0000000008009c64      0x138 Middlewares/Third_Party/FreeRTOS/Source/tasks.o
                0x0000000008009c64                xTaskResumeAll
 .text.xTaskGetTickCount
                0x0000000008009d9c       0x20 Middlewares/Third_Party/FreeRTOS/Source/tasks.o
                0x0000000008009d9c                xTaskGetTickCount
 .text.xTaskIncrementTick
                0x0000000008009dbc      0x17c Middlewares/Third_Party/FreeRTOS/Source/tasks.o
                0x0000000008009dbc                xTaskIncrementTick
 .text.vTaskSwitchContext
                0x0000000008009f38       0xb8 Middlewares/Third_Party/FreeRTOS/Source/tasks.o
                0x0000000008009f38                vTaskSwitchContext
 .text.vTaskPlaceOnEventList
                0x0000000008009ff0       0x48 Middlewares/Third_Party/FreeRTOS/Source/tasks.o
                0x0000000008009ff0                vTaskPlaceOnEventList
 .text.vTaskPlaceOnEventListRestricted
                0x000000000800a038       0x54 Middlewares/Third_Party/FreeRTOS/Source/tasks.o
                0x000000000800a038                vTaskPlaceOnEventListRestricted
 .text.xTaskRemoveFromEventList
                0x000000000800a08c       0xc4 Middlewares/Third_Party/FreeRTOS/Source/tasks.o
                0x000000000800a08c                xTaskRemoveFromEventList
 .text.vTaskInternalSetTimeOutState
                0x000000000800a150       0x2c Middlewares/Third_Party/FreeRTOS/Source/tasks.o
                0x000000000800a150                vTaskInternalSetTimeOutState
 .text.xTaskCheckForTimeOut
                0x000000000800a17c       0xc0 Middlewares/Third_Party/FreeRTOS/Source/tasks.o
                0x000000000800a17c                xTaskCheckForTimeOut
 .text.vTaskMissedYield
                0x000000000800a23c       0x18 Middlewares/Third_Party/FreeRTOS/Source/tasks.o
                0x000000000800a23c                vTaskMissedYield
 .text.prvIdleTask
                0x000000000800a254       0x30 Middlewares/Third_Party/FreeRTOS/Source/tasks.o
 .text.prvInitialiseTaskLists
                0x000000000800a284       0x80 Middlewares/Third_Party/FreeRTOS/Source/tasks.o
 .text.prvCheckTasksWaitingTermination
                0x000000000800a304       0x58 Middlewares/Third_Party/FreeRTOS/Source/tasks.o
 .text.prvDeleteTCB
                0x000000000800a35c       0x5c Middlewares/Third_Party/FreeRTOS/Source/tasks.o
 .text.prvResetNextTaskUnblockTime
                0x000000000800a3b8       0x4c Middlewares/Third_Party/FreeRTOS/Source/tasks.o
 .text.xTaskGetSchedulerState
                0x000000000800a404       0x3c Middlewares/Third_Party/FreeRTOS/Source/tasks.o
                0x000000000800a404                xTaskGetSchedulerState
 .text.xTaskPriorityDisinherit
                0x000000000800a440       0xd8 Middlewares/Third_Party/FreeRTOS/Source/tasks.o
                0x000000000800a440                xTaskPriorityDisinherit
 .text.prvAddCurrentTaskToDelayedList
                0x000000000800a518       0xa8 Middlewares/Third_Party/FreeRTOS/Source/tasks.o
 .text.xTimerCreateTimerTask
                0x000000000800a5c0       0x90 Middlewares/Third_Party/FreeRTOS/Source/timers.o
                0x000000000800a5c0                xTimerCreateTimerTask
 .text.xTimerGenericCommand
                0x000000000800a650       0x98 Middlewares/Third_Party/FreeRTOS/Source/timers.o
                0x000000000800a650                xTimerGenericCommand
 .text.prvProcessExpiredTimer
                0x000000000800a6e8       0x80 Middlewares/Third_Party/FreeRTOS/Source/timers.o
 .text.prvTimerTask
                0x000000000800a768       0x24 Middlewares/Third_Party/FreeRTOS/Source/timers.o
 .text.prvProcessTimerOrBlockTask
                0x000000000800a78c       0x9c Middlewares/Third_Party/FreeRTOS/Source/timers.o
 .text.prvGetNextExpireTime
                0x000000000800a828       0x48 Middlewares/Third_Party/FreeRTOS/Source/timers.o
 .text.prvSampleTimeNow
                0x000000000800a870       0x40 Middlewares/Third_Party/FreeRTOS/Source/timers.o
 .text.prvInsertTimerInActiveList
                0x000000000800a8b0       0x84 Middlewares/Third_Party/FreeRTOS/Source/timers.o
 .text.prvProcessReceivedCommands
                0x000000000800a934      0x160 Middlewares/Third_Party/FreeRTOS/Source/timers.o
 .text.prvSwitchTimerLists
                0x000000000800aa94       0xc0 Middlewares/Third_Party/FreeRTOS/Source/timers.o
 .text.prvCheckForValidListAndQueue
                0x000000000800ab54       0x80 Middlewares/Third_Party/FreeRTOS/Source/timers.o
 .text.pxPortInitialiseStack
                0x000000000800abd4       0x68 Middlewares/Third_Party/FreeRTOS/Source/portable/GCC/ARM_CM4F/port.o
                0x000000000800abd4                pxPortInitialiseStack
 .text.prvTaskExitError
                0x000000000800ac3c       0x54 Middlewares/Third_Party/FreeRTOS/Source/portable/GCC/ARM_CM4F/port.o
 .text.SVC_Handler
                0x000000000800ac90       0x28 Middlewares/Third_Party/FreeRTOS/Source/portable/GCC/ARM_CM4F/port.o
                0x000000000800ac90                SVC_Handler
 .text.prvPortStartFirstTask
                0x000000000800acb8       0x28 Middlewares/Third_Party/FreeRTOS/Source/portable/GCC/ARM_CM4F/port.o
 .text.xPortStartScheduler
                0x000000000800ace0      0x13c Middlewares/Third_Party/FreeRTOS/Source/portable/GCC/ARM_CM4F/port.o
                0x000000000800ace0                xPortStartScheduler
 .text.vPortEnterCritical
                0x000000000800ae1c       0x5c Middlewares/Third_Party/FreeRTOS/Source/portable/GCC/ARM_CM4F/port.o
                0x000000000800ae1c                vPortEnterCritical
 .text.vPortExitCritical
                0x000000000800ae78       0x50 Middlewares/Third_Party/FreeRTOS/Source/portable/GCC/ARM_CM4F/port.o
                0x000000000800ae78                vPortExitCritical
 *fill*         0x000000000800aec8        0x8 
 .text.PendSV_Handler
                0x000000000800aed0       0x68 Middlewares/Third_Party/FreeRTOS/Source/portable/GCC/ARM_CM4F/port.o
                0x000000000800aed0                PendSV_Handler
 .text.SysTick_Handler
                0x000000000800af38       0x40 Middlewares/Third_Party/FreeRTOS/Source/portable/GCC/ARM_CM4F/port.o
                0x000000000800af38                SysTick_Handler
 .text.vPortSetupTimerInterrupt
                0x000000000800af78       0x48 Middlewares/Third_Party/FreeRTOS/Source/portable/GCC/ARM_CM4F/port.o
                0x000000000800af78                vPortSetupTimerInterrupt
 .text.vPortEnableVFP
                0x000000000800afc0       0x14 Middlewares/Third_Party/FreeRTOS/Source/portable/GCC/ARM_CM4F/port.o
 .text.vPortValidateInterruptPriority
                0x000000000800afd4       0x7c Middlewares/Third_Party/FreeRTOS/Source/portable/GCC/ARM_CM4F/port.o
                0x000000000800afd4                vPortValidateInterruptPriority
 .text.pvPortMalloc
                0x000000000800b050      0x184 Middlewares/Third_Party/FreeRTOS/Source/portable/MemMang/heap_4.o
                0x000000000800b050                pvPortMalloc
 .text.vPortFree
                0x000000000800b1d4       0xb0 Middlewares/Third_Party/FreeRTOS/Source/portable/MemMang/heap_4.o
                0x000000000800b1d4                vPortFree
 .text.prvHeapInit
                0x000000000800b284       0xc4 Middlewares/Third_Party/FreeRTOS/Source/portable/MemMang/heap_4.o
 .text.prvInsertBlockIntoFreeList
                0x000000000800b348       0xb4 Middlewares/Third_Party/FreeRTOS/Source/portable/MemMang/heap_4.o
 .text.MX_USB_DEVICE_Init
                0x000000000800b3fc       0x60 USB_DEVICE/App/usb_device.o
                0x000000000800b3fc                MX_USB_DEVICE_Init
 .text.CDC_Init_FS
                0x000000000800b45c       0x28 USB_DEVICE/App/usbd_cdc_if.o
 .text.CDC_DeInit_FS
                0x000000000800b484       0x10 USB_DEVICE/App/usbd_cdc_if.o
 .text.CDC_Control_FS
                0x000000000800b494       0xbc USB_DEVICE/App/usbd_cdc_if.o
 .text.CDC_Receive_FS
                0x000000000800b550       0x28 USB_DEVICE/App/usbd_cdc_if.o
 .text.CDC_Transmit_FS
                0x000000000800b578       0x4c USB_DEVICE/App/usbd_cdc_if.o
                0x000000000800b578                CDC_Transmit_FS
 .text.USBD_FS_DeviceDescriptor
                0x000000000800b5c4       0x24 USB_DEVICE/App/usbd_desc.o
                0x000000000800b5c4                USBD_FS_DeviceDescriptor
 .text.USBD_FS_LangIDStrDescriptor
                0x000000000800b5e8       0x24 USB_DEVICE/App/usbd_desc.o
                0x000000000800b5e8                USBD_FS_LangIDStrDescriptor
 .text.USBD_FS_ProductStrDescriptor
                0x000000000800b60c       0x3c USB_DEVICE/App/usbd_desc.o
                0x000000000800b60c                USBD_FS_ProductStrDescriptor
 .text.USBD_FS_ManufacturerStrDescriptor
                0x000000000800b648       0x28 USB_DEVICE/App/usbd_desc.o
                0x000000000800b648                USBD_FS_ManufacturerStrDescriptor
 .text.USBD_FS_SerialStrDescriptor
                0x000000000800b670       0x24 USB_DEVICE/App/usbd_desc.o
                0x000000000800b670                USBD_FS_SerialStrDescriptor
 .text.USBD_FS_ConfigStrDescriptor
                0x000000000800b694       0x3c USB_DEVICE/App/usbd_desc.o
                0x000000000800b694                USBD_FS_ConfigStrDescriptor
 .text.USBD_FS_InterfaceStrDescriptor
                0x000000000800b6d0       0x3c USB_DEVICE/App/usbd_desc.o
                0x000000000800b6d0                USBD_FS_InterfaceStrDescriptor
 .text.Get_SerialNum
                0x000000000800b70c       0x58 USB_DEVICE/App/usbd_desc.o
 .text.IntToUnicode
                0x000000000800b764       0x7c USB_DEVICE/App/usbd_desc.o
 .text.HAL_PCD_MspInit
                0x000000000800b7e0       0xc4 USB_DEVICE/Target/usbd_conf.o
                0x000000000800b7e0                HAL_PCD_MspInit
 .text.HAL_PCD_SetupStageCallback
                0x000000000800b8a4       0x24 USB_DEVICE/Target/usbd_conf.o
                0x000000000800b8a4                HAL_PCD_SetupStageCallback
 .text.HAL_PCD_DataOutStageCallback
                0x000000000800b8c8       0x36 USB_DEVICE/Target/usbd_conf.o
                0x000000000800b8c8                HAL_PCD_DataOutStageCallback
 .text.HAL_PCD_DataInStageCallback
                0x000000000800b8fe       0x34 USB_DEVICE/Target/usbd_conf.o
                0x000000000800b8fe                HAL_PCD_DataInStageCallback
 .text.HAL_PCD_SOFCallback
                0x000000000800b932       0x1c USB_DEVICE/Target/usbd_conf.o
                0x000000000800b932                HAL_PCD_SOFCallback
 .text.HAL_PCD_ResetCallback
                0x000000000800b94e       0x3c USB_DEVICE/Target/usbd_conf.o
                0x000000000800b94e                HAL_PCD_ResetCallback
 *fill*         0x000000000800b98a        0x2 
 .text.HAL_PCD_SuspendCallback
                0x000000000800b98c       0x4c USB_DEVICE/Target/usbd_conf.o
                0x000000000800b98c                HAL_PCD_SuspendCallback
 .text.HAL_PCD_ResumeCallback
                0x000000000800b9d8       0x1c USB_DEVICE/Target/usbd_conf.o
                0x000000000800b9d8                HAL_PCD_ResumeCallback
 .text.HAL_PCD_ISOOUTIncompleteCallback
                0x000000000800b9f4       0x24 USB_DEVICE/Target/usbd_conf.o
                0x000000000800b9f4                HAL_PCD_ISOOUTIncompleteCallback
 .text.HAL_PCD_ISOINIncompleteCallback
                0x000000000800ba18       0x24 USB_DEVICE/Target/usbd_conf.o
                0x000000000800ba18                HAL_PCD_ISOINIncompleteCallback
 .text.HAL_PCD_ConnectCallback
                0x000000000800ba3c       0x1c USB_DEVICE/Target/usbd_conf.o
                0x000000000800ba3c                HAL_PCD_ConnectCallback
 .text.HAL_PCD_DisconnectCallback
                0x000000000800ba58       0x1c USB_DEVICE/Target/usbd_conf.o
                0x000000000800ba58                HAL_PCD_DisconnectCallback
 .text.USBD_LL_Init
                0x000000000800ba74       0x98 USB_DEVICE/Target/usbd_conf.o
                0x000000000800ba74                USBD_LL_Init
 .text.USBD_LL_Start
                0x000000000800bb0c       0x36 USB_DEVICE/Target/usbd_conf.o
                0x000000000800bb0c                USBD_LL_Start
 .text.USBD_LL_OpenEP
                0x000000000800bb42       0x4c USB_DEVICE/Target/usbd_conf.o
                0x000000000800bb42                USBD_LL_OpenEP
 .text.USBD_LL_CloseEP
                0x000000000800bb8e       0x3e USB_DEVICE/Target/usbd_conf.o
                0x000000000800bb8e                USBD_LL_CloseEP
 .text.USBD_LL_StallEP
                0x000000000800bbcc       0x3e USB_DEVICE/Target/usbd_conf.o
                0x000000000800bbcc                USBD_LL_StallEP
 .text.USBD_LL_ClearStallEP
                0x000000000800bc0a       0x3e USB_DEVICE/Target/usbd_conf.o
                0x000000000800bc0a                USBD_LL_ClearStallEP
 .text.USBD_LL_IsStallEP
                0x000000000800bc48       0x58 USB_DEVICE/Target/usbd_conf.o
                0x000000000800bc48                USBD_LL_IsStallEP
 .text.USBD_LL_SetUSBAddress
                0x000000000800bca0       0x3e USB_DEVICE/Target/usbd_conf.o
                0x000000000800bca0                USBD_LL_SetUSBAddress
 .text.USBD_LL_Transmit
                0x000000000800bcde       0x46 USB_DEVICE/Target/usbd_conf.o
                0x000000000800bcde                USBD_LL_Transmit
 .text.USBD_LL_PrepareReceive
                0x000000000800bd24       0x46 USB_DEVICE/Target/usbd_conf.o
                0x000000000800bd24                USBD_LL_PrepareReceive
 .text.USBD_LL_GetRxDataSize
                0x000000000800bd6a       0x26 USB_DEVICE/Target/usbd_conf.o
                0x000000000800bd6a                USBD_LL_GetRxDataSize
 .text.USBD_Get_USB_Status
                0x000000000800bd90       0x58 USB_DEVICE/Target/usbd_conf.o
                0x000000000800bd90                USBD_Get_USB_Status
 .text.__errno  0x000000000800bde8        0xc c:/st/stm32cubeide_1.1.0/stm32cubeide/plugins/com.st.stm32cube.ide.mcu.externaltools.gnu-tools-for-stm32.7-2018-q2-update.win32_1.0.0.201904181610/tools/bin/../lib/gcc/arm-none-eabi/7.3.1/../../../../arm-none-eabi/lib/thumb/v7e-m/fpv4-sp/hard\libc_nano.a(lib_a-errno.o)
                0x000000000800bde8                __errno
 .text.__libc_init_array
                0x000000000800bdf4       0x48 c:/st/stm32cubeide_1.1.0/stm32cubeide/plugins/com.st.stm32cube.ide.mcu.externaltools.gnu-tools-for-stm32.7-2018-q2-update.win32_1.0.0.201904181610/tools/bin/../lib/gcc/arm-none-eabi/7.3.1/../../../../arm-none-eabi/lib/thumb/v7e-m/fpv4-sp/hard\libc_nano.a(lib_a-init.o)
                0x000000000800bdf4                __libc_init_array
 .text.malloc   0x000000000800be3c       0x10 c:/st/stm32cubeide_1.1.0/stm32cubeide/plugins/com.st.stm32cube.ide.mcu.externaltools.gnu-tools-for-stm32.7-2018-q2-update.win32_1.0.0.201904181610/tools/bin/../lib/gcc/arm-none-eabi/7.3.1/../../../../arm-none-eabi/lib/thumb/v7e-m/fpv4-sp/hard\libc_nano.a(lib_a-malloc.o)
                0x000000000800be3c                malloc
 .text.free     0x000000000800be4c       0x10 c:/st/stm32cubeide_1.1.0/stm32cubeide/plugins/com.st.stm32cube.ide.mcu.externaltools.gnu-tools-for-stm32.7-2018-q2-update.win32_1.0.0.201904181610/tools/bin/../lib/gcc/arm-none-eabi/7.3.1/../../../../arm-none-eabi/lib/thumb/v7e-m/fpv4-sp/hard\libc_nano.a(lib_a-malloc.o)
                0x000000000800be4c                free
 .text.memcpy   0x000000000800be5c       0x16 c:/st/stm32cubeide_1.1.0/stm32cubeide/plugins/com.st.stm32cube.ide.mcu.externaltools.gnu-tools-for-stm32.7-2018-q2-update.win32_1.0.0.201904181610/tools/bin/../lib/gcc/arm-none-eabi/7.3.1/../../../../arm-none-eabi/lib/thumb/v7e-m/fpv4-sp/hard\libc_nano.a(lib_a-memcpy-stub.o)
                0x000000000800be5c                memcpy
 .text.memset   0x000000000800be72       0x10 c:/st/stm32cubeide_1.1.0/stm32cubeide/plugins/com.st.stm32cube.ide.mcu.externaltools.gnu-tools-for-stm32.7-2018-q2-update.win32_1.0.0.201904181610/tools/bin/../lib/gcc/arm-none-eabi/7.3.1/../../../../arm-none-eabi/lib/thumb/v7e-m/fpv4-sp/hard\libc_nano.a(lib_a-memset.o)
                0x000000000800be72                memset
 *fill*         0x000000000800be82        0x2 
 .text._free_r  0x000000000800be84       0x9c c:/st/stm32cubeide_1.1.0/stm32cubeide/plugins/com.st.stm32cube.ide.mcu.externaltools.gnu-tools-for-stm32.7-2018-q2-update.win32_1.0.0.201904181610/tools/bin/../lib/gcc/arm-none-eabi/7.3.1/../../../../arm-none-eabi/lib/thumb/v7e-m/fpv4-sp/hard\libc_nano.a(lib_a-nano-freer.o)
                0x000000000800be84                _free_r
 .text._malloc_r
                0x000000000800bf20       0xb4 c:/st/stm32cubeide_1.1.0/stm32cubeide/plugins/com.st.stm32cube.ide.mcu.externaltools.gnu-tools-for-stm32.7-2018-q2-update.win32_1.0.0.201904181610/tools/bin/../lib/gcc/arm-none-eabi/7.3.1/../../../../arm-none-eabi/lib/thumb/v7e-m/fpv4-sp/hard\libc_nano.a(lib_a-nano-mallocr.o)
                0x000000000800bf20                _malloc_r
 .text._sbrk_r  0x000000000800bfd4       0x20 c:/st/stm32cubeide_1.1.0/stm32cubeide/plugins/com.st.stm32cube.ide.mcu.externaltools.gnu-tools-for-stm32.7-2018-q2-update.win32_1.0.0.201904181610/tools/bin/../lib/gcc/arm-none-eabi/7.3.1/../../../../arm-none-eabi/lib/thumb/v7e-m/fpv4-sp/hard\libc_nano.a(lib_a-sbrkr.o)
                0x000000000800bfd4                _sbrk_r
 .text.__malloc_lock
                0x000000000800bff4        0x2 c:/st/stm32cubeide_1.1.0/stm32cubeide/plugins/com.st.stm32cube.ide.mcu.externaltools.gnu-tools-for-stm32.7-2018-q2-update.win32_1.0.0.201904181610/tools/bin/../lib/gcc/arm-none-eabi/7.3.1/../../../../arm-none-eabi/lib/thumb/v7e-m/fpv4-sp/hard\libc_nano.a(lib_a-mlock.o)
                0x000000000800bff4                __malloc_lock
 .text.__malloc_unlock
                0x000000000800bff6        0x2 c:/st/stm32cubeide_1.1.0/stm32cubeide/plugins/com.st.stm32cube.ide.mcu.externaltools.gnu-tools-for-stm32.7-2018-q2-update.win32_1.0.0.201904181610/tools/bin/../lib/gcc/arm-none-eabi/7.3.1/../../../../arm-none-eabi/lib/thumb/v7e-m/fpv4-sp/hard\libc_nano.a(lib_a-mlock.o)
                0x000000000800bff6                __malloc_unlock
 *(.glue_7)
 .glue_7        0x000000000800bff8        0x0 linker stubs
 *(.glue_7t)
 .glue_7t       0x000000000800bff8        0x0 linker stubs
 *(.eh_frame)
 .eh_frame      0x000000000800bff8        0x0 c:/st/stm32cubeide_1.1.0/stm32cubeide/plugins/com.st.stm32cube.ide.mcu.externaltools.gnu-tools-for-stm32.7-2018-q2-update.win32_1.0.0.201904181610/tools/bin/../lib/gcc/arm-none-eabi/7.3.1/thumb/v7e-m/fpv4-sp/hard/crtbegin.o
 *(.init)
 .init          0x000000000800bff8        0x4 c:/st/stm32cubeide_1.1.0/stm32cubeide/plugins/com.st.stm32cube.ide.mcu.externaltools.gnu-tools-for-stm32.7-2018-q2-update.win32_1.0.0.201904181610/tools/bin/../lib/gcc/arm-none-eabi/7.3.1/thumb/v7e-m/fpv4-sp/hard/crti.o
                0x000000000800bff8                _init
 .init          0x000000000800bffc        0x8 c:/st/stm32cubeide_1.1.0/stm32cubeide/plugins/com.st.stm32cube.ide.mcu.externaltools.gnu-tools-for-stm32.7-2018-q2-update.win32_1.0.0.201904181610/tools/bin/../lib/gcc/arm-none-eabi/7.3.1/thumb/v7e-m/fpv4-sp/hard/crtn.o
 *(.fini)
 .fini          0x000000000800c004        0x4 c:/st/stm32cubeide_1.1.0/stm32cubeide/plugins/com.st.stm32cube.ide.mcu.externaltools.gnu-tools-for-stm32.7-2018-q2-update.win32_1.0.0.201904181610/tools/bin/../lib/gcc/arm-none-eabi/7.3.1/thumb/v7e-m/fpv4-sp/hard/crti.o
                0x000000000800c004                _fini
 .fini          0x000000000800c008        0x8 c:/st/stm32cubeide_1.1.0/stm32cubeide/plugins/com.st.stm32cube.ide.mcu.externaltools.gnu-tools-for-stm32.7-2018-q2-update.win32_1.0.0.201904181610/tools/bin/../lib/gcc/arm-none-eabi/7.3.1/thumb/v7e-m/fpv4-sp/hard/crtn.o
                0x000000000800c010                . = ALIGN (0x4)
                0x000000000800c010                _etext = .

.vfp11_veneer   0x000000000800c010        0x0
 .vfp11_veneer  0x000000000800c010        0x0 linker stubs

.v4_bx          0x000000000800c010        0x0
 .v4_bx         0x000000000800c010        0x0 linker stubs

.iplt           0x000000000800c010        0x0
 .iplt          0x000000000800c010        0x0 c:/st/stm32cubeide_1.1.0/stm32cubeide/plugins/com.st.stm32cube.ide.mcu.externaltools.gnu-tools-for-stm32.7-2018-q2-update.win32_1.0.0.201904181610/tools/bin/../lib/gcc/arm-none-eabi/7.3.1/thumb/v7e-m/fpv4-sp/hard/crtbegin.o

.rodata         0x000000000800c010       0xa4
                0x000000000800c010                . = ALIGN (0x4)
 *(.rodata)
 .rodata        0x000000000800c010       0x2c Core/Src/main.o
 .rodata        0x000000000800c03c        0x5 Middlewares/Third_Party/FreeRTOS/Source/tasks.o
 *fill*         0x000000000800c041        0x3 
 .rodata        0x000000000800c044        0xd Middlewares/Third_Party/FreeRTOS/Source/timers.o
 *fill*         0x000000000800c051        0x3 
 .rodata        0x000000000800c054       0x46 USB_DEVICE/App/usbd_desc.o
 *(.rodata*)
 *fill*         0x000000000800c09a        0x2 
 .rodata.AHBPrescTable
                0x000000000800c09c       0x10 Core/Src/system_stm32f4xx.o
                0x000000000800c09c                AHBPrescTable
 .rodata.APBPrescTable
                0x000000000800c0ac        0x8 Core/Src/system_stm32f4xx.o
                0x000000000800c0ac                APBPrescTable
                0x000000000800c0b4                . = ALIGN (0x4)

.ARM.extab      0x000000000800c0b4        0x0
                0x000000000800c0b4                . = ALIGN (0x4)
 *(.ARM.extab* .gnu.linkonce.armextab.*)
                0x000000000800c0b4                . = ALIGN (0x4)

.ARM            0x000000000800c0b4        0x8
                0x000000000800c0b4                . = ALIGN (0x4)
                0x000000000800c0b4                __exidx_start = .
 *(.ARM.exidx*)
 .ARM.exidx     0x000000000800c0b4        0x8 c:/st/stm32cubeide_1.1.0/stm32cubeide/plugins/com.st.stm32cube.ide.mcu.externaltools.gnu-tools-for-stm32.7-2018-q2-update.win32_1.0.0.201904181610/tools/bin/../lib/gcc/arm-none-eabi/7.3.1/thumb/v7e-m/fpv4-sp/hard\libgcc.a(_udivmoddi4.o)
                0x000000000800c0bc                __exidx_end = .
                0x000000000800c0bc                . = ALIGN (0x4)

.rel.dyn        0x000000000800c0bc        0x0
 .rel.iplt      0x000000000800c0bc        0x0 c:/st/stm32cubeide_1.1.0/stm32cubeide/plugins/com.st.stm32cube.ide.mcu.externaltools.gnu-tools-for-stm32.7-2018-q2-update.win32_1.0.0.201904181610/tools/bin/../lib/gcc/arm-none-eabi/7.3.1/thumb/v7e-m/fpv4-sp/hard/crtbegin.o

.preinit_array  0x000000000800c0bc        0x0
                0x000000000800c0bc                . = ALIGN (0x4)
                0x000000000800c0bc                PROVIDE (__preinit_array_start = .)
 *(.preinit_array*)
                0x000000000800c0bc                PROVIDE (__preinit_array_end = .)
                0x000000000800c0bc                . = ALIGN (0x4)

.init_array     0x000000000800c0bc        0x4
                0x000000000800c0bc                . = ALIGN (0x4)
                0x000000000800c0bc                PROVIDE (__init_array_start = .)
 *(SORT_BY_NAME(.init_array.*))
 *(.init_array*)
 .init_array    0x000000000800c0bc        0x4 c:/st/stm32cubeide_1.1.0/stm32cubeide/plugins/com.st.stm32cube.ide.mcu.externaltools.gnu-tools-for-stm32.7-2018-q2-update.win32_1.0.0.201904181610/tools/bin/../lib/gcc/arm-none-eabi/7.3.1/thumb/v7e-m/fpv4-sp/hard/crtbegin.o
                0x000000000800c0c0                PROVIDE (__init_array_end = .)
                0x000000000800c0c0                . = ALIGN (0x4)

.fini_array     0x000000000800c0c0        0x4
                0x000000000800c0c0                . = ALIGN (0x4)
                [!provide]                        PROVIDE (__fini_array_start = .)
 *(SORT_BY_NAME(.fini_array.*))
 *(.fini_array*)
 .fini_array    0x000000000800c0c0        0x4 c:/st/stm32cubeide_1.1.0/stm32cubeide/plugins/com.st.stm32cube.ide.mcu.externaltools.gnu-tools-for-stm32.7-2018-q2-update.win32_1.0.0.201904181610/tools/bin/../lib/gcc/arm-none-eabi/7.3.1/thumb/v7e-m/fpv4-sp/hard/crtbegin.o
                [!provide]                        PROVIDE (__fini_array_end = .)
                0x000000000800c0c4                . = ALIGN (0x4)
                0x000000000800c0c4                _sidata = LOADADDR (.data)

.data           0x0000000020000000      0x1e0 load address 0x000000000800c0c4
                0x0000000020000000                . = ALIGN (0x4)
                0x0000000020000000                _sdata = .
 *(.data)
 *(.data*)
 .data.SystemCoreClock
                0x0000000020000000        0x4 Core/Src/system_stm32f4xx.o
                0x0000000020000000                SystemCoreClock
 .data.uwTickFreq
                0x0000000020000004        0x1 Drivers/STM32F4xx_HAL_Driver/Src/stm32f4xx_hal.o
                0x0000000020000004                uwTickFreq
 *fill*         0x0000000020000005        0x3 
 .data.USBD_CDC_DeviceQualifierDesc
                0x0000000020000008        0xa Middlewares/ST/STM32_USB_Device_Library/Class/CDC/Src/usbd_cdc.o
 *fill*         0x0000000020000012        0x2 
 .data.USBD_CDC
                0x0000000020000014       0x38 Middlewares/ST/STM32_USB_Device_Library/Class/CDC/Src/usbd_cdc.o
                0x0000000020000014                USBD_CDC
 .data.USBD_CDC_CfgHSDesc
                0x000000002000004c       0x43 Middlewares/ST/STM32_USB_Device_Library/Class/CDC/Src/usbd_cdc.o
                0x000000002000004c                USBD_CDC_CfgHSDesc
 *fill*         0x000000002000008f        0x1 
 .data.USBD_CDC_CfgFSDesc
                0x0000000020000090       0x43 Middlewares/ST/STM32_USB_Device_Library/Class/CDC/Src/usbd_cdc.o
                0x0000000020000090                USBD_CDC_CfgFSDesc
 *fill*         0x00000000200000d3        0x1 
 .data.USBD_CDC_OtherSpeedCfgDesc
                0x00000000200000d4       0x43 Middlewares/ST/STM32_USB_Device_Library/Class/CDC/Src/usbd_cdc.o
                0x00000000200000d4                USBD_CDC_OtherSpeedCfgDesc
 *fill*         0x0000000020000117        0x1 
 .data.uxCriticalNesting
                0x0000000020000118        0x4 Middlewares/Third_Party/FreeRTOS/Source/portable/GCC/ARM_CM4F/port.o
 .data.USBD_Interface_fops_FS
                0x000000002000011c       0x10 USB_DEVICE/App/usbd_cdc_if.o
                0x000000002000011c                USBD_Interface_fops_FS
 .data.FS_Desc  0x000000002000012c       0x1c USB_DEVICE/App/usbd_desc.o
                0x000000002000012c                FS_Desc
 .data.USBD_FS_DeviceDesc
                0x0000000020000148       0x12 USB_DEVICE/App/usbd_desc.o
                0x0000000020000148                USBD_FS_DeviceDesc
 *fill*         0x000000002000015a        0x2 
 .data.USBD_LangIDDesc
                0x000000002000015c        0x4 USB_DEVICE/App/usbd_desc.o
                0x000000002000015c                USBD_LangIDDesc
 .data.USBD_StringSerial
                0x0000000020000160       0x1a USB_DEVICE/App/usbd_desc.o
                0x0000000020000160                USBD_StringSerial
 *fill*         0x000000002000017a        0x2 
 .data._impure_ptr
                0x000000002000017c        0x4 c:/st/stm32cubeide_1.1.0/stm32cubeide/plugins/com.st.stm32cube.ide.mcu.externaltools.gnu-tools-for-stm32.7-2018-q2-update.win32_1.0.0.201904181610/tools/bin/../lib/gcc/arm-none-eabi/7.3.1/../../../../arm-none-eabi/lib/thumb/v7e-m/fpv4-sp/hard\libc_nano.a(lib_a-impure.o)
                0x000000002000017c                _impure_ptr
 .data.impure_data
                0x0000000020000180       0x60 c:/st/stm32cubeide_1.1.0/stm32cubeide/plugins/com.st.stm32cube.ide.mcu.externaltools.gnu-tools-for-stm32.7-2018-q2-update.win32_1.0.0.201904181610/tools/bin/../lib/gcc/arm-none-eabi/7.3.1/../../../../arm-none-eabi/lib/thumb/v7e-m/fpv4-sp/hard\libc_nano.a(lib_a-impure.o)
                0x00000000200001e0                . = ALIGN (0x4)
                0x00000000200001e0                _edata = .

.igot.plt       0x00000000200001e0        0x0 load address 0x000000000800c2a4
 .igot.plt      0x00000000200001e0        0x0 c:/st/stm32cubeide_1.1.0/stm32cubeide/plugins/com.st.stm32cube.ide.mcu.externaltools.gnu-tools-for-stm32.7-2018-q2-update.win32_1.0.0.201904181610/tools/bin/../lib/gcc/arm-none-eabi/7.3.1/thumb/v7e-m/fpv4-sp/hard/crtbegin.o
                0x00000000200001e0                . = ALIGN (0x4)

.bss            0x00000000200001e0     0x6628 load address 0x000000000800c2a4
                0x00000000200001e0                _sbss = .
                0x00000000200001e0                __bss_start__ = _sbss
 *(.bss)
 .bss           0x00000000200001e0       0x1c c:/st/stm32cubeide_1.1.0/stm32cubeide/plugins/com.st.stm32cube.ide.mcu.externaltools.gnu-tools-for-stm32.7-2018-q2-update.win32_1.0.0.201904181610/tools/bin/../lib/gcc/arm-none-eabi/7.3.1/thumb/v7e-m/fpv4-sp/hard/crtbegin.o
 *(.bss*)
 .bss.heap_end.6424
                0x00000000200001fc        0x4 Core/Src/sysmem.o
 .bss.cfgidx.10536
                0x0000000020000200        0x1 Middlewares/ST/STM32_USB_Device_Library/Core/Src/usbd_ctlreq.o
 *fill*         0x0000000020000201        0x3 
 .bss.KernelState
                0x0000000020000204        0x4 Middlewares/Third_Party/FreeRTOS/Source/CMSIS_RTOS_V2/cmsis_os2.o
 .bss.Idle_TCB  0x0000000020000208       0x5c Middlewares/Third_Party/FreeRTOS/Source/CMSIS_RTOS_V2/cmsis_os2.o
 .bss.Idle_Stack
                0x0000000020000264      0x800 Middlewares/Third_Party/FreeRTOS/Source/CMSIS_RTOS_V2/cmsis_os2.o
 .bss.Timer_TCB
                0x0000000020000a64       0x5c Middlewares/Third_Party/FreeRTOS/Source/CMSIS_RTOS_V2/cmsis_os2.o
 .bss.Timer_Stack
                0x0000000020000ac0     0x1000 Middlewares/Third_Party/FreeRTOS/Source/CMSIS_RTOS_V2/cmsis_os2.o
 .bss.pxCurrentTCB
                0x0000000020001ac0        0x4 Middlewares/Third_Party/FreeRTOS/Source/tasks.o
                0x0000000020001ac0                pxCurrentTCB
 .bss.pxReadyTasksLists
                0x0000000020001ac4      0x460 Middlewares/Third_Party/FreeRTOS/Source/tasks.o
 .bss.xDelayedTaskList1
                0x0000000020001f24       0x14 Middlewares/Third_Party/FreeRTOS/Source/tasks.o
 .bss.xDelayedTaskList2
                0x0000000020001f38       0x14 Middlewares/Third_Party/FreeRTOS/Source/tasks.o
 .bss.pxDelayedTaskList
                0x0000000020001f4c        0x4 Middlewares/Third_Party/FreeRTOS/Source/tasks.o
 .bss.pxOverflowDelayedTaskList
                0x0000000020001f50        0x4 Middlewares/Third_Party/FreeRTOS/Source/tasks.o
 .bss.xPendingReadyList
                0x0000000020001f54       0x14 Middlewares/Third_Party/FreeRTOS/Source/tasks.o
 .bss.xTasksWaitingTermination
                0x0000000020001f68       0x14 Middlewares/Third_Party/FreeRTOS/Source/tasks.o
 .bss.uxDeletedTasksWaitingCleanUp
                0x0000000020001f7c        0x4 Middlewares/Third_Party/FreeRTOS/Source/tasks.o
 .bss.xSuspendedTaskList
                0x0000000020001f80       0x14 Middlewares/Third_Party/FreeRTOS/Source/tasks.o
 .bss.uxCurrentNumberOfTasks
                0x0000000020001f94        0x4 Middlewares/Third_Party/FreeRTOS/Source/tasks.o
 .bss.xTickCount
                0x0000000020001f98        0x4 Middlewares/Third_Party/FreeRTOS/Source/tasks.o
 .bss.uxTopReadyPriority
                0x0000000020001f9c        0x4 Middlewares/Third_Party/FreeRTOS/Source/tasks.o
 .bss.xSchedulerRunning
                0x0000000020001fa0        0x4 Middlewares/Third_Party/FreeRTOS/Source/tasks.o
 .bss.uxPendedTicks
                0x0000000020001fa4        0x4 Middlewares/Third_Party/FreeRTOS/Source/tasks.o
 .bss.xYieldPending
                0x0000000020001fa8        0x4 Middlewares/Third_Party/FreeRTOS/Source/tasks.o
 .bss.xNumOfOverflows
                0x0000000020001fac        0x4 Middlewares/Third_Party/FreeRTOS/Source/tasks.o
 .bss.uxTaskNumber
                0x0000000020001fb0        0x4 Middlewares/Third_Party/FreeRTOS/Source/tasks.o
 .bss.xNextTaskUnblockTime
                0x0000000020001fb4        0x4 Middlewares/Third_Party/FreeRTOS/Source/tasks.o
 .bss.xIdleTaskHandle
                0x0000000020001fb8        0x4 Middlewares/Third_Party/FreeRTOS/Source/tasks.o
 .bss.uxSchedulerSuspended
                0x0000000020001fbc        0x4 Middlewares/Third_Party/FreeRTOS/Source/tasks.o
 .bss.xActiveTimerList1
                0x0000000020001fc0       0x14 Middlewares/Third_Party/FreeRTOS/Source/timers.o
 .bss.xActiveTimerList2
                0x0000000020001fd4       0x14 Middlewares/Third_Party/FreeRTOS/Source/timers.o
 .bss.pxCurrentTimerList
                0x0000000020001fe8        0x4 Middlewares/Third_Party/FreeRTOS/Source/timers.o
 .bss.pxOverflowTimerList
                0x0000000020001fec        0x4 Middlewares/Third_Party/FreeRTOS/Source/timers.o
 .bss.xTimerQueue
                0x0000000020001ff0        0x4 Middlewares/Third_Party/FreeRTOS/Source/timers.o
 .bss.xTimerTaskHandle
                0x0000000020001ff4        0x4 Middlewares/Third_Party/FreeRTOS/Source/timers.o
 .bss.xLastTime.6727
                0x0000000020001ff8        0x4 Middlewares/Third_Party/FreeRTOS/Source/timers.o
 .bss.ucStaticTimerQueueStorage.6778
                0x0000000020001ffc       0xa0 Middlewares/Third_Party/FreeRTOS/Source/timers.o
 .bss.xStaticTimerQueue.6777
                0x000000002000209c       0x50 Middlewares/Third_Party/FreeRTOS/Source/timers.o
 .bss.ucMaxSysCallPriority
                0x00000000200020ec        0x1 Middlewares/Third_Party/FreeRTOS/Source/portable/GCC/ARM_CM4F/port.o
 *fill*         0x00000000200020ed        0x3 
 .bss.ulMaxPRIGROUPValue
                0x00000000200020f0        0x4 Middlewares/Third_Party/FreeRTOS/Source/portable/GCC/ARM_CM4F/port.o
 .bss.ucHeap    0x00000000200020f4     0x3c00 Middlewares/Third_Party/FreeRTOS/Source/portable/MemMang/heap_4.o
 .bss.xStart    0x0000000020005cf4        0x8 Middlewares/Third_Party/FreeRTOS/Source/portable/MemMang/heap_4.o
 .bss.pxEnd     0x0000000020005cfc        0x4 Middlewares/Third_Party/FreeRTOS/Source/portable/MemMang/heap_4.o
 .bss.xFreeBytesRemaining
                0x0000000020005d00        0x4 Middlewares/Third_Party/FreeRTOS/Source/portable/MemMang/heap_4.o
 .bss.xMinimumEverFreeBytesRemaining
                0x0000000020005d04        0x4 Middlewares/Third_Party/FreeRTOS/Source/portable/MemMang/heap_4.o
 .bss.xBlockAllocatedBit
                0x0000000020005d08        0x4 Middlewares/Third_Party/FreeRTOS/Source/portable/MemMang/heap_4.o
 .bss.__malloc_free_list
                0x0000000020005d0c        0x4 c:/st/stm32cubeide_1.1.0/stm32cubeide/plugins/com.st.stm32cube.ide.mcu.externaltools.gnu-tools-for-stm32.7-2018-q2-update.win32_1.0.0.201904181610/tools/bin/../lib/gcc/arm-none-eabi/7.3.1/../../../../arm-none-eabi/lib/thumb/v7e-m/fpv4-sp/hard\libc_nano.a(lib_a-nano-mallocr.o)
                0x0000000020005d0c                __malloc_free_list
 .bss.__malloc_sbrk_start
                0x0000000020005d10        0x4 c:/st/stm32cubeide_1.1.0/stm32cubeide/plugins/com.st.stm32cube.ide.mcu.externaltools.gnu-tools-for-stm32.7-2018-q2-update.win32_1.0.0.201904181610/tools/bin/../lib/gcc/arm-none-eabi/7.3.1/../../../../arm-none-eabi/lib/thumb/v7e-m/fpv4-sp/hard\libc_nano.a(lib_a-nano-mallocr.o)
                0x0000000020005d10                __malloc_sbrk_start
 *(COMMON)
 COMMON         0x0000000020005d14      0x148 Core/Src/main.o
                0x0000000020005d14                trilateracijaHandle
                0x0000000020005d18                hi2c1
                0x0000000020005d6c                pilotiranjeHandle
                0x0000000020005d70                merjenjeNagibaHandle
                0x0000000020005d74                hspi1
                0x0000000020005dcc                hi2s2
                0x0000000020005e14                hi2s3
 COMMON         0x0000000020005e5c       0x40 Core/Src/stm32f4xx_hal_timebase_tim.o
                0x0000000020005e5c                htim10
 COMMON         0x0000000020005e9c        0x4 Drivers/STM32F4xx_HAL_Driver/Src/stm32f4xx_hal.o
                0x0000000020005e9c                uwTick
 COMMON         0x0000000020005ea0       0x40 Middlewares/Third_Party/FreeRTOS/Source/queue.o
                0x0000000020005ea0                xQueueRegistry
 COMMON         0x0000000020005ee0      0x29c USB_DEVICE/App/usb_device.o
                0x0000000020005ee0                hUsbDeviceFS
 COMMON         0x000000002000617c       0x80 USB_DEVICE/App/usbd_cdc_if.o
                0x000000002000617c                UserRxBufferFS
                0x00000000200061bc                UserTxBufferFS
 COMMON         0x00000000200061fc      0x200 USB_DEVICE/App/usbd_desc.o
                0x00000000200061fc                USBD_StrDesc
 COMMON         0x00000000200063fc      0x408 USB_DEVICE/Target/usbd_conf.o
                0x00000000200063fc                hpcd_USB_OTG_FS
 COMMON         0x0000000020006804        0x4 c:/st/stm32cubeide_1.1.0/stm32cubeide/plugins/com.st.stm32cube.ide.mcu.externaltools.gnu-tools-for-stm32.7-2018-q2-update.win32_1.0.0.201904181610/tools/bin/../lib/gcc/arm-none-eabi/7.3.1/../../../../arm-none-eabi/lib/thumb/v7e-m/fpv4-sp/hard\libc_nano.a(lib_a-reent.o)
                0x0000000020006804                errno
                0x0000000020006808                . = ALIGN (0x4)
                0x0000000020006808                _ebss = .
                0x0000000020006808                __bss_end__ = _ebss

._user_heap_stack
                0x0000000020006808      0x600 load address 0x000000000800c2a4
                0x0000000020006808                . = ALIGN (0x8)
                0x0000000020006808                PROVIDE (end = .)
                [!provide]                        PROVIDE (_end = .)
                0x0000000020006a08                . = (. + _Min_Heap_Size)
 *fill*         0x0000000020006808      0x200 
                0x0000000020006e08                . = (. + _Min_Stack_Size)
 *fill*         0x0000000020006a08      0x400 
                0x0000000020006e08                . = ALIGN (0x8)

/DISCARD/
 libc.a(*)
 libm.a(*)
 libgcc.a(*)

.ARM.attributes
                0x0000000000000000       0x30
 *(.ARM.attributes)
 .ARM.attributes
                0x0000000000000000       0x22 c:/st/stm32cubeide_1.1.0/stm32cubeide/plugins/com.st.stm32cube.ide.mcu.externaltools.gnu-tools-for-stm32.7-2018-q2-update.win32_1.0.0.201904181610/tools/bin/../lib/gcc/arm-none-eabi/7.3.1/thumb/v7e-m/fpv4-sp/hard/crti.o
 .ARM.attributes
                0x0000000000000022       0x34 c:/st/stm32cubeide_1.1.0/stm32cubeide/plugins/com.st.stm32cube.ide.mcu.externaltools.gnu-tools-for-stm32.7-2018-q2-update.win32_1.0.0.201904181610/tools/bin/../lib/gcc/arm-none-eabi/7.3.1/thumb/v7e-m/fpv4-sp/hard/crtbegin.o
 .ARM.attributes
                0x0000000000000056       0x39 Core/Src/main.o
 .ARM.attributes
                0x000000000000008f       0x39 Core/Src/stm32f4xx_hal_msp.o
 .ARM.attributes
                0x00000000000000c8       0x39 Core/Src/stm32f4xx_hal_timebase_tim.o
 .ARM.attributes
                0x0000000000000101       0x39 Core/Src/stm32f4xx_it.o
 .ARM.attributes
                0x000000000000013a       0x39 Core/Src/sysmem.o
 .ARM.attributes
                0x0000000000000173       0x39 Core/Src/system_stm32f4xx.o
 .ARM.attributes
                0x00000000000001ac       0x21 Core/Startup/startup_stm32f411vetx.o
 .ARM.attributes
                0x00000000000001cd       0x39 Drivers/STM32F4xx_HAL_Driver/Src/stm32f4xx_hal.o
 .ARM.attributes
                0x0000000000000206       0x39 Drivers/STM32F4xx_HAL_Driver/Src/stm32f4xx_hal_cortex.o
 .ARM.attributes
                0x000000000000023f       0x39 Drivers/STM32F4xx_HAL_Driver/Src/stm32f4xx_hal_gpio.o
 .ARM.attributes
                0x0000000000000278       0x39 Drivers/STM32F4xx_HAL_Driver/Src/stm32f4xx_hal_i2c.o
 .ARM.attributes
                0x00000000000002b1       0x39 Drivers/STM32F4xx_HAL_Driver/Src/stm32f4xx_hal_i2s.o
 .ARM.attributes
                0x00000000000002ea       0x39 Drivers/STM32F4xx_HAL_Driver/Src/stm32f4xx_hal_i2s_ex.o
 .ARM.attributes
                0x0000000000000323       0x39 Drivers/STM32F4xx_HAL_Driver/Src/stm32f4xx_hal_pcd.o
 .ARM.attributes
                0x000000000000035c       0x39 Drivers/STM32F4xx_HAL_Driver/Src/stm32f4xx_hal_pcd_ex.o
 .ARM.attributes
                0x0000000000000395       0x39 Drivers/STM32F4xx_HAL_Driver/Src/stm32f4xx_hal_rcc.o
 .ARM.attributes
                0x00000000000003ce       0x39 Drivers/STM32F4xx_HAL_Driver/Src/stm32f4xx_hal_rcc_ex.o
 .ARM.attributes
                0x0000000000000407       0x39 Drivers/STM32F4xx_HAL_Driver/Src/stm32f4xx_hal_spi.o
 .ARM.attributes
                0x0000000000000440       0x39 Drivers/STM32F4xx_HAL_Driver/Src/stm32f4xx_hal_tim.o
 .ARM.attributes
                0x0000000000000479       0x39 Drivers/STM32F4xx_HAL_Driver/Src/stm32f4xx_hal_tim_ex.o
 .ARM.attributes
                0x00000000000004b2       0x39 Drivers/STM32F4xx_HAL_Driver/Src/stm32f4xx_ll_usb.o
 .ARM.attributes