main.c:83:9:spi1_beriRegister	32	static
main.c:94:6:spi1_pisiRegister	24	static
main.c:102:6:spi1_beriRegistre	16	static
main.c:110:6:initL3GD20	16	static
main.c:119:9:i2c1_pisiRegister	32	static
main.c:125:6:i2c1_beriRegistre	32	static
main.c:134:6:initLSM303DLHC	8	static
main.c:145:5:main	120	static
main.c:238:6:SystemClock_Config	112	static
main.c:286:13:MX_I2C1_Init	8	static
main.c:318:13:MX_I2S2_Init	8	static
main.c:350:13:MX_I2S3_Init	8	static
main.c:382:13:MX_SPI1_Init	8	static
main.c:418:13:MX_GPIO_Init	56	static
main.c:500:6:StartMerjenjeNagiba	48	dynamic
main.c:531:6:StartTrilateracija	16	static
main.c:547:6:StartPilotiranje	16	static
main.c:564:6:HAL_TIM_PeriodElapsedCallback	16	static
main.c:580:6:Error_Handler	4	static
