main.c:84:9:spi1_beriRegister	32	static
main.c:95:6:spi1_pisiRegister	24	static
main.c:103:6:spi1_beriRegistre	16	static
main.c:111:6:initL3GD20	16	static
main.c:120:9:i2c1_pisiRegister	32	static
main.c:126:6:i2c1_beriRegistre	32	static
main.c:135:6:initLSM303DLHC	8	static
main.c:146:5:main	120	static
main.c:239:6:SystemClock_Config	112	static
main.c:287:13:MX_I2C1_Init	8	static
main.c:319:13:MX_I2S2_Init	8	static
main.c:351:13:MX_I2S3_Init	8	static
main.c:383:13:MX_SPI1_Init	8	static
main.c:419:13:MX_GPIO_Init	56	static
main.c:501:6:StartMerjenjeNagiba	56	dynamic
main.c:539:6:StartTrilateracija	16	static
main.c:555:6:StartPilotiranje	16	static
main.c:572:6:HAL_TIM_PeriodElapsedCallback	16	static
main.c:588:6:Error_Handler	4	static
